running develop
running egg_info
writing my_robot_controller.egg-info/PKG-INFO
writing dependency_links to my_robot_controller.egg-info/dependency_links.txt
writing entry points to my_robot_controller.egg-info/entry_points.txt
writing requirements to my_robot_controller.egg-info/requires.txt
writing top-level names to my_robot_controller.egg-info/top_level.txt
reading manifest file 'my_robot_controller.egg-info/SOURCES.txt'
writing manifest file 'my_robot_controller.egg-info/SOURCES.txt'
running build_ext
Creating /workspaces/F1Tenth_Team_Clutch/CDC-2024-FIRST/install/my_robot_controller/lib/python3.10/site-packages/my-robot-controller.egg-link (link to .)
Installing draw_circle script to /workspaces/F1Tenth_Team_Clutch/CDC-2024-FIRST/install/my_robot_controller/lib/my_robot_controller
Installing drive_vehicle1 script to /workspaces/F1Tenth_Team_Clutch/CDC-2024-FIRST/install/my_robot_controller/lib/my_robot_controller
Installing drive_vehicle2 script to /workspaces/F1Tenth_Team_Clutch/CDC-2024-FIRST/install/my_robot_controller/lib/my_robot_controller
Installing drive_vehicle3 script to /workspaces/F1Tenth_Team_Clutch/CDC-2024-FIRST/install/my_robot_controller/lib/my_robot_controller
Installing my_subscriber_node script to /workspaces/F1Tenth_Team_Clutch/CDC-2024-FIRST/install/my_robot_controller/lib/my_robot_controller
Installing new_bridge script to /workspaces/F1Tenth_Team_Clutch/CDC-2024-FIRST/install/my_robot_controller/lib/my_robot_controller
Installing test_node script to /workspaces/F1Tenth_Team_Clutch/CDC-2024-FIRST/install/my_robot_controller/lib/my_robot_controller

Installed /workspaces/F1Tenth_Team_Clutch/CDC-2024-FIRST/build/my_robot_controller
running symlink_data
