[0.479s] Invoking command in '/workspaces/F1Tenth_Team_Clutch/CDC-2024-FIRST/src/my_robot_controller': PYTHONPATH=/workspaces/F1Tenth_Team_Clutch/CDC-2024-FIRST/src/build/my_robot_controller/prefix_override:/usr/lib/python3/dist-packages/colcon_core/task/python/colcon_distutils_commands:/workspaces/F1Tenth_Team_Clutch/CDC-2024-FIRST/src/install/my_robot_controller/lib/python3.10/site-packages: /usr/bin/python3 -W ignore:setup.py install is deprecated setup.py egg_info --egg-base ../build/my_robot_controller build --build-base /workspaces/F1Tenth_Team_Clutch/CDC-2024-FIRST/src/build/my_robot_controller/build install --record /workspaces/F1Tenth_Team_Clutch/CDC-2024-FIRST/src/build/my_robot_controller/install.log --single-version-externally-managed install_data
[0.655s] running egg_info
[0.656s] creating ../build/my_robot_controller/my_robot_controller.egg-info
[0.657s] writing ../build/my_robot_controller/my_robot_controller.egg-info/PKG-INFO
[0.657s] writing dependency_links to ../build/my_robot_controller/my_robot_controller.egg-info/dependency_links.txt
[0.657s] writing entry points to ../build/my_robot_controller/my_robot_controller.egg-info/entry_points.txt
[0.657s] writing requirements to ../build/my_robot_controller/my_robot_controller.egg-info/requires.txt
[0.657s] writing top-level names to ../build/my_robot_controller/my_robot_controller.egg-info/top_level.txt
[0.657s] writing manifest file '../build/my_robot_controller/my_robot_controller.egg-info/SOURCES.txt'
[0.659s] reading manifest file '../build/my_robot_controller/my_robot_controller.egg-info/SOURCES.txt'
[0.660s] writing manifest file '../build/my_robot_controller/my_robot_controller.egg-info/SOURCES.txt'
[0.660s] running build
[0.660s] running build_py
[0.660s] creating /workspaces/F1Tenth_Team_Clutch/CDC-2024-FIRST/src/build/my_robot_controller/build
[0.660s] creating /workspaces/F1Tenth_Team_Clutch/CDC-2024-FIRST/src/build/my_robot_controller/build/lib
[0.660s] creating /workspaces/F1Tenth_Team_Clutch/CDC-2024-FIRST/src/build/my_robot_controller/build/lib/my_robot_controller
[0.660s] copying my_robot_controller/ new_bridge.py -> /workspaces/F1Tenth_Team_Clutch/CDC-2024-FIRST/src/build/my_robot_controller/build/lib/my_robot_controller
[0.661s] copying my_robot_controller/drive_vehicle1.py -> /workspaces/F1Tenth_Team_Clutch/CDC-2024-FIRST/src/build/my_robot_controller/build/lib/my_robot_controller
[0.661s] copying my_robot_controller/draw_circle.py -> /workspaces/F1Tenth_Team_Clutch/CDC-2024-FIRST/src/build/my_robot_controller/build/lib/my_robot_controller
[0.661s] copying my_robot_controller/drive_vehicle3.py -> /workspaces/F1Tenth_Team_Clutch/CDC-2024-FIRST/src/build/my_robot_controller/build/lib/my_robot_controller
[0.661s] copying my_robot_controller/__init__.py -> /workspaces/F1Tenth_Team_Clutch/CDC-2024-FIRST/src/build/my_robot_controller/build/lib/my_robot_controller
[0.661s] copying my_robot_controller/drive_vehicle2.py -> /workspaces/F1Tenth_Team_Clutch/CDC-2024-FIRST/src/build/my_robot_controller/build/lib/my_robot_controller
[0.661s] copying my_robot_controller/my_subscriber_node copy.py -> /workspaces/F1Tenth_Team_Clutch/CDC-2024-FIRST/src/build/my_robot_controller/build/lib/my_robot_controller
[0.661s] copying my_robot_controller/my_first_node.py -> /workspaces/F1Tenth_Team_Clutch/CDC-2024-FIRST/src/build/my_robot_controller/build/lib/my_robot_controller
[0.661s] copying my_robot_controller/teleop_keyboard.py -> /workspaces/F1Tenth_Team_Clutch/CDC-2024-FIRST/src/build/my_robot_controller/build/lib/my_robot_controller
[0.661s] copying my_robot_controller/my_subscriber_node.py -> /workspaces/F1Tenth_Team_Clutch/CDC-2024-FIRST/src/build/my_robot_controller/build/lib/my_robot_controller
[0.661s] running install
[0.662s] running install_lib
[0.663s] creating /workspaces/F1Tenth_Team_Clutch/CDC-2024-FIRST/src/install/my_robot_controller/lib/python3.10/site-packages/my_robot_controller
[0.663s] copying /workspaces/F1Tenth_Team_Clutch/CDC-2024-FIRST/src/build/my_robot_controller/build/lib/my_robot_controller/ new_bridge.py -> /workspaces/F1Tenth_Team_Clutch/CDC-2024-FIRST/src/install/my_robot_controller/lib/python3.10/site-packages/my_robot_controller
[0.663s] copying /workspaces/F1Tenth_Team_Clutch/CDC-2024-FIRST/src/build/my_robot_controller/build/lib/my_robot_controller/drive_vehicle1.py -> /workspaces/F1Tenth_Team_Clutch/CDC-2024-FIRST/src/install/my_robot_controller/lib/python3.10/site-packages/my_robot_controller
[0.663s] copying /workspaces/F1Tenth_Team_Clutch/CDC-2024-FIRST/src/build/my_robot_controller/build/lib/my_robot_controller/draw_circle.py -> /workspaces/F1Tenth_Team_Clutch/CDC-2024-FIRST/src/install/my_robot_controller/lib/python3.10/site-packages/my_robot_controller
[0.663s] copying /workspaces/F1Tenth_Team_Clutch/CDC-2024-FIRST/src/build/my_robot_controller/build/lib/my_robot_controller/drive_vehicle3.py -> /workspaces/F1Tenth_Team_Clutch/CDC-2024-FIRST/src/install/my_robot_controller/lib/python3.10/site-packages/my_robot_controller
[0.663s] copying /workspaces/F1Tenth_Team_Clutch/CDC-2024-FIRST/src/build/my_robot_controller/build/lib/my_robot_controller/__init__.py -> /workspaces/F1Tenth_Team_Clutch/CDC-2024-FIRST/src/install/my_robot_controller/lib/python3.10/site-packages/my_robot_controller
[0.663s] copying /workspaces/F1Tenth_Team_Clutch/CDC-2024-FIRST/src/build/my_robot_controller/build/lib/my_robot_controller/drive_vehicle2.py -> /workspaces/F1Tenth_Team_Clutch/CDC-2024-FIRST/src/install/my_robot_controller/lib/python3.10/site-packages/my_robot_controller
[0.663s] copying /workspaces/F1Tenth_Team_Clutch/CDC-2024-FIRST/src/build/my_robot_controller/build/lib/my_robot_controller/my_subscriber_node copy.py -> /workspaces/F1Tenth_Team_Clutch/CDC-2024-FIRST/src/install/my_robot_controller/lib/python3.10/site-packages/my_robot_controller
[0.663s] copying /workspaces/F1Tenth_Team_Clutch/CDC-2024-FIRST/src/build/my_robot_controller/build/lib/my_robot_controller/my_first_node.py -> /workspaces/F1Tenth_Team_Clutch/CDC-2024-FIRST/src/install/my_robot_controller/lib/python3.10/site-packages/my_robot_controller
[0.663s] copying /workspaces/F1Tenth_Team_Clutch/CDC-2024-FIRST/src/build/my_robot_controller/build/lib/my_robot_controller/teleop_keyboard.py -> /workspaces/F1Tenth_Team_Clutch/CDC-2024-FIRST/src/install/my_robot_controller/lib/python3.10/site-packages/my_robot_controller
[0.663s] copying /workspaces/F1Tenth_Team_Clutch/CDC-2024-FIRST/src/build/my_robot_controller/build/lib/my_robot_controller/my_subscriber_node.py -> /workspaces/F1Tenth_Team_Clutch/CDC-2024-FIRST/src/install/my_robot_controller/lib/python3.10/site-packages/my_robot_controller
[0.664s] byte-compiling /workspaces/F1Tenth_Team_Clutch/CDC-2024-FIRST/src/install/my_robot_controller/lib/python3.10/site-packages/my_robot_controller/ new_bridge.py to  new_bridge.cpython-310.pyc
[0.665s] byte-compiling /workspaces/F1Tenth_Team_Clutch/CDC-2024-FIRST/src/install/my_robot_controller/lib/python3.10/site-packages/my_robot_controller/drive_vehicle1.py to drive_vehicle1.cpython-310.pyc
[0.665s] byte-compiling /workspaces/F1Tenth_Team_Clutch/CDC-2024-FIRST/src/install/my_robot_controller/lib/python3.10/site-packages/my_robot_controller/draw_circle.py to draw_circle.cpython-310.pyc
[0.665s] byte-compiling /workspaces/F1Tenth_Team_Clutch/CDC-2024-FIRST/src/install/my_robot_controller/lib/python3.10/site-packages/my_robot_controller/drive_vehicle3.py to drive_vehicle3.cpython-310.pyc
[0.666s] byte-compiling /workspaces/F1Tenth_Team_Clutch/CDC-2024-FIRST/src/install/my_robot_controller/lib/python3.10/site-packages/my_robot_controller/__init__.py to __init__.cpython-310.pyc
[0.666s] byte-compiling /workspaces/F1Tenth_Team_Clutch/CDC-2024-FIRST/src/install/my_robot_controller/lib/python3.10/site-packages/my_robot_controller/drive_vehicle2.py to drive_vehicle2.cpython-310.pyc
[0.667s] byte-compiling /workspaces/F1Tenth_Team_Clutch/CDC-2024-FIRST/src/install/my_robot_controller/lib/python3.10/site-packages/my_robot_controller/my_subscriber_node copy.py to my_subscriber_node copy.cpython-310.pyc
[0.667s] byte-compiling /workspaces/F1Tenth_Team_Clutch/CDC-2024-FIRST/src/install/my_robot_controller/lib/python3.10/site-packages/my_robot_controller/my_first_node.py to my_first_node.cpython-310.pyc
[0.667s] byte-compiling /workspaces/F1Tenth_Team_Clutch/CDC-2024-FIRST/src/install/my_robot_controller/lib/python3.10/site-packages/my_robot_controller/teleop_keyboard.py to teleop_keyboard.cpython-310.pyc
[0.668s] byte-compiling /workspaces/F1Tenth_Team_Clutch/CDC-2024-FIRST/src/install/my_robot_controller/lib/python3.10/site-packages/my_robot_controller/my_subscriber_node.py to my_subscriber_node.cpython-310.pyc
[0.668s] running install_data
[0.668s] creating /workspaces/F1Tenth_Team_Clutch/CDC-2024-FIRST/src/install/my_robot_controller/share/ament_index
[0.669s] creating /workspaces/F1Tenth_Team_Clutch/CDC-2024-FIRST/src/install/my_robot_controller/share/ament_index/resource_index
[0.669s] creating /workspaces/F1Tenth_Team_Clutch/CDC-2024-FIRST/src/install/my_robot_controller/share/ament_index/resource_index/packages
[0.669s] copying resource/my_robot_controller -> /workspaces/F1Tenth_Team_Clutch/CDC-2024-FIRST/src/install/my_robot_controller/share/ament_index/resource_index/packages
[0.669s] copying package.xml -> /workspaces/F1Tenth_Team_Clutch/CDC-2024-FIRST/src/install/my_robot_controller/share/my_robot_controller
[0.669s] running install_egg_info
[0.670s] Copying ../build/my_robot_controller/my_robot_controller.egg-info to /workspaces/F1Tenth_Team_Clutch/CDC-2024-FIRST/src/install/my_robot_controller/lib/python3.10/site-packages/my_robot_controller-0.0.0-py3.10.egg-info
[0.670s] running install_scripts
[0.691s] Installing draw_circle script to /workspaces/F1Tenth_Team_Clutch/CDC-2024-FIRST/src/install/my_robot_controller/lib/my_robot_controller
[0.691s] Installing drive_vehicle1 script to /workspaces/F1Tenth_Team_Clutch/CDC-2024-FIRST/src/install/my_robot_controller/lib/my_robot_controller
[0.691s] Installing drive_vehicle2 script to /workspaces/F1Tenth_Team_Clutch/CDC-2024-FIRST/src/install/my_robot_controller/lib/my_robot_controller
[0.691s] Installing drive_vehicle3 script to /workspaces/F1Tenth_Team_Clutch/CDC-2024-FIRST/src/install/my_robot_controller/lib/my_robot_controller
[0.691s] Installing my_subscriber_node script to /workspaces/F1Tenth_Team_Clutch/CDC-2024-FIRST/src/install/my_robot_controller/lib/my_robot_controller
[0.691s] Installing new_bridge script to /workspaces/F1Tenth_Team_Clutch/CDC-2024-FIRST/src/install/my_robot_controller/lib/my_robot_controller
[0.691s] Installing test_node script to /workspaces/F1Tenth_Team_Clutch/CDC-2024-FIRST/src/install/my_robot_controller/lib/my_robot_controller
[0.691s] writing list of installed files to '/workspaces/F1Tenth_Team_Clutch/CDC-2024-FIRST/src/build/my_robot_controller/install.log'
[0.737s] Invoked command in '/workspaces/F1Tenth_Team_Clutch/CDC-2024-FIRST/src/my_robot_controller' returned '0': PYTHONPATH=/workspaces/F1Tenth_Team_Clutch/CDC-2024-FIRST/src/build/my_robot_controller/prefix_override:/usr/lib/python3/dist-packages/colcon_core/task/python/colcon_distutils_commands:/workspaces/F1Tenth_Team_Clutch/CDC-2024-FIRST/src/install/my_robot_controller/lib/python3.10/site-packages: /usr/bin/python3 -W ignore:setup.py install is deprecated setup.py egg_info --egg-base ../build/my_robot_controller build --build-base /workspaces/F1Tenth_Team_Clutch/CDC-2024-FIRST/src/build/my_robot_controller/build install --record /workspaces/F1Tenth_Team_Clutch/CDC-2024-FIRST/src/build/my_robot_controller/install.log --single-version-externally-managed install_data
