[0.165s] DEBUG:colcon:Command line arguments: ['/usr/bin/colcon', 'build']
[0.166s] DEBUG:colcon:Parsed command line arguments: Namespace(log_base=None, log_level=None, verb_name='build', build_base='build', install_base='install', merge_install=False, symlink_install=False, test_result_base=None, continue_on_error=False, executor='parallel', parallel_workers=8, event_handlers=None, ignore_user_meta=False, metas=['./colcon.meta'], base_paths=['.'], packages_ignore=None, packages_ignore_regex=None, paths=None, packages_up_to=None, packages_up_to_regex=None, packages_above=None, packages_above_and_dependencies=None, packages_above_depth=None, packages_select_by_dep=None, packages_skip_by_dep=None, packages_skip_up_to=None, packages_select_build_failed=False, packages_skip_build_finished=False, packages_select_test_failures=False, packages_skip_test_passed=False, packages_select=None, packages_skip=None, packages_select_regex=None, packages_skip_regex=None, packages_start=None, packages_end=None, cmake_args=None, cmake_target=None, cmake_target_skip_unavailable=False, cmake_clean_cache=False, cmake_clean_first=False, cmake_force_configure=False, ament_cmake_args=None, catkin_cmake_args=None, catkin_skip_building_tests=False, mixin_files=None, mixin=None, verb_parser=<colcon_mixin.mixin.mixin_argument.MixinArgumentDecorator object at 0xc0828630820>, verb_extension=<colcon_core.verb.build.BuildVerb object at 0xc0828630250>, main=<bound method BuildVerb.main of <colcon_core.verb.build.BuildVerb object at 0xc0828630250>>, mixin_verb=('build',))
[0.270s] Level 1:colcon.colcon_core.package_discovery:discover_packages(colcon_meta) check parameters
[0.271s] INFO:colcon.colcon_metadata.package_discovery.colcon_meta:Using configuration from '/root/.colcon/metadata/default/Gazebo.meta'
[0.271s] INFO:colcon.colcon_metadata.package_discovery.colcon_meta:Using configuration from '/root/.colcon/metadata/default/fastrtps.meta'
[0.272s] Level 1:colcon.colcon_core.package_discovery:discover_packages(recursive) check parameters
[0.272s] Level 1:colcon.colcon_core.package_discovery:discover_packages(ignore) check parameters
[0.272s] Level 1:colcon.colcon_core.package_discovery:discover_packages(path) check parameters
[0.272s] Level 1:colcon.colcon_core.package_discovery:discover_packages(colcon_meta) discover
[0.272s] Level 1:colcon.colcon_core.package_discovery:discover_packages(recursive) discover
[0.272s] INFO:colcon.colcon_core.package_discovery:Crawling recursively for packages in '/workspaces/F1Tenth_Team_Clutch/CDC-2024-FIRST'
[0.272s] Level 1:colcon.colcon_core.package_identification:_identify(.) by extensions ['ignore', 'ignore_ament_install']
[0.272s] Level 1:colcon.colcon_core.package_identification:_identify(.) by extension 'ignore'
[0.272s] Level 1:colcon.colcon_core.package_identification:_identify(.) by extension 'ignore_ament_install'
[0.272s] Level 1:colcon.colcon_core.package_identification:_identify(.) by extensions ['colcon_pkg']
[0.272s] Level 1:colcon.colcon_core.package_identification:_identify(.) by extension 'colcon_pkg'
[0.272s] Level 1:colcon.colcon_core.package_identification:_identify(.) by extensions ['colcon_meta']
[0.272s] Level 1:colcon.colcon_core.package_identification:_identify(.) by extension 'colcon_meta'
[0.272s] Level 1:colcon.colcon_core.package_identification:_identify(.) by extensions ['ros']
[0.272s] Level 1:colcon.colcon_core.package_identification:_identify(.) by extension 'ros'
[0.283s] Level 1:colcon.colcon_core.package_identification:_identify(.) by extensions ['cmake', 'python']
[0.283s] Level 1:colcon.colcon_core.package_identification:_identify(.) by extension 'cmake'
[0.283s] Level 1:colcon.colcon_core.package_identification:_identify(.) by extension 'python'
[0.283s] Level 1:colcon.colcon_core.package_identification:_identify(.) by extensions ['python_setup_py']
[0.283s] Level 1:colcon.colcon_core.package_identification:_identify(.) by extension 'python_setup_py'
[0.283s] Level 1:colcon.colcon_core.package_identification:_identify(build) by extensions ['ignore', 'ignore_ament_install']
[0.284s] Level 1:colcon.colcon_core.package_identification:_identify(build) by extension 'ignore'
[0.284s] Level 1:colcon.colcon_core.package_identification:_identify(build) ignored
[0.284s] Level 1:colcon.colcon_core.package_identification:_identify(install) by extensions ['ignore', 'ignore_ament_install']
[0.284s] Level 1:colcon.colcon_core.package_identification:_identify(install) by extension 'ignore'
[0.284s] Level 1:colcon.colcon_core.package_identification:_identify(install) ignored
[0.284s] Level 1:colcon.colcon_core.package_identification:_identify(log) by extensions ['ignore', 'ignore_ament_install']
[0.284s] Level 1:colcon.colcon_core.package_identification:_identify(log) by extension 'ignore'
[0.285s] Level 1:colcon.colcon_core.package_identification:_identify(log) ignored
[0.285s] Level 1:colcon.colcon_core.package_identification:_identify(src) by extensions ['ignore', 'ignore_ament_install']
[0.285s] Level 1:colcon.colcon_core.package_identification:_identify(src) by extension 'ignore'
[0.285s] Level 1:colcon.colcon_core.package_identification:_identify(src) by extension 'ignore_ament_install'
[0.285s] Level 1:colcon.colcon_core.package_identification:_identify(src) by extensions ['colcon_pkg']
[0.285s] Level 1:colcon.colcon_core.package_identification:_identify(src) by extension 'colcon_pkg'
[0.285s] Level 1:colcon.colcon_core.package_identification:_identify(src) by extensions ['colcon_meta']
[0.285s] Level 1:colcon.colcon_core.package_identification:_identify(src) by extension 'colcon_meta'
[0.285s] Level 1:colcon.colcon_core.package_identification:_identify(src) by extensions ['ros']
[0.285s] Level 1:colcon.colcon_core.package_identification:_identify(src) by extension 'ros'
[0.285s] Level 1:colcon.colcon_core.package_identification:_identify(src) by extensions ['cmake', 'python']
[0.285s] Level 1:colcon.colcon_core.package_identification:_identify(src) by extension 'cmake'
[0.285s] Level 1:colcon.colcon_core.package_identification:_identify(src) by extension 'python'
[0.285s] Level 1:colcon.colcon_core.package_identification:_identify(src) by extensions ['python_setup_py']
[0.285s] Level 1:colcon.colcon_core.package_identification:_identify(src) by extension 'python_setup_py'
[0.285s] Level 1:colcon.colcon_core.package_identification:_identify(src/build) by extensions ['ignore', 'ignore_ament_install']
[0.285s] Level 1:colcon.colcon_core.package_identification:_identify(src/build) by extension 'ignore'
[0.285s] Level 1:colcon.colcon_core.package_identification:_identify(src/build) ignored
[0.285s] Level 1:colcon.colcon_core.package_identification:_identify(src/install) by extensions ['ignore', 'ignore_ament_install']
[0.286s] Level 1:colcon.colcon_core.package_identification:_identify(src/install) by extension 'ignore'
[0.286s] Level 1:colcon.colcon_core.package_identification:_identify(src/install) ignored
[0.286s] Level 1:colcon.colcon_core.package_identification:_identify(src/log) by extensions ['ignore', 'ignore_ament_install']
[0.286s] Level 1:colcon.colcon_core.package_identification:_identify(src/log) by extension 'ignore'
[0.286s] Level 1:colcon.colcon_core.package_identification:_identify(src/log) ignored
[0.286s] Level 1:colcon.colcon_core.package_identification:_identify(src/my_robot_package) by extensions ['ignore', 'ignore_ament_install']
[0.286s] Level 1:colcon.colcon_core.package_identification:_identify(src/my_robot_package) by extension 'ignore'
[0.286s] Level 1:colcon.colcon_core.package_identification:_identify(src/my_robot_package) by extension 'ignore_ament_install'
[0.286s] Level 1:colcon.colcon_core.package_identification:_identify(src/my_robot_package) by extensions ['colcon_pkg']
[0.286s] Level 1:colcon.colcon_core.package_identification:_identify(src/my_robot_package) by extension 'colcon_pkg'
[0.286s] Level 1:colcon.colcon_core.package_identification:_identify(src/my_robot_package) by extensions ['colcon_meta']
[0.286s] Level 1:colcon.colcon_core.package_identification:_identify(src/my_robot_package) by extension 'colcon_meta'
[0.286s] Level 1:colcon.colcon_core.package_identification:_identify(src/my_robot_package) by extensions ['ros']
[0.286s] Level 1:colcon.colcon_core.package_identification:_identify(src/my_robot_package) by extension 'ros'
[0.289s] DEBUG:colcon.colcon_core.package_identification:Package 'src/my_robot_package' with type 'ros.ament_python' and name 'my_robot_package'
[0.289s] Level 1:colcon.colcon_core.package_identification:_identify(src_old) by extensions ['ignore', 'ignore_ament_install']
[0.289s] Level 1:colcon.colcon_core.package_identification:_identify(src_old) by extension 'ignore'
[0.289s] Level 1:colcon.colcon_core.package_identification:_identify(src_old) by extension 'ignore_ament_install'
[0.289s] Level 1:colcon.colcon_core.package_identification:_identify(src_old) by extensions ['colcon_pkg']
[0.289s] Level 1:colcon.colcon_core.package_identification:_identify(src_old) by extension 'colcon_pkg'
[0.289s] Level 1:colcon.colcon_core.package_identification:_identify(src_old) by extensions ['colcon_meta']
[0.289s] Level 1:colcon.colcon_core.package_identification:_identify(src_old) by extension 'colcon_meta'
[0.289s] Level 1:colcon.colcon_core.package_identification:_identify(src_old) by extensions ['ros']
[0.289s] Level 1:colcon.colcon_core.package_identification:_identify(src_old) by extension 'ros'
[0.289s] Level 1:colcon.colcon_core.package_identification:_identify(src_old) by extensions ['cmake', 'python']
[0.289s] Level 1:colcon.colcon_core.package_identification:_identify(src_old) by extension 'cmake'
[0.289s] Level 1:colcon.colcon_core.package_identification:_identify(src_old) by extension 'python'
[0.289s] Level 1:colcon.colcon_core.package_identification:_identify(src_old) by extensions ['python_setup_py']
[0.289s] Level 1:colcon.colcon_core.package_identification:_identify(src_old) by extension 'python_setup_py'
[0.289s] Level 1:colcon.colcon_core.package_identification:_identify(src_old/build) by extensions ['ignore', 'ignore_ament_install']
[0.289s] Level 1:colcon.colcon_core.package_identification:_identify(src_old/build) by extension 'ignore'
[0.289s] Level 1:colcon.colcon_core.package_identification:_identify(src_old/build) ignored
[0.290s] Level 1:colcon.colcon_core.package_identification:_identify(src_old/install) by extensions ['ignore', 'ignore_ament_install']
[0.290s] Level 1:colcon.colcon_core.package_identification:_identify(src_old/install) by extension 'ignore'
[0.290s] Level 1:colcon.colcon_core.package_identification:_identify(src_old/install) ignored
[0.290s] Level 1:colcon.colcon_core.package_identification:_identify(src_old/log) by extensions ['ignore', 'ignore_ament_install']
[0.290s] Level 1:colcon.colcon_core.package_identification:_identify(src_old/log) by extension 'ignore'
[0.290s] Level 1:colcon.colcon_core.package_identification:_identify(src_old/log) ignored
[0.290s] Level 1:colcon.colcon_core.package_identification:_identify(src_old/my_robot_controller) by extensions ['ignore', 'ignore_ament_install']
[0.290s] Level 1:colcon.colcon_core.package_identification:_identify(src_old/my_robot_controller) by extension 'ignore'
[0.290s] Level 1:colcon.colcon_core.package_identification:_identify(src_old/my_robot_controller) by extension 'ignore_ament_install'
[0.290s] Level 1:colcon.colcon_core.package_identification:_identify(src_old/my_robot_controller) by extensions ['colcon_pkg']
[0.290s] Level 1:colcon.colcon_core.package_identification:_identify(src_old/my_robot_controller) by extension 'colcon_pkg'
[0.290s] Level 1:colcon.colcon_core.package_identification:_identify(src_old/my_robot_controller) by extensions ['colcon_meta']
[0.290s] Level 1:colcon.colcon_core.package_identification:_identify(src_old/my_robot_controller) by extension 'colcon_meta'
[0.290s] Level 1:colcon.colcon_core.package_identification:_identify(src_old/my_robot_controller) by extensions ['ros']
[0.290s] Level 1:colcon.colcon_core.package_identification:_identify(src_old/my_robot_controller) by extension 'ros'
[0.291s] DEBUG:colcon.colcon_core.package_identification:Package 'src_old/my_robot_controller' with type 'ros.ament_python' and name 'my_robot_controller'
[0.291s] Level 1:colcon.colcon_core.package_discovery:discover_packages(recursive) using defaults
[0.291s] Level 1:colcon.colcon_core.package_discovery:discover_packages(ignore) discover
[0.291s] Level 1:colcon.colcon_core.package_discovery:discover_packages(ignore) using defaults
[0.291s] Level 1:colcon.colcon_core.package_discovery:discover_packages(path) discover
[0.291s] Level 1:colcon.colcon_core.package_discovery:discover_packages(path) using defaults
[0.309s] Level 5:colcon.colcon_core.verb:set package 'my_robot_controller' build argument 'cmake_args' from command line to 'None'
[0.309s] Level 5:colcon.colcon_core.verb:set package 'my_robot_controller' build argument 'cmake_target' from command line to 'None'
[0.309s] Level 5:colcon.colcon_core.verb:set package 'my_robot_controller' build argument 'cmake_target_skip_unavailable' from command line to 'False'
[0.309s] Level 5:colcon.colcon_core.verb:set package 'my_robot_controller' build argument 'cmake_clean_cache' from command line to 'False'
[0.309s] Level 5:colcon.colcon_core.verb:set package 'my_robot_controller' build argument 'cmake_clean_first' from command line to 'False'
[0.309s] Level 5:colcon.colcon_core.verb:set package 'my_robot_controller' build argument 'cmake_force_configure' from command line to 'False'
[0.309s] Level 5:colcon.colcon_core.verb:set package 'my_robot_controller' build argument 'ament_cmake_args' from command line to 'None'
[0.309s] Level 5:colcon.colcon_core.verb:set package 'my_robot_controller' build argument 'catkin_cmake_args' from command line to 'None'
[0.309s] Level 5:colcon.colcon_core.verb:set package 'my_robot_controller' build argument 'catkin_skip_building_tests' from command line to 'False'
[0.310s] DEBUG:colcon.colcon_core.verb:Building package 'my_robot_controller' with the following arguments: {'ament_cmake_args': None, 'build_base': '/workspaces/F1Tenth_Team_Clutch/CDC-2024-FIRST/build/my_robot_controller', 'catkin_cmake_args': None, 'catkin_skip_building_tests': False, 'cmake_args': None, 'cmake_clean_cache': False, 'cmake_clean_first': False, 'cmake_force_configure': False, 'cmake_target': None, 'cmake_target_skip_unavailable': False, 'install_base': '/workspaces/F1Tenth_Team_Clutch/CDC-2024-FIRST/install/my_robot_controller', 'merge_install': False, 'path': '/workspaces/F1Tenth_Team_Clutch/CDC-2024-FIRST/src_old/my_robot_controller', 'symlink_install': False, 'test_result_base': None}
[0.310s] Level 5:colcon.colcon_core.verb:set package 'my_robot_package' build argument 'cmake_args' from command line to 'None'
[0.310s] Level 5:colcon.colcon_core.verb:set package 'my_robot_package' build argument 'cmake_target' from command line to 'None'
[0.310s] Level 5:colcon.colcon_core.verb:set package 'my_robot_package' build argument 'cmake_target_skip_unavailable' from command line to 'False'
[0.310s] Level 5:colcon.colcon_core.verb:set package 'my_robot_package' build argument 'cmake_clean_cache' from command line to 'False'
[0.310s] Level 5:colcon.colcon_core.verb:set package 'my_robot_package' build argument 'cmake_clean_first' from command line to 'False'
[0.310s] Level 5:colcon.colcon_core.verb:set package 'my_robot_package' build argument 'cmake_force_configure' from command line to 'False'
[0.310s] Level 5:colcon.colcon_core.verb:set package 'my_robot_package' build argument 'ament_cmake_args' from command line to 'None'
[0.310s] Level 5:colcon.colcon_core.verb:set package 'my_robot_package' build argument 'catkin_cmake_args' from command line to 'None'
[0.310s] Level 5:colcon.colcon_core.verb:set package 'my_robot_package' build argument 'catkin_skip_building_tests' from command line to 'False'
[0.310s] DEBUG:colcon.colcon_core.verb:Building package 'my_robot_package' with the following arguments: {'ament_cmake_args': None, 'build_base': '/workspaces/F1Tenth_Team_Clutch/CDC-2024-FIRST/build/my_robot_package', 'catkin_cmake_args': None, 'catkin_skip_building_tests': False, 'cmake_args': None, 'cmake_clean_cache': False, 'cmake_clean_first': False, 'cmake_force_configure': False, 'cmake_target': None, 'cmake_target_skip_unavailable': False, 'install_base': '/workspaces/F1Tenth_Team_Clutch/CDC-2024-FIRST/install/my_robot_package', 'merge_install': False, 'path': '/workspaces/F1Tenth_Team_Clutch/CDC-2024-FIRST/src/my_robot_package', 'symlink_install': False, 'test_result_base': None}
[0.310s] INFO:colcon.colcon_core.executor:Executing jobs using 'parallel' executor
[0.311s] DEBUG:colcon.colcon_parallel_executor.executor.parallel:run_until_complete
[0.311s] INFO:colcon.colcon_ros.task.ament_python.build:Building ROS package in '/workspaces/F1Tenth_Team_Clutch/CDC-2024-FIRST/src_old/my_robot_controller' with build type 'ament_python'
[0.311s] Level 1:colcon.colcon_core.shell:create_environment_hook('my_robot_controller', 'ament_prefix_path')
[0.313s] INFO:colcon.colcon_core.plugin_system:Skipping extension 'colcon_core.shell.bat': Not used on non-Windows systems
[0.313s] INFO:colcon.colcon_core.shell:Creating environment hook '/workspaces/F1Tenth_Team_Clutch/CDC-2024-FIRST/install/my_robot_controller/share/my_robot_controller/hook/ament_prefix_path.ps1'
[0.313s] INFO:colcon.colcon_core.shell:Creating environment descriptor '/workspaces/F1Tenth_Team_Clutch/CDC-2024-FIRST/install/my_robot_controller/share/my_robot_controller/hook/ament_prefix_path.dsv'
[0.313s] INFO:colcon.colcon_core.shell:Creating environment hook '/workspaces/F1Tenth_Team_Clutch/CDC-2024-FIRST/install/my_robot_controller/share/my_robot_controller/hook/ament_prefix_path.sh'
[0.314s] INFO:colcon.colcon_core.shell:Skip shell extension 'powershell' for command environment: Not usable outside of PowerShell
[0.314s] DEBUG:colcon.colcon_core.shell:Skip shell extension 'dsv' for command environment
[0.320s] INFO:colcon.colcon_ros.task.ament_python.build:Building ROS package in '/workspaces/F1Tenth_Team_Clutch/CDC-2024-FIRST/src/my_robot_package' with build type 'ament_python'
[0.320s] Level 1:colcon.colcon_core.shell:create_environment_hook('my_robot_package', 'ament_prefix_path')
[0.320s] INFO:colcon.colcon_core.shell:Creating environment hook '/workspaces/F1Tenth_Team_Clutch/CDC-2024-FIRST/install/my_robot_package/share/my_robot_package/hook/ament_prefix_path.ps1'
[0.321s] INFO:colcon.colcon_core.shell:Creating environment descriptor '/workspaces/F1Tenth_Team_Clutch/CDC-2024-FIRST/install/my_robot_package/share/my_robot_package/hook/ament_prefix_path.dsv'
[0.321s] INFO:colcon.colcon_core.shell:Creating environment hook '/workspaces/F1Tenth_Team_Clutch/CDC-2024-FIRST/install/my_robot_package/share/my_robot_package/hook/ament_prefix_path.sh'
[0.321s] INFO:colcon.colcon_core.shell:Skip shell extension 'powershell' for command environment: Not usable outside of PowerShell
[0.321s] DEBUG:colcon.colcon_core.shell:Skip shell extension 'dsv' for command environment
[0.526s] INFO:colcon.colcon_core.task.python.build:Building Python package in '/workspaces/F1Tenth_Team_Clutch/CDC-2024-FIRST/src_old/my_robot_controller'
[0.527s] INFO:colcon.colcon_core.shell:Skip shell extension 'powershell' for command environment: Not usable outside of PowerShell
[0.527s] DEBUG:colcon.colcon_core.shell:Skip shell extension 'dsv' for command environment
[0.709s] INFO:colcon.colcon_core.task.python.build:Building Python package in '/workspaces/F1Tenth_Team_Clutch/CDC-2024-FIRST/src/my_robot_package'
[0.709s] INFO:colcon.colcon_core.shell:Skip shell extension 'powershell' for command environment: Not usable outside of PowerShell
[0.709s] DEBUG:colcon.colcon_core.shell:Skip shell extension 'dsv' for command environment
[0.993s] DEBUG:colcon.colcon_core.event_handler.log_command:Invoking command in '/workspaces/F1Tenth_Team_Clutch/CDC-2024-FIRST/src/my_robot_package': PYTHONPATH=/workspaces/F1Tenth_Team_Clutch/CDC-2024-FIRST/build/my_robot_package/prefix_override:/usr/lib/python3/dist-packages/colcon_core/task/python/colcon_distutils_commands:/workspaces/F1Tenth_Team_Clutch/CDC-2024-FIRST/install/my_robot_package/lib/python3.10/site-packages:${PYTHONPATH} /usr/bin/python3 -W ignore:setup.py install is deprecated setup.py egg_info --egg-base ../../build/my_robot_package build --build-base /workspaces/F1Tenth_Team_Clutch/CDC-2024-FIRST/build/my_robot_package/build install --record /workspaces/F1Tenth_Team_Clutch/CDC-2024-FIRST/build/my_robot_package/install.log --single-version-externally-managed install_data
[1.000s] DEBUG:colcon.colcon_core.event_handler.log_command:Invoking command in '/workspaces/F1Tenth_Team_Clutch/CDC-2024-FIRST/src_old/my_robot_controller': PYTHONPATH=/workspaces/F1Tenth_Team_Clutch/CDC-2024-FIRST/build/my_robot_controller/prefix_override:/usr/lib/python3/dist-packages/colcon_core/task/python/colcon_distutils_commands:/workspaces/F1Tenth_Team_Clutch/CDC-2024-FIRST/install/my_robot_controller/lib/python3.10/site-packages:${PYTHONPATH} /usr/bin/python3 -W ignore:setup.py install is deprecated setup.py egg_info --egg-base ../../build/my_robot_controller build --build-base /workspaces/F1Tenth_Team_Clutch/CDC-2024-FIRST/build/my_robot_controller/build install --record /workspaces/F1Tenth_Team_Clutch/CDC-2024-FIRST/build/my_robot_controller/install.log --single-version-externally-managed install_data
[1.321s] DEBUG:colcon.colcon_core.event_handler.log_command:Invoked command in '/workspaces/F1Tenth_Team_Clutch/CDC-2024-FIRST/src_old/my_robot_controller' returned '0': PYTHONPATH=/workspaces/F1Tenth_Team_Clutch/CDC-2024-FIRST/build/my_robot_controller/prefix_override:/usr/lib/python3/dist-packages/colcon_core/task/python/colcon_distutils_commands:/workspaces/F1Tenth_Team_Clutch/CDC-2024-FIRST/install/my_robot_controller/lib/python3.10/site-packages:${PYTHONPATH} /usr/bin/python3 -W ignore:setup.py install is deprecated setup.py egg_info --egg-base ../../build/my_robot_controller build --build-base /workspaces/F1Tenth_Team_Clutch/CDC-2024-FIRST/build/my_robot_controller/build install --record /workspaces/F1Tenth_Team_Clutch/CDC-2024-FIRST/build/my_robot_controller/install.log --single-version-externally-managed install_data
[1.323s] Level 1:colcon.colcon_core.environment:checking '/workspaces/F1Tenth_Team_Clutch/CDC-2024-FIRST/install/my_robot_controller' for CMake module files
[1.323s] Level 1:colcon.colcon_core.environment:checking '/workspaces/F1Tenth_Team_Clutch/CDC-2024-FIRST/install/my_robot_controller' for CMake config files
[1.324s] Level 1:colcon.colcon_core.environment:checking '/workspaces/F1Tenth_Team_Clutch/CDC-2024-FIRST/install/my_robot_controller/lib'
[1.324s] Level 1:colcon.colcon_core.environment:checking '/workspaces/F1Tenth_Team_Clutch/CDC-2024-FIRST/install/my_robot_controller/bin'
[1.324s] Level 1:colcon.colcon_core.environment:checking '/workspaces/F1Tenth_Team_Clutch/CDC-2024-FIRST/install/my_robot_controller/lib/pkgconfig/my_robot_controller.pc'
[1.324s] Level 1:colcon.colcon_core.environment:checking '/workspaces/F1Tenth_Team_Clutch/CDC-2024-FIRST/install/my_robot_controller/lib/python3.10/site-packages'
[1.324s] Level 1:colcon.colcon_core.shell:create_environment_hook('my_robot_controller', 'pythonpath')
[1.324s] INFO:colcon.colcon_core.shell:Creating environment hook '/workspaces/F1Tenth_Team_Clutch/CDC-2024-FIRST/install/my_robot_controller/share/my_robot_controller/hook/pythonpath.ps1'
[1.325s] INFO:colcon.colcon_core.shell:Creating environment descriptor '/workspaces/F1Tenth_Team_Clutch/CDC-2024-FIRST/install/my_robot_controller/share/my_robot_controller/hook/pythonpath.dsv'
[1.325s] INFO:colcon.colcon_core.shell:Creating environment hook '/workspaces/F1Tenth_Team_Clutch/CDC-2024-FIRST/install/my_robot_controller/share/my_robot_controller/hook/pythonpath.sh'
[1.325s] Level 1:colcon.colcon_core.environment:checking '/workspaces/F1Tenth_Team_Clutch/CDC-2024-FIRST/install/my_robot_controller/bin'
[1.325s] Level 1:colcon.colcon_core.environment:create_environment_scripts_only(my_robot_controller)
[1.325s] INFO:colcon.colcon_core.shell:Creating package script '/workspaces/F1Tenth_Team_Clutch/CDC-2024-FIRST/install/my_robot_controller/share/my_robot_controller/package.ps1'
[1.326s] INFO:colcon.colcon_core.shell:Creating package descriptor '/workspaces/F1Tenth_Team_Clutch/CDC-2024-FIRST/install/my_robot_controller/share/my_robot_controller/package.dsv'
[1.326s] INFO:colcon.colcon_core.shell:Creating package script '/workspaces/F1Tenth_Team_Clutch/CDC-2024-FIRST/install/my_robot_controller/share/my_robot_controller/package.sh'
[1.327s] INFO:colcon.colcon_core.shell:Creating package script '/workspaces/F1Tenth_Team_Clutch/CDC-2024-FIRST/install/my_robot_controller/share/my_robot_controller/package.bash'
[1.327s] INFO:colcon.colcon_core.shell:Creating package script '/workspaces/F1Tenth_Team_Clutch/CDC-2024-FIRST/install/my_robot_controller/share/my_robot_controller/package.zsh'
[1.328s] Level 1:colcon.colcon_core.environment:create_file_with_runtime_dependencies(/workspaces/F1Tenth_Team_Clutch/CDC-2024-FIRST/install/my_robot_controller/share/colcon-core/packages/my_robot_controller)
[1.328s] Level 1:colcon.colcon_core.environment:checking '/workspaces/F1Tenth_Team_Clutch/CDC-2024-FIRST/install/my_robot_package' for CMake module files
[1.329s] Level 1:colcon.colcon_core.environment:checking '/workspaces/F1Tenth_Team_Clutch/CDC-2024-FIRST/install/my_robot_package' for CMake config files
[1.329s] DEBUG:colcon.colcon_core.event_handler.log_command:Invoked command in '/workspaces/F1Tenth_Team_Clutch/CDC-2024-FIRST/src/my_robot_package' returned '0': PYTHONPATH=/workspaces/F1Tenth_Team_Clutch/CDC-2024-FIRST/build/my_robot_package/prefix_override:/usr/lib/python3/dist-packages/colcon_core/task/python/colcon_distutils_commands:/workspaces/F1Tenth_Team_Clutch/CDC-2024-FIRST/install/my_robot_package/lib/python3.10/site-packages:${PYTHONPATH} /usr/bin/python3 -W ignore:setup.py install is deprecated setup.py egg_info --egg-base ../../build/my_robot_package build --build-base /workspaces/F1Tenth_Team_Clutch/CDC-2024-FIRST/build/my_robot_package/build install --record /workspaces/F1Tenth_Team_Clutch/CDC-2024-FIRST/build/my_robot_package/install.log --single-version-externally-managed install_data
[1.329s] Level 1:colcon.colcon_core.environment:checking '/workspaces/F1Tenth_Team_Clutch/CDC-2024-FIRST/install/my_robot_package/lib'
[1.329s] Level 1:colcon.colcon_core.environment:checking '/workspaces/F1Tenth_Team_Clutch/CDC-2024-FIRST/install/my_robot_package/bin'
[1.329s] Level 1:colcon.colcon_core.environment:checking '/workspaces/F1Tenth_Team_Clutch/CDC-2024-FIRST/install/my_robot_package/lib/pkgconfig/my_robot_package.pc'
[1.329s] Level 1:colcon.colcon_core.environment:checking '/workspaces/F1Tenth_Team_Clutch/CDC-2024-FIRST/install/my_robot_package/lib/python3.10/site-packages'
[1.329s] Level 1:colcon.colcon_core.shell:create_environment_hook('my_robot_package', 'pythonpath')
[1.330s] INFO:colcon.colcon_core.shell:Creating environment hook '/workspaces/F1Tenth_Team_Clutch/CDC-2024-FIRST/install/my_robot_package/share/my_robot_package/hook/pythonpath.ps1'
[1.330s] INFO:colcon.colcon_core.shell:Creating environment descriptor '/workspaces/F1Tenth_Team_Clutch/CDC-2024-FIRST/install/my_robot_package/share/my_robot_package/hook/pythonpath.dsv'
[1.330s] INFO:colcon.colcon_core.shell:Creating environment hook '/workspaces/F1Tenth_Team_Clutch/CDC-2024-FIRST/install/my_robot_package/share/my_robot_package/hook/pythonpath.sh'
[1.331s] Level 1:colcon.colcon_core.environment:checking '/workspaces/F1Tenth_Team_Clutch/CDC-2024-FIRST/install/my_robot_package/bin'
[1.331s] Level 1:colcon.colcon_core.environment:create_environment_scripts_only(my_robot_package)
[1.331s] INFO:colcon.colcon_core.shell:Creating package script '/workspaces/F1Tenth_Team_Clutch/CDC-2024-FIRST/install/my_robot_package/share/my_robot_package/package.ps1'
[1.331s] INFO:colcon.colcon_core.shell:Creating package descriptor '/workspaces/F1Tenth_Team_Clutch/CDC-2024-FIRST/install/my_robot_package/share/my_robot_package/package.dsv'
[1.332s] INFO:colcon.colcon_core.shell:Creating package script '/workspaces/F1Tenth_Team_Clutch/CDC-2024-FIRST/install/my_robot_package/share/my_robot_package/package.sh'
[1.332s] INFO:colcon.colcon_core.shell:Creating package script '/workspaces/F1Tenth_Team_Clutch/CDC-2024-FIRST/install/my_robot_package/share/my_robot_package/package.bash'
[1.333s] INFO:colcon.colcon_core.shell:Creating package script '/workspaces/F1Tenth_Team_Clutch/CDC-2024-FIRST/install/my_robot_package/share/my_robot_package/package.zsh'
[1.333s] Level 1:colcon.colcon_core.environment:create_file_with_runtime_dependencies(/workspaces/F1Tenth_Team_Clutch/CDC-2024-FIRST/install/my_robot_package/share/colcon-core/packages/my_robot_package)
[1.334s] DEBUG:colcon.colcon_parallel_executor.executor.parallel:closing loop
[1.334s] DEBUG:colcon.colcon_parallel_executor.executor.parallel:loop closed
[1.334s] DEBUG:colcon.colcon_parallel_executor.executor.parallel:run_until_complete finished with '0'
[1.334s] DEBUG:colcon.colcon_core.event_reactor:joining thread
[1.339s] INFO:colcon.colcon_core.plugin_system:Skipping extension 'colcon_notification.desktop_notification.notify_send': Could not find 'notify-send'
[1.339s] INFO:colcon.colcon_core.plugin_system:Skipping extension 'colcon_notification.desktop_notification.terminal_notifier': Not used on non-Darwin systems
[1.339s] INFO:colcon.colcon_core.plugin_system:Skipping extension 'colcon_notification.desktop_notification.win32': Not used on non-Windows systems
[1.339s] INFO:colcon.colcon_notification.desktop_notification:Sending desktop notification using 'notify2'
[1.342s] DEBUG:colcon.colcon_notification.desktop_notification.notify2:Failed to initialize notify2: org.freedesktop.DBus.Error.Spawn.ExecFailed: /usr/bin/dbus-launch terminated abnormally without any error message
[1.342s] DEBUG:colcon.colcon_core.event_reactor:joined thread
[1.342s] INFO:colcon.colcon_core.shell:Creating prefix script '/workspaces/F1Tenth_Team_Clutch/CDC-2024-FIRST/install/local_setup.ps1'
[1.344s] INFO:colcon.colcon_core.shell:Creating prefix util module '/workspaces/F1Tenth_Team_Clutch/CDC-2024-FIRST/install/_local_setup_util_ps1.py'
[1.345s] INFO:colcon.colcon_core.shell:Creating prefix chain script '/workspaces/F1Tenth_Team_Clutch/CDC-2024-FIRST/install/setup.ps1'
[1.347s] INFO:colcon.colcon_core.shell:Creating prefix script '/workspaces/F1Tenth_Team_Clutch/CDC-2024-FIRST/install/local_setup.sh'
[1.348s] INFO:colcon.colcon_core.shell:Creating prefix util module '/workspaces/F1Tenth_Team_Clutch/CDC-2024-FIRST/install/_local_setup_util_sh.py'
[1.349s] INFO:colcon.colcon_core.shell:Creating prefix chain script '/workspaces/F1Tenth_Team_Clutch/CDC-2024-FIRST/install/setup.sh'
[1.350s] INFO:colcon.colcon_core.shell:Creating prefix script '/workspaces/F1Tenth_Team_Clutch/CDC-2024-FIRST/install/local_setup.bash'
[1.351s] INFO:colcon.colcon_core.shell:Creating prefix chain script '/workspaces/F1Tenth_Team_Clutch/CDC-2024-FIRST/install/setup.bash'
[1.352s] INFO:colcon.colcon_core.shell:Creating prefix script '/workspaces/F1Tenth_Team_Clutch/CDC-2024-FIRST/install/local_setup.zsh'
[1.353s] INFO:colcon.colcon_core.shell:Creating prefix chain script '/workspaces/F1Tenth_Team_Clutch/CDC-2024-FIRST/install/setup.zsh'
