[0.439s] DEBUG:colcon:Command line arguments: ['/usr/bin/colcon', 'build', '--symlink-install']
[0.440s] DEBUG:colcon:Parsed command line arguments: Namespace(log_base=None, log_level=None, verb_name='build', build_base='build', install_base='install', merge_install=False, symlink_install=True, test_result_base=None, continue_on_error=False, executor='parallel', parallel_workers=8, event_handlers=None, ignore_user_meta=False, metas=['./colcon.meta'], base_paths=['.'], packages_ignore=None, packages_ignore_regex=None, paths=None, packages_up_to=None, packages_up_to_regex=None, packages_above=None, packages_above_and_dependencies=None, packages_above_depth=None, packages_select_by_dep=None, packages_skip_by_dep=None, packages_skip_up_to=None, packages_select_build_failed=False, packages_skip_build_finished=False, packages_select_test_failures=False, packages_skip_test_passed=False, packages_select=None, packages_skip=None, packages_select_regex=None, packages_skip_regex=None, packages_start=None, packages_end=None, cmake_args=None, cmake_target=None, cmake_target_skip_unavailable=False, cmake_clean_cache=False, cmake_clean_first=False, cmake_force_configure=False, ament_cmake_args=None, catkin_cmake_args=None, catkin_skip_building_tests=False, mixin_files=None, mixin=None, verb_parser=<colcon_mixin.mixin.mixin_argument.MixinArgumentDecorator object at 0x9b472de84f0>, verb_extension=<colcon_core.verb.build.BuildVerb object at 0x9b472dafee0>, main=<bound method BuildVerb.main of <colcon_core.verb.build.BuildVerb object at 0x9b472dafee0>>, mixin_verb=('build',))
[0.845s] Level 1:colcon.colcon_core.package_discovery:discover_packages(colcon_meta) check parameters
[0.848s] INFO:colcon.colcon_metadata.package_discovery.colcon_meta:Using configuration from '/root/.colcon/metadata/default/Gazebo.meta'
[0.850s] INFO:colcon.colcon_metadata.package_discovery.colcon_meta:Using configuration from '/root/.colcon/metadata/default/fastrtps.meta'
[0.851s] Level 1:colcon.colcon_core.package_discovery:discover_packages(recursive) check parameters
[0.851s] Level 1:colcon.colcon_core.package_discovery:discover_packages(ignore) check parameters
[0.851s] Level 1:colcon.colcon_core.package_discovery:discover_packages(path) check parameters
[0.851s] Level 1:colcon.colcon_core.package_discovery:discover_packages(colcon_meta) discover
[0.851s] Level 1:colcon.colcon_core.package_discovery:discover_packages(recursive) discover
[0.851s] INFO:colcon.colcon_core.package_discovery:Crawling recursively for packages in '/workspaces/F1Tenth_Team_Clutch/CDC-2024-FIRST'
[0.851s] Level 1:colcon.colcon_core.package_identification:_identify(.) by extensions ['ignore', 'ignore_ament_install']
[0.852s] Level 1:colcon.colcon_core.package_identification:_identify(.) by extension 'ignore'
[0.852s] Level 1:colcon.colcon_core.package_identification:_identify(.) by extension 'ignore_ament_install'
[0.852s] Level 1:colcon.colcon_core.package_identification:_identify(.) by extensions ['colcon_pkg']
[0.852s] Level 1:colcon.colcon_core.package_identification:_identify(.) by extension 'colcon_pkg'
[0.852s] Level 1:colcon.colcon_core.package_identification:_identify(.) by extensions ['colcon_meta']
[0.852s] Level 1:colcon.colcon_core.package_identification:_identify(.) by extension 'colcon_meta'
[0.852s] Level 1:colcon.colcon_core.package_identification:_identify(.) by extensions ['ros']
[0.852s] Level 1:colcon.colcon_core.package_identification:_identify(.) by extension 'ros'
[0.888s] Level 1:colcon.colcon_core.package_identification:_identify(.) by extensions ['cmake', 'python']
[0.888s] Level 1:colcon.colcon_core.package_identification:_identify(.) by extension 'cmake'
[0.888s] Level 1:colcon.colcon_core.package_identification:_identify(.) by extension 'python'
[0.888s] Level 1:colcon.colcon_core.package_identification:_identify(.) by extensions ['python_setup_py']
[0.888s] Level 1:colcon.colcon_core.package_identification:_identify(.) by extension 'python_setup_py'
[0.889s] Level 1:colcon.colcon_core.package_identification:_identify(build) by extensions ['ignore', 'ignore_ament_install']
[0.890s] Level 1:colcon.colcon_core.package_identification:_identify(build) by extension 'ignore'
[0.891s] Level 1:colcon.colcon_core.package_identification:_identify(build) ignored
[0.891s] Level 1:colcon.colcon_core.package_identification:_identify(install) by extensions ['ignore', 'ignore_ament_install']
[0.892s] Level 1:colcon.colcon_core.package_identification:_identify(install) by extension 'ignore'
[0.892s] Level 1:colcon.colcon_core.package_identification:_identify(install) ignored
[0.892s] Level 1:colcon.colcon_core.package_identification:_identify(log) by extensions ['ignore', 'ignore_ament_install']
[0.892s] Level 1:colcon.colcon_core.package_identification:_identify(log) by extension 'ignore'
[0.892s] Level 1:colcon.colcon_core.package_identification:_identify(log) ignored
[0.892s] Level 1:colcon.colcon_core.package_identification:_identify(src) by extensions ['ignore', 'ignore_ament_install']
[0.892s] Level 1:colcon.colcon_core.package_identification:_identify(src) by extension 'ignore'
[0.893s] Level 1:colcon.colcon_core.package_identification:_identify(src) by extension 'ignore_ament_install'
[0.893s] Level 1:colcon.colcon_core.package_identification:_identify(src) by extensions ['colcon_pkg']
[0.893s] Level 1:colcon.colcon_core.package_identification:_identify(src) by extension 'colcon_pkg'
[0.893s] Level 1:colcon.colcon_core.package_identification:_identify(src) by extensions ['colcon_meta']
[0.893s] Level 1:colcon.colcon_core.package_identification:_identify(src) by extension 'colcon_meta'
[0.893s] Level 1:colcon.colcon_core.package_identification:_identify(src) by extensions ['ros']
[0.893s] Level 1:colcon.colcon_core.package_identification:_identify(src) by extension 'ros'
[0.893s] Level 1:colcon.colcon_core.package_identification:_identify(src) by extensions ['cmake', 'python']
[0.893s] Level 1:colcon.colcon_core.package_identification:_identify(src) by extension 'cmake'
[0.893s] Level 1:colcon.colcon_core.package_identification:_identify(src) by extension 'python'
[0.893s] Level 1:colcon.colcon_core.package_identification:_identify(src) by extensions ['python_setup_py']
[0.893s] Level 1:colcon.colcon_core.package_identification:_identify(src) by extension 'python_setup_py'
[0.894s] Level 1:colcon.colcon_core.package_identification:_identify(src/build) by extensions ['ignore', 'ignore_ament_install']
[0.894s] Level 1:colcon.colcon_core.package_identification:_identify(src/build) by extension 'ignore'
[0.894s] Level 1:colcon.colcon_core.package_identification:_identify(src/build) ignored
[0.894s] Level 1:colcon.colcon_core.package_identification:_identify(src/install) by extensions ['ignore', 'ignore_ament_install']
[0.894s] Level 1:colcon.colcon_core.package_identification:_identify(src/install) by extension 'ignore'
[0.894s] Level 1:colcon.colcon_core.package_identification:_identify(src/install) ignored
[0.894s] Level 1:colcon.colcon_core.package_identification:_identify(src/log) by extensions ['ignore', 'ignore_ament_install']
[0.894s] Level 1:colcon.colcon_core.package_identification:_identify(src/log) by extension 'ignore'
[0.894s] Level 1:colcon.colcon_core.package_identification:_identify(src/log) ignored
[0.895s] Level 1:colcon.colcon_core.package_identification:_identify(src/my_robot_package) by extensions ['ignore', 'ignore_ament_install']
[0.895s] Level 1:colcon.colcon_core.package_identification:_identify(src/my_robot_package) by extension 'ignore'
[0.895s] Level 1:colcon.colcon_core.package_identification:_identify(src/my_robot_package) by extension 'ignore_ament_install'
[0.895s] Level 1:colcon.colcon_core.package_identification:_identify(src/my_robot_package) by extensions ['colcon_pkg']
[0.895s] Level 1:colcon.colcon_core.package_identification:_identify(src/my_robot_package) by extension 'colcon_pkg'
[0.895s] Level 1:colcon.colcon_core.package_identification:_identify(src/my_robot_package) by extensions ['colcon_meta']
[0.895s] Level 1:colcon.colcon_core.package_identification:_identify(src/my_robot_package) by extension 'colcon_meta'
[0.895s] Level 1:colcon.colcon_core.package_identification:_identify(src/my_robot_package) by extensions ['ros']
[0.895s] Level 1:colcon.colcon_core.package_identification:_identify(src/my_robot_package) by extension 'ros'
[0.903s] DEBUG:colcon.colcon_core.package_identification:Package 'src/my_robot_package' with type 'ros.ament_python' and name 'my_robot_package'
[0.903s] Level 1:colcon.colcon_core.package_identification:_identify(src_old) by extensions ['ignore', 'ignore_ament_install']
[0.903s] Level 1:colcon.colcon_core.package_identification:_identify(src_old) by extension 'ignore'
[0.904s] Level 1:colcon.colcon_core.package_identification:_identify(src_old) by extension 'ignore_ament_install'
[0.904s] Level 1:colcon.colcon_core.package_identification:_identify(src_old) by extensions ['colcon_pkg']
[0.904s] Level 1:colcon.colcon_core.package_identification:_identify(src_old) by extension 'colcon_pkg'
[0.904s] Level 1:colcon.colcon_core.package_identification:_identify(src_old) by extensions ['colcon_meta']
[0.904s] Level 1:colcon.colcon_core.package_identification:_identify(src_old) by extension 'colcon_meta'
[0.904s] Level 1:colcon.colcon_core.package_identification:_identify(src_old) by extensions ['ros']
[0.904s] Level 1:colcon.colcon_core.package_identification:_identify(src_old) by extension 'ros'
[0.904s] Level 1:colcon.colcon_core.package_identification:_identify(src_old) by extensions ['cmake', 'python']
[0.904s] Level 1:colcon.colcon_core.package_identification:_identify(src_old) by extension 'cmake'
[0.904s] Level 1:colcon.colcon_core.package_identification:_identify(src_old) by extension 'python'
[0.905s] Level 1:colcon.colcon_core.package_identification:_identify(src_old) by extensions ['python_setup_py']
[0.905s] Level 1:colcon.colcon_core.package_identification:_identify(src_old) by extension 'python_setup_py'
[0.905s] Level 1:colcon.colcon_core.package_identification:_identify(src_old/build) by extensions ['ignore', 'ignore_ament_install']
[0.905s] Level 1:colcon.colcon_core.package_identification:_identify(src_old/build) by extension 'ignore'
[0.905s] Level 1:colcon.colcon_core.package_identification:_identify(src_old/build) ignored
[0.905s] Level 1:colcon.colcon_core.package_identification:_identify(src_old/install) by extensions ['ignore', 'ignore_ament_install']
[0.905s] Level 1:colcon.colcon_core.package_identification:_identify(src_old/install) by extension 'ignore'
[0.905s] Level 1:colcon.colcon_core.package_identification:_identify(src_old/install) ignored
[0.906s] Level 1:colcon.colcon_core.package_identification:_identify(src_old/log) by extensions ['ignore', 'ignore_ament_install']
[0.906s] Level 1:colcon.colcon_core.package_identification:_identify(src_old/log) by extension 'ignore'
[0.906s] Level 1:colcon.colcon_core.package_identification:_identify(src_old/log) ignored
[0.906s] Level 1:colcon.colcon_core.package_identification:_identify(src_old/my_robot_controller) by extensions ['ignore', 'ignore_ament_install']
[0.906s] Level 1:colcon.colcon_core.package_identification:_identify(src_old/my_robot_controller) by extension 'ignore'
[0.906s] Level 1:colcon.colcon_core.package_identification:_identify(src_old/my_robot_controller) by extension 'ignore_ament_install'
[0.906s] Level 1:colcon.colcon_core.package_identification:_identify(src_old/my_robot_controller) by extensions ['colcon_pkg']
[0.906s] Level 1:colcon.colcon_core.package_identification:_identify(src_old/my_robot_controller) by extension 'colcon_pkg'
[0.906s] Level 1:colcon.colcon_core.package_identification:_identify(src_old/my_robot_controller) by extensions ['colcon_meta']
[0.906s] Level 1:colcon.colcon_core.package_identification:_identify(src_old/my_robot_controller) by extension 'colcon_meta'
[0.906s] Level 1:colcon.colcon_core.package_identification:_identify(src_old/my_robot_controller) by extensions ['ros']
[0.906s] Level 1:colcon.colcon_core.package_identification:_identify(src_old/my_robot_controller) by extension 'ros'
[0.909s] DEBUG:colcon.colcon_core.package_identification:Package 'src_old/my_robot_controller' with type 'ros.ament_python' and name 'my_robot_controller'
[0.909s] Level 1:colcon.colcon_core.package_discovery:discover_packages(recursive) using defaults
[0.909s] Level 1:colcon.colcon_core.package_discovery:discover_packages(ignore) discover
[0.910s] Level 1:colcon.colcon_core.package_discovery:discover_packages(ignore) using defaults
[0.910s] Level 1:colcon.colcon_core.package_discovery:discover_packages(path) discover
[0.910s] Level 1:colcon.colcon_core.package_discovery:discover_packages(path) using defaults
[0.974s] Level 5:colcon.colcon_core.verb:set package 'my_robot_controller' build argument 'cmake_args' from command line to 'None'
[0.975s] Level 5:colcon.colcon_core.verb:set package 'my_robot_controller' build argument 'cmake_target' from command line to 'None'
[0.975s] Level 5:colcon.colcon_core.verb:set package 'my_robot_controller' build argument 'cmake_target_skip_unavailable' from command line to 'False'
[0.975s] Level 5:colcon.colcon_core.verb:set package 'my_robot_controller' build argument 'cmake_clean_cache' from command line to 'False'
[0.975s] Level 5:colcon.colcon_core.verb:set package 'my_robot_controller' build argument 'cmake_clean_first' from command line to 'False'
[0.975s] Level 5:colcon.colcon_core.verb:set package 'my_robot_controller' build argument 'cmake_force_configure' from command line to 'False'
[0.975s] Level 5:colcon.colcon_core.verb:set package 'my_robot_controller' build argument 'ament_cmake_args' from command line to 'None'
[0.975s] Level 5:colcon.colcon_core.verb:set package 'my_robot_controller' build argument 'catkin_cmake_args' from command line to 'None'
[0.975s] Level 5:colcon.colcon_core.verb:set package 'my_robot_controller' build argument 'catkin_skip_building_tests' from command line to 'False'
[0.975s] DEBUG:colcon.colcon_core.verb:Building package 'my_robot_controller' with the following arguments: {'ament_cmake_args': None, 'build_base': '/workspaces/F1Tenth_Team_Clutch/CDC-2024-FIRST/build/my_robot_controller', 'catkin_cmake_args': None, 'catkin_skip_building_tests': False, 'cmake_args': None, 'cmake_clean_cache': False, 'cmake_clean_first': False, 'cmake_force_configure': False, 'cmake_target': None, 'cmake_target_skip_unavailable': False, 'install_base': '/workspaces/F1Tenth_Team_Clutch/CDC-2024-FIRST/install/my_robot_controller', 'merge_install': False, 'path': '/workspaces/F1Tenth_Team_Clutch/CDC-2024-FIRST/src_old/my_robot_controller', 'symlink_install': True, 'test_result_base': None}
[0.976s] Level 5:colcon.colcon_core.verb:set package 'my_robot_package' build argument 'cmake_args' from command line to 'None'
[0.976s] Level 5:colcon.colcon_core.verb:set package 'my_robot_package' build argument 'cmake_target' from command line to 'None'
[0.976s] Level 5:colcon.colcon_core.verb:set package 'my_robot_package' build argument 'cmake_target_skip_unavailable' from command line to 'False'
[0.976s] Level 5:colcon.colcon_core.verb:set package 'my_robot_package' build argument 'cmake_clean_cache' from command line to 'False'
[0.976s] Level 5:colcon.colcon_core.verb:set package 'my_robot_package' build argument 'cmake_clean_first' from command line to 'False'
[0.976s] Level 5:colcon.colcon_core.verb:set package 'my_robot_package' build argument 'cmake_force_configure' from command line to 'False'
[0.976s] Level 5:colcon.colcon_core.verb:set package 'my_robot_package' build argument 'ament_cmake_args' from command line to 'None'
[0.976s] Level 5:colcon.colcon_core.verb:set package 'my_robot_package' build argument 'catkin_cmake_args' from command line to 'None'
[0.976s] Level 5:colcon.colcon_core.verb:set package 'my_robot_package' build argument 'catkin_skip_building_tests' from command line to 'False'
[0.976s] DEBUG:colcon.colcon_core.verb:Building package 'my_robot_package' with the following arguments: {'ament_cmake_args': None, 'build_base': '/workspaces/F1Tenth_Team_Clutch/CDC-2024-FIRST/build/my_robot_package', 'catkin_cmake_args': None, 'catkin_skip_building_tests': False, 'cmake_args': None, 'cmake_clean_cache': False, 'cmake_clean_first': False, 'cmake_force_configure': False, 'cmake_target': None, 'cmake_target_skip_unavailable': False, 'install_base': '/workspaces/F1Tenth_Team_Clutch/CDC-2024-FIRST/install/my_robot_package', 'merge_install': False, 'path': '/workspaces/F1Tenth_Team_Clutch/CDC-2024-FIRST/src/my_robot_package', 'symlink_install': True, 'test_result_base': None}
[0.976s] INFO:colcon.colcon_core.executor:Executing jobs using 'parallel' executor
[0.980s] DEBUG:colcon.colcon_parallel_executor.executor.parallel:run_until_complete
[0.983s] INFO:colcon.colcon_ros.task.ament_python.build:Building ROS package in '/workspaces/F1Tenth_Team_Clutch/CDC-2024-FIRST/src_old/my_robot_controller' with build type 'ament_python'
[0.983s] Level 1:colcon.colcon_core.shell:create_environment_hook('my_robot_controller', 'ament_prefix_path')
[0.991s] INFO:colcon.colcon_core.plugin_system:Skipping extension 'colcon_core.shell.bat': Not used on non-Windows systems
[0.992s] INFO:colcon.colcon_core.shell:Creating environment hook '/workspaces/F1Tenth_Team_Clutch/CDC-2024-FIRST/install/my_robot_controller/share/my_robot_controller/hook/ament_prefix_path.ps1'
[0.995s] INFO:colcon.colcon_core.shell:Creating environment descriptor '/workspaces/F1Tenth_Team_Clutch/CDC-2024-FIRST/install/my_robot_controller/share/my_robot_controller/hook/ament_prefix_path.dsv'
[0.998s] INFO:colcon.colcon_core.shell:Creating environment hook '/workspaces/F1Tenth_Team_Clutch/CDC-2024-FIRST/install/my_robot_controller/share/my_robot_controller/hook/ament_prefix_path.sh'
[1.000s] INFO:colcon.colcon_core.shell:Skip shell extension 'powershell' for command environment: Not usable outside of PowerShell
[1.000s] DEBUG:colcon.colcon_core.shell:Skip shell extension 'dsv' for command environment
[1.015s] INFO:colcon.colcon_ros.task.ament_python.build:Building ROS package in '/workspaces/F1Tenth_Team_Clutch/CDC-2024-FIRST/src/my_robot_package' with build type 'ament_python'
[1.016s] Level 1:colcon.colcon_core.shell:create_environment_hook('my_robot_package', 'ament_prefix_path')
[1.017s] INFO:colcon.colcon_core.shell:Creating environment hook '/workspaces/F1Tenth_Team_Clutch/CDC-2024-FIRST/install/my_robot_package/share/my_robot_package/hook/ament_prefix_path.ps1'
[1.021s] INFO:colcon.colcon_core.shell:Creating environment descriptor '/workspaces/F1Tenth_Team_Clutch/CDC-2024-FIRST/install/my_robot_package/share/my_robot_package/hook/ament_prefix_path.dsv'
[1.023s] INFO:colcon.colcon_core.shell:Creating environment hook '/workspaces/F1Tenth_Team_Clutch/CDC-2024-FIRST/install/my_robot_package/share/my_robot_package/hook/ament_prefix_path.sh'
[1.025s] INFO:colcon.colcon_core.shell:Skip shell extension 'powershell' for command environment: Not usable outside of PowerShell
[1.025s] DEBUG:colcon.colcon_core.shell:Skip shell extension 'dsv' for command environment
[1.811s] INFO:colcon.colcon_core.task.python.build:Building Python package in '/workspaces/F1Tenth_Team_Clutch/CDC-2024-FIRST/src_old/my_robot_controller'
[1.813s] INFO:colcon.colcon_core.shell:Skip shell extension 'powershell' for command environment: Not usable outside of PowerShell
[1.813s] DEBUG:colcon.colcon_core.shell:Skip shell extension 'dsv' for command environment
[2.544s] INFO:colcon.colcon_core.task.python.build:Building Python package in '/workspaces/F1Tenth_Team_Clutch/CDC-2024-FIRST/src/my_robot_package'
[2.546s] INFO:colcon.colcon_core.shell:Skip shell extension 'powershell' for command environment: Not usable outside of PowerShell
[2.546s] DEBUG:colcon.colcon_core.shell:Skip shell extension 'dsv' for command environment
[3.737s] DEBUG:colcon.colcon_core.task.python.build:While undoing a previous installation files outside the Python library path are being ignored: /workspaces/F1Tenth_Team_Clutch/CDC-2024-FIRST/install/my_robot_package/share/ament_index/resource_index/packages/my_robot_package
[3.739s] DEBUG:colcon.colcon_core.task.python.build:While undoing a previous installation files outside the Python library path are being ignored: /workspaces/F1Tenth_Team_Clutch/CDC-2024-FIRST/install/my_robot_package/share/my_robot_package/package.xml
[3.742s] DEBUG:colcon.colcon_core.task.python.build:While undoing a previous installation files outside the Python library path are being ignored: /workspaces/F1Tenth_Team_Clutch/CDC-2024-FIRST/install/my_robot_package/lib/my_robot_package/my_subscriber_node
[3.753s] DEBUG:colcon.colcon_core.event_handler.log_command:Invoking command in '/workspaces/F1Tenth_Team_Clutch/CDC-2024-FIRST/build/my_robot_package': PYTHONPATH=/workspaces/F1Tenth_Team_Clutch/CDC-2024-FIRST/build/my_robot_package/prefix_override:/usr/lib/python3/dist-packages/colcon_core/task/python/colcon_distutils_commands:/workspaces/F1Tenth_Team_Clutch/CDC-2024-FIRST/install/my_robot_package/lib/python3.10/site-packages:${PYTHONPATH} /usr/bin/python3 -W ignore:setup.py install is deprecated setup.py develop --editable --build-directory /workspaces/F1Tenth_Team_Clutch/CDC-2024-FIRST/build/my_robot_package/build --no-deps symlink_data --force
[3.790s] DEBUG:colcon.colcon_core.task.python.build:While undoing a previous installation files outside the Python library path are being ignored: /workspaces/F1Tenth_Team_Clutch/CDC-2024-FIRST/install/my_robot_controller/share/ament_index/resource_index/packages/my_robot_controller
[3.790s] DEBUG:colcon.colcon_core.task.python.build:While undoing a previous installation files outside the Python library path are being ignored: /workspaces/F1Tenth_Team_Clutch/CDC-2024-FIRST/install/my_robot_controller/share/my_robot_controller/package.xml
[3.791s] DEBUG:colcon.colcon_core.task.python.build:While undoing a previous installation files outside the Python library path are being ignored: /workspaces/F1Tenth_Team_Clutch/CDC-2024-FIRST/install/my_robot_controller/lib/my_robot_controller/draw_circle
[3.791s] DEBUG:colcon.colcon_core.task.python.build:While undoing a previous installation files outside the Python library path are being ignored: /workspaces/F1Tenth_Team_Clutch/CDC-2024-FIRST/install/my_robot_controller/lib/my_robot_controller/drive_vehicle1
[3.791s] DEBUG:colcon.colcon_core.task.python.build:While undoing a previous installation files outside the Python library path are being ignored: /workspaces/F1Tenth_Team_Clutch/CDC-2024-FIRST/install/my_robot_controller/lib/my_robot_controller/drive_vehicle2
[3.791s] DEBUG:colcon.colcon_core.task.python.build:While undoing a previous installation files outside the Python library path are being ignored: /workspaces/F1Tenth_Team_Clutch/CDC-2024-FIRST/install/my_robot_controller/lib/my_robot_controller/drive_vehicle3
[3.791s] DEBUG:colcon.colcon_core.task.python.build:While undoing a previous installation files outside the Python library path are being ignored: /workspaces/F1Tenth_Team_Clutch/CDC-2024-FIRST/install/my_robot_controller/lib/my_robot_controller/my_subscriber_node
[3.791s] DEBUG:colcon.colcon_core.task.python.build:While undoing a previous installation files outside the Python library path are being ignored: /workspaces/F1Tenth_Team_Clutch/CDC-2024-FIRST/install/my_robot_controller/lib/my_robot_controller/new_bridge
[3.791s] DEBUG:colcon.colcon_core.task.python.build:While undoing a previous installation files outside the Python library path are being ignored: /workspaces/F1Tenth_Team_Clutch/CDC-2024-FIRST/install/my_robot_controller/lib/my_robot_controller/test_node
[3.803s] DEBUG:colcon.colcon_core.event_handler.log_command:Invoking command in '/workspaces/F1Tenth_Team_Clutch/CDC-2024-FIRST/build/my_robot_controller': PYTHONPATH=/workspaces/F1Tenth_Team_Clutch/CDC-2024-FIRST/build/my_robot_controller/prefix_override:/usr/lib/python3/dist-packages/colcon_core/task/python/colcon_distutils_commands:/workspaces/F1Tenth_Team_Clutch/CDC-2024-FIRST/install/my_robot_controller/lib/python3.10/site-packages:${PYTHONPATH} /usr/bin/python3 -W ignore:setup.py install is deprecated setup.py develop --editable --build-directory /workspaces/F1Tenth_Team_Clutch/CDC-2024-FIRST/build/my_robot_controller/build --no-deps symlink_data --force
[5.257s] Level 1:colcon.colcon_core.shell:create_environment_hook('my_robot_controller', 'pythonpath_develop')
[5.259s] INFO:colcon.colcon_core.shell:Creating environment hook '/workspaces/F1Tenth_Team_Clutch/CDC-2024-FIRST/build/my_robot_controller/share/my_robot_controller/hook/pythonpath_develop.ps1'
[5.261s] DEBUG:colcon.colcon_core.event_handler.log_command:Invoked command in '/workspaces/F1Tenth_Team_Clutch/CDC-2024-FIRST/build/my_robot_controller' returned '0': PYTHONPATH=/workspaces/F1Tenth_Team_Clutch/CDC-2024-FIRST/build/my_robot_controller/prefix_override:/usr/lib/python3/dist-packages/colcon_core/task/python/colcon_distutils_commands:/workspaces/F1Tenth_Team_Clutch/CDC-2024-FIRST/install/my_robot_controller/lib/python3.10/site-packages:${PYTHONPATH} /usr/bin/python3 -W ignore:setup.py install is deprecated setup.py develop --editable --build-directory /workspaces/F1Tenth_Team_Clutch/CDC-2024-FIRST/build/my_robot_controller/build --no-deps symlink_data --force
[5.264s] INFO:colcon.colcon_core.shell:Creating environment descriptor '/workspaces/F1Tenth_Team_Clutch/CDC-2024-FIRST/build/my_robot_controller/share/my_robot_controller/hook/pythonpath_develop.dsv'
[5.265s] INFO:colcon.colcon_core.shell:Creating environment hook '/workspaces/F1Tenth_Team_Clutch/CDC-2024-FIRST/build/my_robot_controller/share/my_robot_controller/hook/pythonpath_develop.sh'
[5.272s] Level 1:colcon.colcon_core.environment:checking '/workspaces/F1Tenth_Team_Clutch/CDC-2024-FIRST/install/my_robot_controller' for CMake module files
[5.274s] Level 1:colcon.colcon_core.environment:checking '/workspaces/F1Tenth_Team_Clutch/CDC-2024-FIRST/install/my_robot_controller' for CMake config files
[5.277s] Level 1:colcon.colcon_core.environment:checking '/workspaces/F1Tenth_Team_Clutch/CDC-2024-FIRST/install/my_robot_controller/lib'
[5.278s] Level 1:colcon.colcon_core.environment:checking '/workspaces/F1Tenth_Team_Clutch/CDC-2024-FIRST/install/my_robot_controller/bin'
[5.279s] Level 1:colcon.colcon_core.environment:checking '/workspaces/F1Tenth_Team_Clutch/CDC-2024-FIRST/install/my_robot_controller/lib/pkgconfig/my_robot_controller.pc'
[5.280s] Level 1:colcon.colcon_core.environment:checking '/workspaces/F1Tenth_Team_Clutch/CDC-2024-FIRST/install/my_robot_controller/lib/python3.10/site-packages'
[5.280s] Level 1:colcon.colcon_core.shell:create_environment_hook('my_robot_controller', 'pythonpath')
[5.281s] INFO:colcon.colcon_core.shell:Creating environment hook '/workspaces/F1Tenth_Team_Clutch/CDC-2024-FIRST/install/my_robot_controller/share/my_robot_controller/hook/pythonpath.ps1'
[5.283s] INFO:colcon.colcon_core.shell:Creating environment descriptor '/workspaces/F1Tenth_Team_Clutch/CDC-2024-FIRST/install/my_robot_controller/share/my_robot_controller/hook/pythonpath.dsv'
[5.285s] INFO:colcon.colcon_core.shell:Creating environment hook '/workspaces/F1Tenth_Team_Clutch/CDC-2024-FIRST/install/my_robot_controller/share/my_robot_controller/hook/pythonpath.sh'
[5.287s] Level 1:colcon.colcon_core.environment:checking '/workspaces/F1Tenth_Team_Clutch/CDC-2024-FIRST/install/my_robot_controller/bin'
[5.287s] Level 1:colcon.colcon_core.environment:create_environment_scripts_only(my_robot_controller)
[5.289s] INFO:colcon.colcon_core.shell:Creating package script '/workspaces/F1Tenth_Team_Clutch/CDC-2024-FIRST/install/my_robot_controller/share/my_robot_controller/package.ps1'
[5.293s] INFO:colcon.colcon_core.shell:Creating package descriptor '/workspaces/F1Tenth_Team_Clutch/CDC-2024-FIRST/install/my_robot_controller/share/my_robot_controller/package.dsv'
[5.295s] INFO:colcon.colcon_core.shell:Creating package script '/workspaces/F1Tenth_Team_Clutch/CDC-2024-FIRST/install/my_robot_controller/share/my_robot_controller/package.sh'
[5.297s] INFO:colcon.colcon_core.shell:Creating package script '/workspaces/F1Tenth_Team_Clutch/CDC-2024-FIRST/install/my_robot_controller/share/my_robot_controller/package.bash'
[5.301s] INFO:colcon.colcon_core.shell:Creating package script '/workspaces/F1Tenth_Team_Clutch/CDC-2024-FIRST/install/my_robot_controller/share/my_robot_controller/package.zsh'
[5.303s] Level 1:colcon.colcon_core.environment:create_file_with_runtime_dependencies(/workspaces/F1Tenth_Team_Clutch/CDC-2024-FIRST/install/my_robot_controller/share/colcon-core/packages/my_robot_controller)
[5.393s] Level 1:colcon.colcon_core.shell:create_environment_hook('my_robot_package', 'pythonpath_develop')
[5.399s] INFO:colcon.colcon_core.shell:Creating environment hook '/workspaces/F1Tenth_Team_Clutch/CDC-2024-FIRST/build/my_robot_package/share/my_robot_package/hook/pythonpath_develop.ps1'
[5.403s] DEBUG:colcon.colcon_core.event_handler.log_command:Invoked command in '/workspaces/F1Tenth_Team_Clutch/CDC-2024-FIRST/build/my_robot_package' returned '0': PYTHONPATH=/workspaces/F1Tenth_Team_Clutch/CDC-2024-FIRST/build/my_robot_package/prefix_override:/usr/lib/python3/dist-packages/colcon_core/task/python/colcon_distutils_commands:/workspaces/F1Tenth_Team_Clutch/CDC-2024-FIRST/install/my_robot_package/lib/python3.10/site-packages:${PYTHONPATH} /usr/bin/python3 -W ignore:setup.py install is deprecated setup.py develop --editable --build-directory /workspaces/F1Tenth_Team_Clutch/CDC-2024-FIRST/build/my_robot_package/build --no-deps symlink_data --force
[5.406s] INFO:colcon.colcon_core.shell:Creating environment descriptor '/workspaces/F1Tenth_Team_Clutch/CDC-2024-FIRST/build/my_robot_package/share/my_robot_package/hook/pythonpath_develop.dsv'
[5.410s] INFO:colcon.colcon_core.shell:Creating environment hook '/workspaces/F1Tenth_Team_Clutch/CDC-2024-FIRST/build/my_robot_package/share/my_robot_package/hook/pythonpath_develop.sh'
[5.413s] Level 1:colcon.colcon_core.environment:checking '/workspaces/F1Tenth_Team_Clutch/CDC-2024-FIRST/install/my_robot_package' for CMake module files
[5.415s] Level 1:colcon.colcon_core.environment:checking '/workspaces/F1Tenth_Team_Clutch/CDC-2024-FIRST/install/my_robot_package' for CMake config files
[5.417s] Level 1:colcon.colcon_core.environment:checking '/workspaces/F1Tenth_Team_Clutch/CDC-2024-FIRST/install/my_robot_package/lib'
[5.418s] Level 1:colcon.colcon_core.environment:checking '/workspaces/F1Tenth_Team_Clutch/CDC-2024-FIRST/install/my_robot_package/bin'
[5.418s] Level 1:colcon.colcon_core.environment:checking '/workspaces/F1Tenth_Team_Clutch/CDC-2024-FIRST/install/my_robot_package/lib/pkgconfig/my_robot_package.pc'
[5.420s] Level 1:colcon.colcon_core.environment:checking '/workspaces/F1Tenth_Team_Clutch/CDC-2024-FIRST/install/my_robot_package/lib/python3.10/site-packages'
[5.422s] Level 1:colcon.colcon_core.shell:create_environment_hook('my_robot_package', 'pythonpath')
[5.423s] INFO:colcon.colcon_core.shell:Creating environment hook '/workspaces/F1Tenth_Team_Clutch/CDC-2024-FIRST/install/my_robot_package/share/my_robot_package/hook/pythonpath.ps1'
[5.429s] INFO:colcon.colcon_core.shell:Creating environment descriptor '/workspaces/F1Tenth_Team_Clutch/CDC-2024-FIRST/install/my_robot_package/share/my_robot_package/hook/pythonpath.dsv'
[5.438s] INFO:colcon.colcon_core.shell:Creating environment hook '/workspaces/F1Tenth_Team_Clutch/CDC-2024-FIRST/install/my_robot_package/share/my_robot_package/hook/pythonpath.sh'
[5.458s] Level 1:colcon.colcon_core.environment:checking '/workspaces/F1Tenth_Team_Clutch/CDC-2024-FIRST/install/my_robot_package/bin'
[5.464s] Level 1:colcon.colcon_core.environment:create_environment_scripts_only(my_robot_package)
[5.468s] INFO:colcon.colcon_core.shell:Creating package script '/workspaces/F1Tenth_Team_Clutch/CDC-2024-FIRST/install/my_robot_package/share/my_robot_package/package.ps1'
[5.479s] INFO:colcon.colcon_core.shell:Creating package descriptor '/workspaces/F1Tenth_Team_Clutch/CDC-2024-FIRST/install/my_robot_package/share/my_robot_package/package.dsv'
[5.484s] INFO:colcon.colcon_core.shell:Creating package script '/workspaces/F1Tenth_Team_Clutch/CDC-2024-FIRST/install/my_robot_package/share/my_robot_package/package.sh'
[5.489s] INFO:colcon.colcon_core.shell:Creating package script '/workspaces/F1Tenth_Team_Clutch/CDC-2024-FIRST/install/my_robot_package/share/my_robot_package/package.bash'
[5.506s] INFO:colcon.colcon_core.shell:Creating package script '/workspaces/F1Tenth_Team_Clutch/CDC-2024-FIRST/install/my_robot_package/share/my_robot_package/package.zsh'
[5.511s] Level 1:colcon.colcon_core.environment:create_file_with_runtime_dependencies(/workspaces/F1Tenth_Team_Clutch/CDC-2024-FIRST/install/my_robot_package/share/colcon-core/packages/my_robot_package)
[5.512s] DEBUG:colcon.colcon_parallel_executor.executor.parallel:closing loop
[5.513s] DEBUG:colcon.colcon_parallel_executor.executor.parallel:loop closed
[5.514s] DEBUG:colcon.colcon_parallel_executor.executor.parallel:run_until_complete finished with '0'
[5.514s] DEBUG:colcon.colcon_core.event_reactor:joining thread
[5.576s] INFO:colcon.colcon_core.plugin_system:Skipping extension 'colcon_notification.desktop_notification.notify_send': Could not find 'notify-send'
[5.579s] INFO:colcon.colcon_core.plugin_system:Skipping extension 'colcon_notification.desktop_notification.terminal_notifier': Not used on non-Darwin systems
[5.580s] INFO:colcon.colcon_core.plugin_system:Skipping extension 'colcon_notification.desktop_notification.win32': Not used on non-Windows systems
[5.580s] INFO:colcon.colcon_notification.desktop_notification:Sending desktop notification using 'notify2'
[5.614s] DEBUG:colcon.colcon_notification.desktop_notification.notify2:Failed to initialize notify2: org.freedesktop.DBus.Error.Spawn.ExecFailed: /usr/bin/dbus-launch terminated abnormally without any error message
[5.615s] DEBUG:colcon.colcon_core.event_reactor:joined thread
[5.618s] INFO:colcon.colcon_core.shell:Creating prefix script '/workspaces/F1Tenth_Team_Clutch/CDC-2024-FIRST/install/local_setup.ps1'
[5.647s] INFO:colcon.colcon_core.shell:Creating prefix util module '/workspaces/F1Tenth_Team_Clutch/CDC-2024-FIRST/install/_local_setup_util_ps1.py'
[5.690s] INFO:colcon.colcon_core.shell:Creating prefix chain script '/workspaces/F1Tenth_Team_Clutch/CDC-2024-FIRST/install/setup.ps1'
[5.703s] INFO:colcon.colcon_core.shell:Creating prefix script '/workspaces/F1Tenth_Team_Clutch/CDC-2024-FIRST/install/local_setup.sh'
[5.714s] INFO:colcon.colcon_core.shell:Creating prefix util module '/workspaces/F1Tenth_Team_Clutch/CDC-2024-FIRST/install/_local_setup_util_sh.py'
[5.715s] INFO:colcon.colcon_core.shell:Creating prefix chain script '/workspaces/F1Tenth_Team_Clutch/CDC-2024-FIRST/install/setup.sh'
[5.716s] INFO:colcon.colcon_core.shell:Creating prefix script '/workspaces/F1Tenth_Team_Clutch/CDC-2024-FIRST/install/local_setup.bash'
[5.735s] INFO:colcon.colcon_core.shell:Creating prefix chain script '/workspaces/F1Tenth_Team_Clutch/CDC-2024-FIRST/install/setup.bash'
[5.743s] INFO:colcon.colcon_core.shell:Creating prefix script '/workspaces/F1Tenth_Team_Clutch/CDC-2024-FIRST/install/local_setup.zsh'
[5.744s] INFO:colcon.colcon_core.shell:Creating prefix chain script '/workspaces/F1Tenth_Team_Clutch/CDC-2024-FIRST/install/setup.zsh'
