[2.361s] Invoking command in '/workspaces/F1Tenth_Team_Clutch/CDC-2024-FIRST/src_old/my_robot_controller': PYTHONPATH=/workspaces/F1Tenth_Team_Clutch/CDC-2024-FIRST/build/my_robot_controller/prefix_override:/usr/lib/python3/dist-packages/colcon_core/task/python/colcon_distutils_commands:/workspaces/F1Tenth_Team_Clutch/CDC-2024-FIRST/install/my_robot_controller/lib/python3.10/site-packages:${PYTHONPATH} /usr/bin/python3 -W ignore:setup.py install is deprecated setup.py egg_info --egg-base ../../build/my_robot_controller build --build-base /workspaces/F1Tenth_Team_Clutch/CDC-2024-FIRST/build/my_robot_controller/build install --record /workspaces/F1Tenth_Team_Clutch/CDC-2024-FIRST/build/my_robot_controller/install.log --single-version-externally-managed install_data
[2.919s] running egg_info
[2.921s] writing ../../build/my_robot_controller/my_robot_controller.egg-info/PKG-INFO
[2.921s] writing dependency_links to ../../build/my_robot_controller/my_robot_controller.egg-info/dependency_links.txt
[2.922s] writing entry points to ../../build/my_robot_controller/my_robot_controller.egg-info/entry_points.txt
[2.925s] writing requirements to ../../build/my_robot_controller/my_robot_controller.egg-info/requires.txt
[2.925s] writing top-level names to ../../build/my_robot_controller/my_robot_controller.egg-info/top_level.txt
[2.943s] reading manifest file '../../build/my_robot_controller/my_robot_controller.egg-info/SOURCES.txt'
[2.945s] writing manifest file '../../build/my_robot_controller/my_robot_controller.egg-info/SOURCES.txt'
[2.949s] running build
[2.949s] running build_py
[2.949s] running install
[2.949s] running install_lib
[2.958s] running install_data
[2.960s] running install_egg_info
[2.963s] removing '/workspaces/F1Tenth_Team_Clutch/CDC-2024-FIRST/install/my_robot_controller/lib/python3.10/site-packages/my_robot_controller-0.0.0-py3.10.egg-info' (and everything under it)
[2.964s] Copying ../../build/my_robot_controller/my_robot_controller.egg-info to /workspaces/F1Tenth_Team_Clutch/CDC-2024-FIRST/install/my_robot_controller/lib/python3.10/site-packages/my_robot_controller-0.0.0-py3.10.egg-info
[2.967s] running install_scripts
[3.029s] Installing draw_circle script to /workspaces/F1Tenth_Team_Clutch/CDC-2024-FIRST/install/my_robot_controller/lib/my_robot_controller
[3.030s] Installing drive_vehicle1 script to /workspaces/F1Tenth_Team_Clutch/CDC-2024-FIRST/install/my_robot_controller/lib/my_robot_controller
[3.031s] Installing drive_vehicle2 script to /workspaces/F1Tenth_Team_Clutch/CDC-2024-FIRST/install/my_robot_controller/lib/my_robot_controller
[3.031s] Installing drive_vehicle3 script to /workspaces/F1Tenth_Team_Clutch/CDC-2024-FIRST/install/my_robot_controller/lib/my_robot_controller
[3.031s] Installing my_subscriber_node script to /workspaces/F1Tenth_Team_Clutch/CDC-2024-FIRST/install/my_robot_controller/lib/my_robot_controller
[3.031s] Installing new_bridge script to /workspaces/F1Tenth_Team_Clutch/CDC-2024-FIRST/install/my_robot_controller/lib/my_robot_controller
[3.031s] Installing test_node script to /workspaces/F1Tenth_Team_Clutch/CDC-2024-FIRST/install/my_robot_controller/lib/my_robot_controller
[3.031s] writing list of installed files to '/workspaces/F1Tenth_Team_Clutch/CDC-2024-FIRST/build/my_robot_controller/install.log'
[3.176s] Invoked command in '/workspaces/F1Tenth_Team_Clutch/CDC-2024-FIRST/src_old/my_robot_controller' returned '0': PYTHONPATH=/workspaces/F1Tenth_Team_Clutch/CDC-2024-FIRST/build/my_robot_controller/prefix_override:/usr/lib/python3/dist-packages/colcon_core/task/python/colcon_distutils_commands:/workspaces/F1Tenth_Team_Clutch/CDC-2024-FIRST/install/my_robot_controller/lib/python3.10/site-packages:${PYTHONPATH} /usr/bin/python3 -W ignore:setup.py install is deprecated setup.py egg_info --egg-base ../../build/my_robot_controller build --build-base /workspaces/F1Tenth_Team_Clutch/CDC-2024-FIRST/build/my_robot_controller/build install --record /workspaces/F1Tenth_Team_Clutch/CDC-2024-FIRST/build/my_robot_controller/install.log --single-version-externally-managed install_data
