[0.741s] Invoking command in '/workspaces/F1Tenth_Team_Clutch/CDC-2024-FIRST/build/my_robot_package': PYTHONPATH=/workspaces/F1Tenth_Team_Clutch/CDC-2024-FIRST/build/my_robot_package/prefix_override:/usr/lib/python3/dist-packages/colcon_core/task/python/colcon_distutils_commands:/workspaces/F1Tenth_Team_Clutch/CDC-2024-FIRST/install/my_robot_package/lib/python3.10/site-packages: /usr/bin/python3 -W ignore:setup.py install is deprecated setup.py develop --uninstall --editable --build-directory /workspaces/F1Tenth_Team_Clutch/CDC-2024-FIRST/build/my_robot_package/build
[0.931s] running develop
[0.931s] /usr/lib/python3/dist-packages/setuptools/command/easy_install.py:158: EasyInstallDeprecationWarning: easy_install command is deprecated. Use build and pip and other standards-based tools.
[0.932s]   warnings.warn(
[0.987s] Removing /workspaces/F1Tenth_Team_Clutch/CDC-2024-FIRST/install/my_robot_package/lib/python3.10/site-packages/my-robot-package.egg-link (link to .)
[1.021s] Invoked command in '/workspaces/F1Tenth_Team_Clutch/CDC-2024-FIRST/build/my_robot_package' returned '0': PYTHONPATH=/workspaces/F1Tenth_Team_Clutch/CDC-2024-FIRST/build/my_robot_package/prefix_override:/usr/lib/python3/dist-packages/colcon_core/task/python/colcon_distutils_commands:/workspaces/F1Tenth_Team_Clutch/CDC-2024-FIRST/install/my_robot_package/lib/python3.10/site-packages: /usr/bin/python3 -W ignore:setup.py install is deprecated setup.py develop --uninstall --editable --build-directory /workspaces/F1Tenth_Team_Clutch/CDC-2024-FIRST/build/my_robot_package/build
[1.023s] Invoking command in '/workspaces/F1Tenth_Team_Clutch/CDC-2024-FIRST/src/my_robot_package': PYTHONPATH=/workspaces/F1Tenth_Team_Clutch/CDC-2024-FIRST/build/my_robot_package/prefix_override:/usr/lib/python3/dist-packages/colcon_core/task/python/colcon_distutils_commands:/workspaces/F1Tenth_Team_Clutch/CDC-2024-FIRST/install/my_robot_package/lib/python3.10/site-packages: /usr/bin/python3 -W ignore:setup.py install is deprecated setup.py egg_info --egg-base ../../build/my_robot_package build --build-base /workspaces/F1Tenth_Team_Clutch/CDC-2024-FIRST/build/my_robot_package/build install --record /workspaces/F1Tenth_Team_Clutch/CDC-2024-FIRST/build/my_robot_package/install.log --single-version-externally-managed install_data --force
[1.264s] running egg_info
[1.265s] writing ../../build/my_robot_package/my_robot_package.egg-info/PKG-INFO
[1.265s] writing dependency_links to ../../build/my_robot_package/my_robot_package.egg-info/dependency_links.txt
[1.265s] writing entry points to ../../build/my_robot_package/my_robot_package.egg-info/entry_points.txt
[1.266s] writing requirements to ../../build/my_robot_package/my_robot_package.egg-info/requires.txt
[1.266s] writing top-level names to ../../build/my_robot_package/my_robot_package.egg-info/top_level.txt
[1.267s] reading manifest file '../../build/my_robot_package/my_robot_package.egg-info/SOURCES.txt'
[1.268s] writing manifest file '../../build/my_robot_package/my_robot_package.egg-info/SOURCES.txt'
[1.269s] running build
[1.269s] running build_py
[1.269s] copying my_robot_package/my_subscriber_node.py -> /workspaces/F1Tenth_Team_Clutch/CDC-2024-FIRST/build/my_robot_package/build/lib/my_robot_package
[1.269s] running install
[1.269s] running install_lib
[1.270s] creating /workspaces/F1Tenth_Team_Clutch/CDC-2024-FIRST/install/my_robot_package/lib/python3.10/site-packages/my_robot_package
[1.270s] copying /workspaces/F1Tenth_Team_Clutch/CDC-2024-FIRST/build/my_robot_package/build/lib/my_robot_package/__init__.py -> /workspaces/F1Tenth_Team_Clutch/CDC-2024-FIRST/install/my_robot_package/lib/python3.10/site-packages/my_robot_package
[1.270s] copying /workspaces/F1Tenth_Team_Clutch/CDC-2024-FIRST/build/my_robot_package/build/lib/my_robot_package/test_node.py -> /workspaces/F1Tenth_Team_Clutch/CDC-2024-FIRST/install/my_robot_package/lib/python3.10/site-packages/my_robot_package
[1.270s] copying /workspaces/F1Tenth_Team_Clutch/CDC-2024-FIRST/build/my_robot_package/build/lib/my_robot_package/my_subscriber_node.py -> /workspaces/F1Tenth_Team_Clutch/CDC-2024-FIRST/install/my_robot_package/lib/python3.10/site-packages/my_robot_package
[1.270s] byte-compiling /workspaces/F1Tenth_Team_Clutch/CDC-2024-FIRST/install/my_robot_package/lib/python3.10/site-packages/my_robot_package/__init__.py to __init__.cpython-310.pyc
[1.271s] byte-compiling /workspaces/F1Tenth_Team_Clutch/CDC-2024-FIRST/install/my_robot_package/lib/python3.10/site-packages/my_robot_package/test_node.py to test_node.cpython-310.pyc
[1.271s] byte-compiling /workspaces/F1Tenth_Team_Clutch/CDC-2024-FIRST/install/my_robot_package/lib/python3.10/site-packages/my_robot_package/my_subscriber_node.py to my_subscriber_node.cpython-310.pyc
[1.272s] running install_data
[1.272s] copying resource/my_robot_package -> /workspaces/F1Tenth_Team_Clutch/CDC-2024-FIRST/install/my_robot_package/share/ament_index/resource_index/packages
[1.273s] copying package.xml -> /workspaces/F1Tenth_Team_Clutch/CDC-2024-FIRST/install/my_robot_package/share/my_robot_package
[1.273s] running install_egg_info
[1.274s] Copying ../../build/my_robot_package/my_robot_package.egg-info to /workspaces/F1Tenth_Team_Clutch/CDC-2024-FIRST/install/my_robot_package/lib/python3.10/site-packages/my_robot_package-0.0.0-py3.10.egg-info
[1.275s] running install_scripts
[1.295s] Installing my_subscriber_node script to /workspaces/F1Tenth_Team_Clutch/CDC-2024-FIRST/install/my_robot_package/lib/my_robot_package
[1.295s] writing list of installed files to '/workspaces/F1Tenth_Team_Clutch/CDC-2024-FIRST/build/my_robot_package/install.log'
[1.325s] Invoked command in '/workspaces/F1Tenth_Team_Clutch/CDC-2024-FIRST/src/my_robot_package' returned '0': PYTHONPATH=/workspaces/F1Tenth_Team_Clutch/CDC-2024-FIRST/build/my_robot_package/prefix_override:/usr/lib/python3/dist-packages/colcon_core/task/python/colcon_distutils_commands:/workspaces/F1Tenth_Team_Clutch/CDC-2024-FIRST/install/my_robot_package/lib/python3.10/site-packages: /usr/bin/python3 -W ignore:setup.py install is deprecated setup.py egg_info --egg-base ../../build/my_robot_package build --build-base /workspaces/F1Tenth_Team_Clutch/CDC-2024-FIRST/build/my_robot_package/build install --record /workspaces/F1Tenth_Team_Clutch/CDC-2024-FIRST/build/my_robot_package/install.log --single-version-externally-managed install_data --force
