[0.940s] Invoking command in '/workspaces/F1Tenth_Team_Clutch/CDC-2024-FIRST/src/my_robot_package': PYTHONPATH=/workspaces/F1Tenth_Team_Clutch/CDC-2024-FIRST/build/my_robot_package/prefix_override:/usr/lib/python3/dist-packages/colcon_core/task/python/colcon_distutils_commands:/workspaces/F1Tenth_Team_Clutch/CDC-2024-FIRST/install/my_robot_package/lib/python3.10/site-packages:${PYTHONPATH} /usr/bin/python3 -W ignore:setup.py install is deprecated setup.py egg_info --egg-base ../../build/my_robot_package build --build-base /workspaces/F1Tenth_Team_Clutch/CDC-2024-FIRST/build/my_robot_package/build install --record /workspaces/F1Tenth_Team_Clutch/CDC-2024-FIRST/build/my_robot_package/install.log --single-version-externally-managed install_data
[1.201s] running egg_info
[1.201s] writing ../../build/my_robot_package/my_robot_package.egg-info/PKG-INFO
[1.202s] writing dependency_links to ../../build/my_robot_package/my_robot_package.egg-info/dependency_links.txt
[1.202s] writing entry points to ../../build/my_robot_package/my_robot_package.egg-info/entry_points.txt
[1.202s] writing requirements to ../../build/my_robot_package/my_robot_package.egg-info/requires.txt
[1.202s] writing top-level names to ../../build/my_robot_package/my_robot_package.egg-info/top_level.txt
[1.204s] reading manifest file '../../build/my_robot_package/my_robot_package.egg-info/SOURCES.txt'
[1.205s] writing manifest file '../../build/my_robot_package/my_robot_package.egg-info/SOURCES.txt'
[1.205s] running build
[1.205s] running build_py
[1.205s] copying my_robot_package/my_subscriber_node.py -> /workspaces/F1Tenth_Team_Clutch/CDC-2024-FIRST/build/my_robot_package/build/lib/my_robot_package
[1.205s] running install
[1.206s] running install_lib
[1.206s] copying /workspaces/F1Tenth_Team_Clutch/CDC-2024-FIRST/build/my_robot_package/build/lib/my_robot_package/my_subscriber_node.py -> /workspaces/F1Tenth_Team_Clutch/CDC-2024-FIRST/install/my_robot_package/lib/python3.10/site-packages/my_robot_package
[1.207s] byte-compiling /workspaces/F1Tenth_Team_Clutch/CDC-2024-FIRST/install/my_robot_package/lib/python3.10/site-packages/my_robot_package/my_subscriber_node.py to my_subscriber_node.cpython-310.pyc
[1.209s] running install_data
[1.209s] running install_egg_info
[1.212s] removing '/workspaces/F1Tenth_Team_Clutch/CDC-2024-FIRST/install/my_robot_package/lib/python3.10/site-packages/my_robot_package-0.0.0-py3.10.egg-info' (and everything under it)
[1.213s] Copying ../../build/my_robot_package/my_robot_package.egg-info to /workspaces/F1Tenth_Team_Clutch/CDC-2024-FIRST/install/my_robot_package/lib/python3.10/site-packages/my_robot_package-0.0.0-py3.10.egg-info
[1.214s] running install_scripts
[1.237s] Installing my_subscriber_node script to /workspaces/F1Tenth_Team_Clutch/CDC-2024-FIRST/install/my_robot_package/lib/my_robot_package
[1.238s] writing list of installed files to '/workspaces/F1Tenth_Team_Clutch/CDC-2024-FIRST/build/my_robot_package/install.log'
[1.272s] Invoked command in '/workspaces/F1Tenth_Team_Clutch/CDC-2024-FIRST/src/my_robot_package' returned '0': PYTHONPATH=/workspaces/F1Tenth_Team_Clutch/CDC-2024-FIRST/build/my_robot_package/prefix_override:/usr/lib/python3/dist-packages/colcon_core/task/python/colcon_distutils_commands:/workspaces/F1Tenth_Team_Clutch/CDC-2024-FIRST/install/my_robot_package/lib/python3.10/site-packages:${PYTHONPATH} /usr/bin/python3 -W ignore:setup.py install is deprecated setup.py egg_info --egg-base ../../build/my_robot_package build --build-base /workspaces/F1Tenth_Team_Clutch/CDC-2024-FIRST/build/my_robot_package/build install --record /workspaces/F1Tenth_Team_Clutch/CDC-2024-FIRST/build/my_robot_package/install.log --single-version-externally-managed install_data
