[1.281s] Invoking command in '/workspaces/F1Tenth_Team_Clutch/CDC-2024-CLUTCH-DEVKIT/build/my_robot_controller': PYTHONPATH=/workspaces/F1Tenth_Team_Clutch/CDC-2024-CLUTCH-DEVKIT/build/my_robot_controller/prefix_override:/usr/lib/python3/dist-packages/colcon_core/task/python/colcon_distutils_commands:/workspaces/F1Tenth_Team_Clutch/CDC-2024-CLUTCH-DEVKIT/install/my_robot_controller/lib/python3.10/site-packages:${PYTHONPATH} /usr/bin/python3 -W ignore:setup.py install is deprecated setup.py develop --editable --build-directory /workspaces/F1Tenth_Team_Clutch/CDC-2024-CLUTCH-DEVKIT/build/my_robot_controller/build --no-deps symlink_data
[1.806s] running develop
[1.806s] /usr/lib/python3/dist-packages/setuptools/command/easy_install.py:158: EasyInstallDeprecationWarning: easy_install command is deprecated. Use build and pip and other standards-based tools.
[1.807s]   warnings.warn(
[2.087s] running egg_info
[2.088s] writing my_robot_controller.egg-info/PKG-INFO
[2.088s] writing dependency_links to my_robot_controller.egg-info/dependency_links.txt
[2.088s] writing entry points to my_robot_controller.egg-info/entry_points.txt
[2.088s] writing requirements to my_robot_controller.egg-info/requires.txt
[2.088s] writing top-level names to my_robot_controller.egg-info/top_level.txt
[2.091s] reading manifest file 'my_robot_controller.egg-info/SOURCES.txt'
[2.093s] writing manifest file 'my_robot_controller.egg-info/SOURCES.txt'
[2.097s] running build_ext
[2.098s] Creating /workspaces/F1Tenth_Team_Clutch/CDC-2024-CLUTCH-DEVKIT/install/my_robot_controller/lib/python3.10/site-packages/my-robot-controller.egg-link (link to .)
[2.098s] Installing draw_circle script to /workspaces/F1Tenth_Team_Clutch/CDC-2024-CLUTCH-DEVKIT/install/my_robot_controller/lib/my_robot_controller
[2.098s] Installing drive_vehicle1 script to /workspaces/F1Tenth_Team_Clutch/CDC-2024-CLUTCH-DEVKIT/install/my_robot_controller/lib/my_robot_controller
[2.099s] Installing drive_vehicle2 script to /workspaces/F1Tenth_Team_Clutch/CDC-2024-CLUTCH-DEVKIT/install/my_robot_controller/lib/my_robot_controller
[2.099s] Installing test_node script to /workspaces/F1Tenth_Team_Clutch/CDC-2024-CLUTCH-DEVKIT/install/my_robot_controller/lib/my_robot_controller
[2.099s] 
[2.099s] Installed /workspaces/F1Tenth_Team_Clutch/CDC-2024-CLUTCH-DEVKIT/build/my_robot_controller
[2.099s] running symlink_data
[2.164s] Invoked command in '/workspaces/F1Tenth_Team_Clutch/CDC-2024-CLUTCH-DEVKIT/build/my_robot_controller' returned '0': PYTHONPATH=/workspaces/F1Tenth_Team_Clutch/CDC-2024-CLUTCH-DEVKIT/build/my_robot_controller/prefix_override:/usr/lib/python3/dist-packages/colcon_core/task/python/colcon_distutils_commands:/workspaces/F1Tenth_Team_Clutch/CDC-2024-CLUTCH-DEVKIT/install/my_robot_controller/lib/python3.10/site-packages:${PYTHONPATH} /usr/bin/python3 -W ignore:setup.py install is deprecated setup.py develop --editable --build-directory /workspaces/F1Tenth_Team_Clutch/CDC-2024-CLUTCH-DEVKIT/build/my_robot_controller/build --no-deps symlink_data
