[0.477s] DEBUG:colcon:Command line arguments: ['/usr/bin/colcon', 'build', '--symlink-install']
[0.478s] DEBUG:colcon:Parsed command line arguments: Namespace(log_base=None, log_level=None, verb_name='build', build_base='build', install_base='install', merge_install=False, symlink_install=True, test_result_base=None, continue_on_error=False, executor='parallel', parallel_workers=8, event_handlers=None, ignore_user_meta=False, metas=['./colcon.meta'], base_paths=['.'], packages_ignore=None, packages_ignore_regex=None, paths=None, packages_up_to=None, packages_up_to_regex=None, packages_above=None, packages_above_and_dependencies=None, packages_above_depth=None, packages_select_by_dep=None, packages_skip_by_dep=None, packages_skip_up_to=None, packages_select_build_failed=False, packages_skip_build_finished=False, packages_select_test_failures=False, packages_skip_test_passed=False, packages_select=None, packages_skip=None, packages_select_regex=None, packages_skip_regex=None, packages_start=None, packages_end=None, cmake_args=None, cmake_target=None, cmake_target_skip_unavailable=False, cmake_clean_cache=False, cmake_clean_first=False, cmake_force_configure=False, ament_cmake_args=None, catkin_cmake_args=None, catkin_skip_building_tests=False, mixin_files=None, mixin=None, verb_parser=<colcon_mixin.mixin.mixin_argument.MixinArgumentDecorator object at 0x1053d72482e0>, verb_extension=<colcon_core.verb.build.BuildVerb object at 0x1053d720fcd0>, main=<bound method BuildVerb.main of <colcon_core.verb.build.BuildVerb object at 0x1053d720fcd0>>, mixin_verb=('build',))
[0.917s] Level 1:colcon.colcon_core.package_discovery:discover_packages(colcon_meta) check parameters
[0.919s] INFO:colcon.colcon_metadata.package_discovery.colcon_meta:Using configuration from '/root/.colcon/metadata/default/Gazebo.meta'
[0.924s] INFO:colcon.colcon_metadata.package_discovery.colcon_meta:Using configuration from '/root/.colcon/metadata/default/fastrtps.meta'
[0.925s] Level 1:colcon.colcon_core.package_discovery:discover_packages(recursive) check parameters
[0.925s] Level 1:colcon.colcon_core.package_discovery:discover_packages(ignore) check parameters
[0.925s] Level 1:colcon.colcon_core.package_discovery:discover_packages(path) check parameters
[0.925s] Level 1:colcon.colcon_core.package_discovery:discover_packages(colcon_meta) discover
[0.926s] Level 1:colcon.colcon_core.package_discovery:discover_packages(recursive) discover
[0.926s] INFO:colcon.colcon_core.package_discovery:Crawling recursively for packages in '/workspaces/F1Tenth_Team_Clutch/CDC-2024-FIRST'
[0.926s] Level 1:colcon.colcon_core.package_identification:_identify(.) by extensions ['ignore', 'ignore_ament_install']
[0.927s] Level 1:colcon.colcon_core.package_identification:_identify(.) by extension 'ignore'
[0.927s] Level 1:colcon.colcon_core.package_identification:_identify(.) by extension 'ignore_ament_install'
[0.927s] Level 1:colcon.colcon_core.package_identification:_identify(.) by extensions ['colcon_pkg']
[0.927s] Level 1:colcon.colcon_core.package_identification:_identify(.) by extension 'colcon_pkg'
[0.927s] Level 1:colcon.colcon_core.package_identification:_identify(.) by extensions ['colcon_meta']
[0.927s] Level 1:colcon.colcon_core.package_identification:_identify(.) by extension 'colcon_meta'
[0.928s] Level 1:colcon.colcon_core.package_identification:_identify(.) by extensions ['ros']
[0.928s] Level 1:colcon.colcon_core.package_identification:_identify(.) by extension 'ros'
[0.954s] Level 1:colcon.colcon_core.package_identification:_identify(.) by extensions ['cmake', 'python']
[0.956s] Level 1:colcon.colcon_core.package_identification:_identify(.) by extension 'cmake'
[0.956s] Level 1:colcon.colcon_core.package_identification:_identify(.) by extension 'python'
[0.957s] Level 1:colcon.colcon_core.package_identification:_identify(.) by extensions ['python_setup_py']
[0.957s] Level 1:colcon.colcon_core.package_identification:_identify(.) by extension 'python_setup_py'
[0.957s] Level 1:colcon.colcon_core.package_identification:_identify(build) by extensions ['ignore', 'ignore_ament_install']
[0.958s] Level 1:colcon.colcon_core.package_identification:_identify(build) by extension 'ignore'
[0.958s] Level 1:colcon.colcon_core.package_identification:_identify(build) ignored
[0.959s] Level 1:colcon.colcon_core.package_identification:_identify(install) by extensions ['ignore', 'ignore_ament_install']
[0.959s] Level 1:colcon.colcon_core.package_identification:_identify(install) by extension 'ignore'
[0.959s] Level 1:colcon.colcon_core.package_identification:_identify(install) ignored
[0.960s] Level 1:colcon.colcon_core.package_identification:_identify(log) by extensions ['ignore', 'ignore_ament_install']
[0.960s] Level 1:colcon.colcon_core.package_identification:_identify(log) by extension 'ignore'
[0.960s] Level 1:colcon.colcon_core.package_identification:_identify(log) ignored
[0.960s] Level 1:colcon.colcon_core.package_identification:_identify(src) by extensions ['ignore', 'ignore_ament_install']
[0.960s] Level 1:colcon.colcon_core.package_identification:_identify(src) by extension 'ignore'
[0.960s] Level 1:colcon.colcon_core.package_identification:_identify(src) by extension 'ignore_ament_install'
[0.960s] Level 1:colcon.colcon_core.package_identification:_identify(src) by extensions ['colcon_pkg']
[0.961s] Level 1:colcon.colcon_core.package_identification:_identify(src) by extension 'colcon_pkg'
[0.961s] Level 1:colcon.colcon_core.package_identification:_identify(src) by extensions ['colcon_meta']
[0.961s] Level 1:colcon.colcon_core.package_identification:_identify(src) by extension 'colcon_meta'
[0.961s] Level 1:colcon.colcon_core.package_identification:_identify(src) by extensions ['ros']
[0.961s] Level 1:colcon.colcon_core.package_identification:_identify(src) by extension 'ros'
[0.961s] Level 1:colcon.colcon_core.package_identification:_identify(src) by extensions ['cmake', 'python']
[0.961s] Level 1:colcon.colcon_core.package_identification:_identify(src) by extension 'cmake'
[0.961s] Level 1:colcon.colcon_core.package_identification:_identify(src) by extension 'python'
[0.961s] Level 1:colcon.colcon_core.package_identification:_identify(src) by extensions ['python_setup_py']
[0.961s] Level 1:colcon.colcon_core.package_identification:_identify(src) by extension 'python_setup_py'
[0.961s] Level 1:colcon.colcon_core.package_identification:_identify(src/build) by extensions ['ignore', 'ignore_ament_install']
[0.962s] Level 1:colcon.colcon_core.package_identification:_identify(src/build) by extension 'ignore'
[0.962s] Level 1:colcon.colcon_core.package_identification:_identify(src/build) ignored
[0.962s] Level 1:colcon.colcon_core.package_identification:_identify(src/install) by extensions ['ignore', 'ignore_ament_install']
[0.962s] Level 1:colcon.colcon_core.package_identification:_identify(src/install) by extension 'ignore'
[0.962s] Level 1:colcon.colcon_core.package_identification:_identify(src/install) ignored
[0.962s] Level 1:colcon.colcon_core.package_identification:_identify(src/log) by extensions ['ignore', 'ignore_ament_install']
[0.963s] Level 1:colcon.colcon_core.package_identification:_identify(src/log) by extension 'ignore'
[0.963s] Level 1:colcon.colcon_core.package_identification:_identify(src/log) ignored
[0.963s] Level 1:colcon.colcon_core.package_identification:_identify(src/my_robot_package) by extensions ['ignore', 'ignore_ament_install']
[0.963s] Level 1:colcon.colcon_core.package_identification:_identify(src/my_robot_package) by extension 'ignore'
[0.963s] Level 1:colcon.colcon_core.package_identification:_identify(src/my_robot_package) by extension 'ignore_ament_install'
[0.963s] Level 1:colcon.colcon_core.package_identification:_identify(src/my_robot_package) by extensions ['colcon_pkg']
[0.963s] Level 1:colcon.colcon_core.package_identification:_identify(src/my_robot_package) by extension 'colcon_pkg'
[0.963s] Level 1:colcon.colcon_core.package_identification:_identify(src/my_robot_package) by extensions ['colcon_meta']
[0.963s] Level 1:colcon.colcon_core.package_identification:_identify(src/my_robot_package) by extension 'colcon_meta'
[0.963s] Level 1:colcon.colcon_core.package_identification:_identify(src/my_robot_package) by extensions ['ros']
[0.964s] Level 1:colcon.colcon_core.package_identification:_identify(src/my_robot_package) by extension 'ros'
[0.972s] DEBUG:colcon.colcon_core.package_identification:Package 'src/my_robot_package' with type 'ros.ament_python' and name 'my_robot_package'
[0.973s] Level 1:colcon.colcon_core.package_identification:_identify(src_old) by extensions ['ignore', 'ignore_ament_install']
[0.973s] Level 1:colcon.colcon_core.package_identification:_identify(src_old) by extension 'ignore'
[0.973s] Level 1:colcon.colcon_core.package_identification:_identify(src_old) by extension 'ignore_ament_install'
[0.973s] Level 1:colcon.colcon_core.package_identification:_identify(src_old) by extensions ['colcon_pkg']
[0.973s] Level 1:colcon.colcon_core.package_identification:_identify(src_old) by extension 'colcon_pkg'
[0.973s] Level 1:colcon.colcon_core.package_identification:_identify(src_old) by extensions ['colcon_meta']
[0.973s] Level 1:colcon.colcon_core.package_identification:_identify(src_old) by extension 'colcon_meta'
[0.973s] Level 1:colcon.colcon_core.package_identification:_identify(src_old) by extensions ['ros']
[0.973s] Level 1:colcon.colcon_core.package_identification:_identify(src_old) by extension 'ros'
[0.974s] Level 1:colcon.colcon_core.package_identification:_identify(src_old) by extensions ['cmake', 'python']
[0.974s] Level 1:colcon.colcon_core.package_identification:_identify(src_old) by extension 'cmake'
[0.974s] Level 1:colcon.colcon_core.package_identification:_identify(src_old) by extension 'python'
[0.974s] Level 1:colcon.colcon_core.package_identification:_identify(src_old) by extensions ['python_setup_py']
[0.974s] Level 1:colcon.colcon_core.package_identification:_identify(src_old) by extension 'python_setup_py'
[0.974s] Level 1:colcon.colcon_core.package_identification:_identify(src_old/build) by extensions ['ignore', 'ignore_ament_install']
[0.974s] Level 1:colcon.colcon_core.package_identification:_identify(src_old/build) by extension 'ignore'
[0.974s] Level 1:colcon.colcon_core.package_identification:_identify(src_old/build) ignored
[0.975s] Level 1:colcon.colcon_core.package_identification:_identify(src_old/install) by extensions ['ignore', 'ignore_ament_install']
[0.975s] Level 1:colcon.colcon_core.package_identification:_identify(src_old/install) by extension 'ignore'
[0.975s] Level 1:colcon.colcon_core.package_identification:_identify(src_old/install) ignored
[0.975s] Level 1:colcon.colcon_core.package_identification:_identify(src_old/log) by extensions ['ignore', 'ignore_ament_install']
[0.975s] Level 1:colcon.colcon_core.package_identification:_identify(src_old/log) by extension 'ignore'
[0.975s] Level 1:colcon.colcon_core.package_identification:_identify(src_old/log) ignored
[0.976s] Level 1:colcon.colcon_core.package_identification:_identify(src_old/my_robot_controller) by extensions ['ignore', 'ignore_ament_install']
[0.976s] Level 1:colcon.colcon_core.package_identification:_identify(src_old/my_robot_controller) by extension 'ignore'
[0.976s] Level 1:colcon.colcon_core.package_identification:_identify(src_old/my_robot_controller) by extension 'ignore_ament_install'
[0.976s] Level 1:colcon.colcon_core.package_identification:_identify(src_old/my_robot_controller) by extensions ['colcon_pkg']
[0.976s] Level 1:colcon.colcon_core.package_identification:_identify(src_old/my_robot_controller) by extension 'colcon_pkg'
[0.976s] Level 1:colcon.colcon_core.package_identification:_identify(src_old/my_robot_controller) by extensions ['colcon_meta']
[0.977s] Level 1:colcon.colcon_core.package_identification:_identify(src_old/my_robot_controller) by extension 'colcon_meta'
[0.977s] Level 1:colcon.colcon_core.package_identification:_identify(src_old/my_robot_controller) by extensions ['ros']
[0.977s] Level 1:colcon.colcon_core.package_identification:_identify(src_old/my_robot_controller) by extension 'ros'
[0.982s] DEBUG:colcon.colcon_core.package_identification:Package 'src_old/my_robot_controller' with type 'ros.ament_python' and name 'my_robot_controller'
[0.982s] Level 1:colcon.colcon_core.package_discovery:discover_packages(recursive) using defaults
[0.983s] Level 1:colcon.colcon_core.package_discovery:discover_packages(ignore) discover
[0.983s] Level 1:colcon.colcon_core.package_discovery:discover_packages(ignore) using defaults
[0.983s] Level 1:colcon.colcon_core.package_discovery:discover_packages(path) discover
[0.983s] Level 1:colcon.colcon_core.package_discovery:discover_packages(path) using defaults
[1.055s] Level 5:colcon.colcon_core.verb:set package 'my_robot_controller' build argument 'cmake_args' from command line to 'None'
[1.055s] Level 5:colcon.colcon_core.verb:set package 'my_robot_controller' build argument 'cmake_target' from command line to 'None'
[1.056s] Level 5:colcon.colcon_core.verb:set package 'my_robot_controller' build argument 'cmake_target_skip_unavailable' from command line to 'False'
[1.056s] Level 5:colcon.colcon_core.verb:set package 'my_robot_controller' build argument 'cmake_clean_cache' from command line to 'False'
[1.056s] Level 5:colcon.colcon_core.verb:set package 'my_robot_controller' build argument 'cmake_clean_first' from command line to 'False'
[1.056s] Level 5:colcon.colcon_core.verb:set package 'my_robot_controller' build argument 'cmake_force_configure' from command line to 'False'
[1.056s] Level 5:colcon.colcon_core.verb:set package 'my_robot_controller' build argument 'ament_cmake_args' from command line to 'None'
[1.056s] Level 5:colcon.colcon_core.verb:set package 'my_robot_controller' build argument 'catkin_cmake_args' from command line to 'None'
[1.056s] Level 5:colcon.colcon_core.verb:set package 'my_robot_controller' build argument 'catkin_skip_building_tests' from command line to 'False'
[1.056s] DEBUG:colcon.colcon_core.verb:Building package 'my_robot_controller' with the following arguments: {'ament_cmake_args': None, 'build_base': '/workspaces/F1Tenth_Team_Clutch/CDC-2024-FIRST/build/my_robot_controller', 'catkin_cmake_args': None, 'catkin_skip_building_tests': False, 'cmake_args': None, 'cmake_clean_cache': False, 'cmake_clean_first': False, 'cmake_force_configure': False, 'cmake_target': None, 'cmake_target_skip_unavailable': False, 'install_base': '/workspaces/F1Tenth_Team_Clutch/CDC-2024-FIRST/install/my_robot_controller', 'merge_install': False, 'path': '/workspaces/F1Tenth_Team_Clutch/CDC-2024-FIRST/src_old/my_robot_controller', 'symlink_install': True, 'test_result_base': None}
[1.057s] Level 5:colcon.colcon_core.verb:set package 'my_robot_package' build argument 'cmake_args' from command line to 'None'
[1.057s] Level 5:colcon.colcon_core.verb:set package 'my_robot_package' build argument 'cmake_target' from command line to 'None'
[1.057s] Level 5:colcon.colcon_core.verb:set package 'my_robot_package' build argument 'cmake_target_skip_unavailable' from command line to 'False'
[1.057s] Level 5:colcon.colcon_core.verb:set package 'my_robot_package' build argument 'cmake_clean_cache' from command line to 'False'
[1.057s] Level 5:colcon.colcon_core.verb:set package 'my_robot_package' build argument 'cmake_clean_first' from command line to 'False'
[1.057s] Level 5:colcon.colcon_core.verb:set package 'my_robot_package' build argument 'cmake_force_configure' from command line to 'False'
[1.058s] Level 5:colcon.colcon_core.verb:set package 'my_robot_package' build argument 'ament_cmake_args' from command line to 'None'
[1.058s] Level 5:colcon.colcon_core.verb:set package 'my_robot_package' build argument 'catkin_cmake_args' from command line to 'None'
[1.058s] Level 5:colcon.colcon_core.verb:set package 'my_robot_package' build argument 'catkin_skip_building_tests' from command line to 'False'
[1.058s] DEBUG:colcon.colcon_core.verb:Building package 'my_robot_package' with the following arguments: {'ament_cmake_args': None, 'build_base': '/workspaces/F1Tenth_Team_Clutch/CDC-2024-FIRST/build/my_robot_package', 'catkin_cmake_args': None, 'catkin_skip_building_tests': False, 'cmake_args': None, 'cmake_clean_cache': False, 'cmake_clean_first': False, 'cmake_force_configure': False, 'cmake_target': None, 'cmake_target_skip_unavailable': False, 'install_base': '/workspaces/F1Tenth_Team_Clutch/CDC-2024-FIRST/install/my_robot_package', 'merge_install': False, 'path': '/workspaces/F1Tenth_Team_Clutch/CDC-2024-FIRST/src/my_robot_package', 'symlink_install': True, 'test_result_base': None}
[1.059s] INFO:colcon.colcon_core.executor:Executing jobs using 'parallel' executor
[1.065s] DEBUG:colcon.colcon_parallel_executor.executor.parallel:run_until_complete
[1.067s] INFO:colcon.colcon_ros.task.ament_python.build:Building ROS package in '/workspaces/F1Tenth_Team_Clutch/CDC-2024-FIRST/src_old/my_robot_controller' with build type 'ament_python'
[1.068s] Level 1:colcon.colcon_core.shell:create_environment_hook('my_robot_controller', 'ament_prefix_path')
[1.077s] INFO:colcon.colcon_core.plugin_system:Skipping extension 'colcon_core.shell.bat': Not used on non-Windows systems
[1.078s] INFO:colcon.colcon_core.shell:Creating environment hook '/workspaces/F1Tenth_Team_Clutch/CDC-2024-FIRST/install/my_robot_controller/share/my_robot_controller/hook/ament_prefix_path.ps1'
[1.081s] INFO:colcon.colcon_core.shell:Creating environment descriptor '/workspaces/F1Tenth_Team_Clutch/CDC-2024-FIRST/install/my_robot_controller/share/my_robot_controller/hook/ament_prefix_path.dsv'
[1.083s] INFO:colcon.colcon_core.shell:Creating environment hook '/workspaces/F1Tenth_Team_Clutch/CDC-2024-FIRST/install/my_robot_controller/share/my_robot_controller/hook/ament_prefix_path.sh'
[1.087s] INFO:colcon.colcon_core.shell:Skip shell extension 'powershell' for command environment: Not usable outside of PowerShell
[1.088s] DEBUG:colcon.colcon_core.shell:Skip shell extension 'dsv' for command environment
[1.117s] INFO:colcon.colcon_ros.task.ament_python.build:Building ROS package in '/workspaces/F1Tenth_Team_Clutch/CDC-2024-FIRST/src/my_robot_package' with build type 'ament_python'
[1.122s] Level 1:colcon.colcon_core.shell:create_environment_hook('my_robot_package', 'ament_prefix_path')
[1.130s] INFO:colcon.colcon_core.shell:Creating environment hook '/workspaces/F1Tenth_Team_Clutch/CDC-2024-FIRST/install/my_robot_package/share/my_robot_package/hook/ament_prefix_path.ps1'
[1.134s] INFO:colcon.colcon_core.shell:Creating environment descriptor '/workspaces/F1Tenth_Team_Clutch/CDC-2024-FIRST/install/my_robot_package/share/my_robot_package/hook/ament_prefix_path.dsv'
[1.135s] INFO:colcon.colcon_core.shell:Creating environment hook '/workspaces/F1Tenth_Team_Clutch/CDC-2024-FIRST/install/my_robot_package/share/my_robot_package/hook/ament_prefix_path.sh'
[1.151s] INFO:colcon.colcon_core.shell:Skip shell extension 'powershell' for command environment: Not usable outside of PowerShell
[1.152s] DEBUG:colcon.colcon_core.shell:Skip shell extension 'dsv' for command environment
[1.986s] INFO:colcon.colcon_core.task.python.build:Building Python package in '/workspaces/F1Tenth_Team_Clutch/CDC-2024-FIRST/src_old/my_robot_controller'
[1.988s] INFO:colcon.colcon_core.shell:Skip shell extension 'powershell' for command environment: Not usable outside of PowerShell
[1.989s] DEBUG:colcon.colcon_core.shell:Skip shell extension 'dsv' for command environment
[2.914s] INFO:colcon.colcon_core.task.python.build:Building Python package in '/workspaces/F1Tenth_Team_Clutch/CDC-2024-FIRST/src/my_robot_package'
[2.917s] INFO:colcon.colcon_core.shell:Skip shell extension 'powershell' for command environment: Not usable outside of PowerShell
[2.917s] DEBUG:colcon.colcon_core.shell:Skip shell extension 'dsv' for command environment
[4.349s] DEBUG:colcon.colcon_core.event_handler.log_command:Invoking command in '/workspaces/F1Tenth_Team_Clutch/CDC-2024-FIRST/build/my_robot_package': PYTHONPATH=/workspaces/F1Tenth_Team_Clutch/CDC-2024-FIRST/build/my_robot_package/prefix_override:/usr/lib/python3/dist-packages/colcon_core/task/python/colcon_distutils_commands:/workspaces/F1Tenth_Team_Clutch/CDC-2024-FIRST/install/my_robot_package/lib/python3.10/site-packages:${PYTHONPATH} /usr/bin/python3 -W ignore:setup.py install is deprecated setup.py develop --editable --build-directory /workspaces/F1Tenth_Team_Clutch/CDC-2024-FIRST/build/my_robot_package/build --no-deps symlink_data
[4.533s] DEBUG:colcon.colcon_core.event_handler.log_command:Invoking command in '/workspaces/F1Tenth_Team_Clutch/CDC-2024-FIRST/build/my_robot_controller': PYTHONPATH=/workspaces/F1Tenth_Team_Clutch/CDC-2024-FIRST/build/my_robot_controller/prefix_override:/usr/lib/python3/dist-packages/colcon_core/task/python/colcon_distutils_commands:/workspaces/F1Tenth_Team_Clutch/CDC-2024-FIRST/install/my_robot_controller/lib/python3.10/site-packages:${PYTHONPATH} /usr/bin/python3 -W ignore:setup.py install is deprecated setup.py develop --editable --build-directory /workspaces/F1Tenth_Team_Clutch/CDC-2024-FIRST/build/my_robot_controller/build --no-deps symlink_data
[5.895s] Level 1:colcon.colcon_core.shell:create_environment_hook('my_robot_package', 'pythonpath_develop')
[5.908s] DEBUG:colcon.colcon_core.event_handler.log_command:Invoked command in '/workspaces/F1Tenth_Team_Clutch/CDC-2024-FIRST/build/my_robot_package' returned '0': PYTHONPATH=/workspaces/F1Tenth_Team_Clutch/CDC-2024-FIRST/build/my_robot_package/prefix_override:/usr/lib/python3/dist-packages/colcon_core/task/python/colcon_distutils_commands:/workspaces/F1Tenth_Team_Clutch/CDC-2024-FIRST/install/my_robot_package/lib/python3.10/site-packages:${PYTHONPATH} /usr/bin/python3 -W ignore:setup.py install is deprecated setup.py develop --editable --build-directory /workspaces/F1Tenth_Team_Clutch/CDC-2024-FIRST/build/my_robot_package/build --no-deps symlink_data
[5.929s] INFO:colcon.colcon_core.shell:Creating environment hook '/workspaces/F1Tenth_Team_Clutch/CDC-2024-FIRST/build/my_robot_package/share/my_robot_package/hook/pythonpath_develop.ps1'
[5.955s] INFO:colcon.colcon_core.shell:Creating environment descriptor '/workspaces/F1Tenth_Team_Clutch/CDC-2024-FIRST/build/my_robot_package/share/my_robot_package/hook/pythonpath_develop.dsv'
[5.967s] INFO:colcon.colcon_core.shell:Creating environment hook '/workspaces/F1Tenth_Team_Clutch/CDC-2024-FIRST/build/my_robot_package/share/my_robot_package/hook/pythonpath_develop.sh'
[5.980s] Level 1:colcon.colcon_core.environment:checking '/workspaces/F1Tenth_Team_Clutch/CDC-2024-FIRST/install/my_robot_package' for CMake module files
[5.982s] Level 1:colcon.colcon_core.environment:checking '/workspaces/F1Tenth_Team_Clutch/CDC-2024-FIRST/install/my_robot_package' for CMake config files
[5.985s] Level 1:colcon.colcon_core.environment:checking '/workspaces/F1Tenth_Team_Clutch/CDC-2024-FIRST/install/my_robot_package/lib'
[5.985s] Level 1:colcon.colcon_core.environment:checking '/workspaces/F1Tenth_Team_Clutch/CDC-2024-FIRST/install/my_robot_package/bin'
[5.986s] Level 1:colcon.colcon_core.environment:checking '/workspaces/F1Tenth_Team_Clutch/CDC-2024-FIRST/install/my_robot_package/lib/pkgconfig/my_robot_package.pc'
[5.987s] Level 1:colcon.colcon_core.environment:checking '/workspaces/F1Tenth_Team_Clutch/CDC-2024-FIRST/install/my_robot_package/lib/python3.10/site-packages'
[5.987s] Level 1:colcon.colcon_core.shell:create_environment_hook('my_robot_package', 'pythonpath')
[5.988s] INFO:colcon.colcon_core.shell:Creating environment hook '/workspaces/F1Tenth_Team_Clutch/CDC-2024-FIRST/install/my_robot_package/share/my_robot_package/hook/pythonpath.ps1'
[5.989s] INFO:colcon.colcon_core.shell:Creating environment descriptor '/workspaces/F1Tenth_Team_Clutch/CDC-2024-FIRST/install/my_robot_package/share/my_robot_package/hook/pythonpath.dsv'
[5.990s] INFO:colcon.colcon_core.shell:Creating environment hook '/workspaces/F1Tenth_Team_Clutch/CDC-2024-FIRST/install/my_robot_package/share/my_robot_package/hook/pythonpath.sh'
[5.991s] Level 1:colcon.colcon_core.environment:checking '/workspaces/F1Tenth_Team_Clutch/CDC-2024-FIRST/install/my_robot_package/bin'
[5.991s] Level 1:colcon.colcon_core.environment:create_environment_scripts_only(my_robot_package)
[5.993s] INFO:colcon.colcon_core.shell:Creating package script '/workspaces/F1Tenth_Team_Clutch/CDC-2024-FIRST/install/my_robot_package/share/my_robot_package/package.ps1'
[5.996s] INFO:colcon.colcon_core.shell:Creating package descriptor '/workspaces/F1Tenth_Team_Clutch/CDC-2024-FIRST/install/my_robot_package/share/my_robot_package/package.dsv'
[5.998s] INFO:colcon.colcon_core.shell:Creating package script '/workspaces/F1Tenth_Team_Clutch/CDC-2024-FIRST/install/my_robot_package/share/my_robot_package/package.sh'
[6.000s] INFO:colcon.colcon_core.shell:Creating package script '/workspaces/F1Tenth_Team_Clutch/CDC-2024-FIRST/install/my_robot_package/share/my_robot_package/package.bash'
[6.002s] INFO:colcon.colcon_core.shell:Creating package script '/workspaces/F1Tenth_Team_Clutch/CDC-2024-FIRST/install/my_robot_package/share/my_robot_package/package.zsh'
[6.006s] Level 1:colcon.colcon_core.environment:create_file_with_runtime_dependencies(/workspaces/F1Tenth_Team_Clutch/CDC-2024-FIRST/install/my_robot_package/share/colcon-core/packages/my_robot_package)
[6.010s] Level 1:colcon.colcon_core.shell:create_environment_hook('my_robot_controller', 'pythonpath_develop')
[6.012s] INFO:colcon.colcon_core.shell:Creating environment hook '/workspaces/F1Tenth_Team_Clutch/CDC-2024-FIRST/build/my_robot_controller/share/my_robot_controller/hook/pythonpath_develop.ps1'
[6.013s] DEBUG:colcon.colcon_core.event_handler.log_command:Invoked command in '/workspaces/F1Tenth_Team_Clutch/CDC-2024-FIRST/build/my_robot_controller' returned '0': PYTHONPATH=/workspaces/F1Tenth_Team_Clutch/CDC-2024-FIRST/build/my_robot_controller/prefix_override:/usr/lib/python3/dist-packages/colcon_core/task/python/colcon_distutils_commands:/workspaces/F1Tenth_Team_Clutch/CDC-2024-FIRST/install/my_robot_controller/lib/python3.10/site-packages:${PYTHONPATH} /usr/bin/python3 -W ignore:setup.py install is deprecated setup.py develop --editable --build-directory /workspaces/F1Tenth_Team_Clutch/CDC-2024-FIRST/build/my_robot_controller/build --no-deps symlink_data
[6.016s] INFO:colcon.colcon_core.shell:Creating environment descriptor '/workspaces/F1Tenth_Team_Clutch/CDC-2024-FIRST/build/my_robot_controller/share/my_robot_controller/hook/pythonpath_develop.dsv'
[6.017s] INFO:colcon.colcon_core.shell:Creating environment hook '/workspaces/F1Tenth_Team_Clutch/CDC-2024-FIRST/build/my_robot_controller/share/my_robot_controller/hook/pythonpath_develop.sh'
[6.019s] Level 1:colcon.colcon_core.environment:checking '/workspaces/F1Tenth_Team_Clutch/CDC-2024-FIRST/install/my_robot_controller' for CMake module files
[6.020s] Level 1:colcon.colcon_core.environment:checking '/workspaces/F1Tenth_Team_Clutch/CDC-2024-FIRST/install/my_robot_controller' for CMake config files
[6.023s] Level 1:colcon.colcon_core.environment:checking '/workspaces/F1Tenth_Team_Clutch/CDC-2024-FIRST/install/my_robot_controller/lib'
[6.023s] Level 1:colcon.colcon_core.environment:checking '/workspaces/F1Tenth_Team_Clutch/CDC-2024-FIRST/install/my_robot_controller/bin'
[6.023s] Level 1:colcon.colcon_core.environment:checking '/workspaces/F1Tenth_Team_Clutch/CDC-2024-FIRST/install/my_robot_controller/lib/pkgconfig/my_robot_controller.pc'
[6.026s] Level 1:colcon.colcon_core.environment:checking '/workspaces/F1Tenth_Team_Clutch/CDC-2024-FIRST/install/my_robot_controller/lib/python3.10/site-packages'
[6.027s] Level 1:colcon.colcon_core.shell:create_environment_hook('my_robot_controller', 'pythonpath')
[6.028s] INFO:colcon.colcon_core.shell:Creating environment hook '/workspaces/F1Tenth_Team_Clutch/CDC-2024-FIRST/install/my_robot_controller/share/my_robot_controller/hook/pythonpath.ps1'
[6.030s] INFO:colcon.colcon_core.shell:Creating environment descriptor '/workspaces/F1Tenth_Team_Clutch/CDC-2024-FIRST/install/my_robot_controller/share/my_robot_controller/hook/pythonpath.dsv'
[6.037s] INFO:colcon.colcon_core.shell:Creating environment hook '/workspaces/F1Tenth_Team_Clutch/CDC-2024-FIRST/install/my_robot_controller/share/my_robot_controller/hook/pythonpath.sh'
[6.044s] Level 1:colcon.colcon_core.environment:checking '/workspaces/F1Tenth_Team_Clutch/CDC-2024-FIRST/install/my_robot_controller/bin'
[6.045s] Level 1:colcon.colcon_core.environment:create_environment_scripts_only(my_robot_controller)
[6.050s] INFO:colcon.colcon_core.shell:Creating package script '/workspaces/F1Tenth_Team_Clutch/CDC-2024-FIRST/install/my_robot_controller/share/my_robot_controller/package.ps1'
[6.062s] INFO:colcon.colcon_core.shell:Creating package descriptor '/workspaces/F1Tenth_Team_Clutch/CDC-2024-FIRST/install/my_robot_controller/share/my_robot_controller/package.dsv'
[6.066s] INFO:colcon.colcon_core.shell:Creating package script '/workspaces/F1Tenth_Team_Clutch/CDC-2024-FIRST/install/my_robot_controller/share/my_robot_controller/package.sh'
[6.070s] INFO:colcon.colcon_core.shell:Creating package script '/workspaces/F1Tenth_Team_Clutch/CDC-2024-FIRST/install/my_robot_controller/share/my_robot_controller/package.bash'
[6.073s] INFO:colcon.colcon_core.shell:Creating package script '/workspaces/F1Tenth_Team_Clutch/CDC-2024-FIRST/install/my_robot_controller/share/my_robot_controller/package.zsh'
[6.075s] Level 1:colcon.colcon_core.environment:create_file_with_runtime_dependencies(/workspaces/F1Tenth_Team_Clutch/CDC-2024-FIRST/install/my_robot_controller/share/colcon-core/packages/my_robot_controller)
[6.077s] DEBUG:colcon.colcon_parallel_executor.executor.parallel:closing loop
[6.080s] DEBUG:colcon.colcon_parallel_executor.executor.parallel:loop closed
[6.086s] DEBUG:colcon.colcon_parallel_executor.executor.parallel:run_until_complete finished with '0'
[6.086s] DEBUG:colcon.colcon_core.event_reactor:joining thread
[6.136s] INFO:colcon.colcon_core.plugin_system:Skipping extension 'colcon_notification.desktop_notification.notify_send': Could not find 'notify-send'
[6.137s] INFO:colcon.colcon_core.plugin_system:Skipping extension 'colcon_notification.desktop_notification.terminal_notifier': Not used on non-Darwin systems
[6.137s] INFO:colcon.colcon_core.plugin_system:Skipping extension 'colcon_notification.desktop_notification.win32': Not used on non-Windows systems
[6.137s] INFO:colcon.colcon_notification.desktop_notification:Sending desktop notification using 'notify2'
[6.163s] DEBUG:colcon.colcon_notification.desktop_notification.notify2:Failed to initialize notify2: org.freedesktop.DBus.Error.Spawn.ExecFailed: /usr/bin/dbus-launch terminated abnormally without any error message
[6.166s] DEBUG:colcon.colcon_core.event_reactor:joined thread
[6.171s] INFO:colcon.colcon_core.shell:Creating prefix script '/workspaces/F1Tenth_Team_Clutch/CDC-2024-FIRST/install/local_setup.ps1'
[6.184s] INFO:colcon.colcon_core.shell:Creating prefix util module '/workspaces/F1Tenth_Team_Clutch/CDC-2024-FIRST/install/_local_setup_util_ps1.py'
[6.196s] INFO:colcon.colcon_core.shell:Creating prefix chain script '/workspaces/F1Tenth_Team_Clutch/CDC-2024-FIRST/install/setup.ps1'
[6.208s] INFO:colcon.colcon_core.shell:Creating prefix script '/workspaces/F1Tenth_Team_Clutch/CDC-2024-FIRST/install/local_setup.sh'
[6.213s] INFO:colcon.colcon_core.shell:Creating prefix util module '/workspaces/F1Tenth_Team_Clutch/CDC-2024-FIRST/install/_local_setup_util_sh.py'
[6.215s] INFO:colcon.colcon_core.shell:Creating prefix chain script '/workspaces/F1Tenth_Team_Clutch/CDC-2024-FIRST/install/setup.sh'
[6.222s] INFO:colcon.colcon_core.shell:Creating prefix script '/workspaces/F1Tenth_Team_Clutch/CDC-2024-FIRST/install/local_setup.bash'
[6.224s] INFO:colcon.colcon_core.shell:Creating prefix chain script '/workspaces/F1Tenth_Team_Clutch/CDC-2024-FIRST/install/setup.bash'
[6.229s] INFO:colcon.colcon_core.shell:Creating prefix script '/workspaces/F1Tenth_Team_Clutch/CDC-2024-FIRST/install/local_setup.zsh'
[6.233s] INFO:colcon.colcon_core.shell:Creating prefix chain script '/workspaces/F1Tenth_Team_Clutch/CDC-2024-FIRST/install/setup.zsh'
