[0.975s] Invoking command in '/workspaces/F1Tenth_Team_Clutch/CDC-2024-FIRST/src/my_robot_package': PYTHONPATH=/workspaces/F1Tenth_Team_Clutch/CDC-2024-FIRST/build/my_robot_package/prefix_override:/usr/lib/python3/dist-packages/colcon_core/task/python/colcon_distutils_commands:/workspaces/F1Tenth_Team_Clutch/CDC-2024-FIRST/install/my_robot_package/lib/python3.10/site-packages:${PYTHONPATH} /usr/bin/python3 -W ignore:setup.py install is deprecated setup.py egg_info --egg-base ../../build/my_robot_package build --build-base /workspaces/F1Tenth_Team_Clutch/CDC-2024-FIRST/build/my_robot_package/build install --record /workspaces/F1Tenth_Team_Clutch/CDC-2024-FIRST/build/my_robot_package/install.log --single-version-externally-managed install_data
[1.271s] running egg_info
[1.271s] writing ../../build/my_robot_package/my_robot_package.egg-info/PKG-INFO
[1.272s] writing dependency_links to ../../build/my_robot_package/my_robot_package.egg-info/dependency_links.txt
[1.272s] writing entry points to ../../build/my_robot_package/my_robot_package.egg-info/entry_points.txt
[1.272s] writing requirements to ../../build/my_robot_package/my_robot_package.egg-info/requires.txt
[1.272s] writing top-level names to ../../build/my_robot_package/my_robot_package.egg-info/top_level.txt
[1.276s] reading manifest file '../../build/my_robot_package/my_robot_package.egg-info/SOURCES.txt'
[1.277s] writing manifest file '../../build/my_robot_package/my_robot_package.egg-info/SOURCES.txt'
[1.277s] running build
[1.277s] running build_py
[1.277s] copying my_robot_package/wall_follow.py -> /workspaces/F1Tenth_Team_Clutch/CDC-2024-FIRST/build/my_robot_package/build/lib/my_robot_package
[1.277s] running install
[1.278s] running install_lib
[1.279s] copying /workspaces/F1Tenth_Team_Clutch/CDC-2024-FIRST/build/my_robot_package/build/lib/my_robot_package/wall_follow.py -> /workspaces/F1Tenth_Team_Clutch/CDC-2024-FIRST/install/my_robot_package/lib/python3.10/site-packages/my_robot_package
[1.280s] byte-compiling /workspaces/F1Tenth_Team_Clutch/CDC-2024-FIRST/install/my_robot_package/lib/python3.10/site-packages/my_robot_package/wall_follow.py to wall_follow.cpython-310.pyc
[1.281s] running install_data
[1.281s] running install_egg_info
[1.284s] removing '/workspaces/F1Tenth_Team_Clutch/CDC-2024-FIRST/install/my_robot_package/lib/python3.10/site-packages/my_robot_package-0.0.0-py3.10.egg-info' (and everything under it)
[1.284s] Copying ../../build/my_robot_package/my_robot_package.egg-info to /workspaces/F1Tenth_Team_Clutch/CDC-2024-FIRST/install/my_robot_package/lib/python3.10/site-packages/my_robot_package-0.0.0-py3.10.egg-info
[1.285s] running install_scripts
[1.311s] Installing my_subscriber_node script to /workspaces/F1Tenth_Team_Clutch/CDC-2024-FIRST/install/my_robot_package/lib/my_robot_package
[1.311s] Installing wall_follow script to /workspaces/F1Tenth_Team_Clutch/CDC-2024-FIRST/install/my_robot_package/lib/my_robot_package
[1.312s] writing list of installed files to '/workspaces/F1Tenth_Team_Clutch/CDC-2024-FIRST/build/my_robot_package/install.log'
[1.356s] Invoked command in '/workspaces/F1Tenth_Team_Clutch/CDC-2024-FIRST/src/my_robot_package' returned '0': PYTHONPATH=/workspaces/F1Tenth_Team_Clutch/CDC-2024-FIRST/build/my_robot_package/prefix_override:/usr/lib/python3/dist-packages/colcon_core/task/python/colcon_distutils_commands:/workspaces/F1Tenth_Team_Clutch/CDC-2024-FIRST/install/my_robot_package/lib/python3.10/site-packages:${PYTHONPATH} /usr/bin/python3 -W ignore:setup.py install is deprecated setup.py egg_info --egg-base ../../build/my_robot_package build --build-base /workspaces/F1Tenth_Team_Clutch/CDC-2024-FIRST/build/my_robot_package/build install --record /workspaces/F1Tenth_Team_Clutch/CDC-2024-FIRST/build/my_robot_package/install.log --single-version-externally-managed install_data
