[0.633s] Invoking command in '/workspaces/F1Tenth_Team_Clutch/CDC-2024-FIRST/src/my_robot_package': PYTHONPATH=/workspaces/F1Tenth_Team_Clutch/CDC-2024-FIRST/build/my_robot_package/prefix_override:/usr/lib/python3/dist-packages/colcon_core/task/python/colcon_distutils_commands:/workspaces/F1Tenth_Team_Clutch/CDC-2024-FIRST/install/my_robot_package/lib/python3.10/site-packages:${PYTHONPATH} /usr/bin/python3 -W ignore:setup.py install is deprecated setup.py egg_info --egg-base ../../build/my_robot_package build --build-base /workspaces/F1Tenth_Team_Clutch/CDC-2024-FIRST/build/my_robot_package/build install --record /workspaces/F1Tenth_Team_Clutch/CDC-2024-FIRST/build/my_robot_package/install.log --single-version-externally-managed install_data
[0.874s] running egg_info
[0.875s] writing ../../build/my_robot_package/my_robot_package.egg-info/PKG-INFO
[0.875s] writing dependency_links to ../../build/my_robot_package/my_robot_package.egg-info/dependency_links.txt
[0.875s] writing entry points to ../../build/my_robot_package/my_robot_package.egg-info/entry_points.txt
[0.876s] writing requirements to ../../build/my_robot_package/my_robot_package.egg-info/requires.txt
[0.876s] writing top-level names to ../../build/my_robot_package/my_robot_package.egg-info/top_level.txt
[0.877s] reading manifest file '../../build/my_robot_package/my_robot_package.egg-info/SOURCES.txt'
[0.878s] writing manifest file '../../build/my_robot_package/my_robot_package.egg-info/SOURCES.txt'
[0.878s] running build
[0.878s] running build_py
[0.878s] copying my_robot_package/safety_node.py -> /workspaces/F1Tenth_Team_Clutch/CDC-2024-FIRST/build/my_robot_package/build/lib/my_robot_package
[0.878s] running install
[0.879s] running install_lib
[0.879s] copying /workspaces/F1Tenth_Team_Clutch/CDC-2024-FIRST/build/my_robot_package/build/lib/my_robot_package/safety_node.py -> /workspaces/F1Tenth_Team_Clutch/CDC-2024-FIRST/install/my_robot_package/lib/python3.10/site-packages/my_robot_package
[0.879s] byte-compiling /workspaces/F1Tenth_Team_Clutch/CDC-2024-FIRST/install/my_robot_package/lib/python3.10/site-packages/my_robot_package/safety_node.py to safety_node.cpython-310.pyc
[0.880s] running install_data
[0.880s] running install_egg_info
[0.881s] removing '/workspaces/F1Tenth_Team_Clutch/CDC-2024-FIRST/install/my_robot_package/lib/python3.10/site-packages/my_robot_package-0.0.0-py3.10.egg-info' (and everything under it)
[0.881s] Copying ../../build/my_robot_package/my_robot_package.egg-info to /workspaces/F1Tenth_Team_Clutch/CDC-2024-FIRST/install/my_robot_package/lib/python3.10/site-packages/my_robot_package-0.0.0-py3.10.egg-info
[0.882s] running install_scripts
[0.898s] Installing my_subscriber_node script to /workspaces/F1Tenth_Team_Clutch/CDC-2024-FIRST/install/my_robot_package/lib/my_robot_package
[0.898s] Installing safety_node script to /workspaces/F1Tenth_Team_Clutch/CDC-2024-FIRST/install/my_robot_package/lib/my_robot_package
[0.898s] Installing wall_follow script to /workspaces/F1Tenth_Team_Clutch/CDC-2024-FIRST/install/my_robot_package/lib/my_robot_package
[0.898s] writing list of installed files to '/workspaces/F1Tenth_Team_Clutch/CDC-2024-FIRST/build/my_robot_package/install.log'
[0.944s] Invoked command in '/workspaces/F1Tenth_Team_Clutch/CDC-2024-FIRST/src/my_robot_package' returned '0': PYTHONPATH=/workspaces/F1Tenth_Team_Clutch/CDC-2024-FIRST/build/my_robot_package/prefix_override:/usr/lib/python3/dist-packages/colcon_core/task/python/colcon_distutils_commands:/workspaces/F1Tenth_Team_Clutch/CDC-2024-FIRST/install/my_robot_package/lib/python3.10/site-packages:${PYTHONPATH} /usr/bin/python3 -W ignore:setup.py install is deprecated setup.py egg_info --egg-base ../../build/my_robot_package build --build-base /workspaces/F1Tenth_Team_Clutch/CDC-2024-FIRST/build/my_robot_package/build install --record /workspaces/F1Tenth_Team_Clutch/CDC-2024-FIRST/build/my_robot_package/install.log --single-version-externally-managed install_data
