[0.247s] DEBUG:colcon:Command line arguments: ['/usr/bin/colcon', 'build', '--symlink-install']
[0.247s] DEBUG:colcon:Parsed command line arguments: Namespace(log_base=None, log_level=None, verb_name='build', build_base='build', install_base='install', merge_install=False, symlink_install=True, test_result_base=None, continue_on_error=False, executor='parallel', parallel_workers=8, event_handlers=None, ignore_user_meta=False, metas=['./colcon.meta'], base_paths=['.'], packages_ignore=None, packages_ignore_regex=None, paths=None, packages_up_to=None, packages_up_to_regex=None, packages_above=None, packages_above_and_dependencies=None, packages_above_depth=None, packages_select_by_dep=None, packages_skip_by_dep=None, packages_skip_up_to=None, packages_select_build_failed=False, packages_skip_build_finished=False, packages_select_test_failures=False, packages_skip_test_passed=False, packages_select=None, packages_skip=None, packages_select_regex=None, packages_skip_regex=None, packages_start=None, packages_end=None, cmake_args=None, cmake_target=None, cmake_target_skip_unavailable=False, cmake_clean_cache=False, cmake_clean_first=False, cmake_force_configure=False, ament_cmake_args=None, catkin_cmake_args=None, catkin_skip_building_tests=False, mixin_files=None, mixin=None, verb_parser=<colcon_mixin.mixin.mixin_argument.MixinArgumentDecorator object at 0x7015c9ab4790>, verb_extension=<colcon_core.verb.build.BuildVerb object at 0x7015c9bb8e80>, main=<bound method BuildVerb.main of <colcon_core.verb.build.BuildVerb object at 0x7015c9bb8e80>>, mixin_verb=('build',))
[0.547s] Level 1:colcon.colcon_core.package_discovery:discover_packages(colcon_meta) check parameters
[0.549s] INFO:colcon.colcon_metadata.package_discovery.colcon_meta:Using configuration from '/root/.colcon/metadata/default/Gazebo.meta'
[0.550s] INFO:colcon.colcon_metadata.package_discovery.colcon_meta:Using configuration from '/root/.colcon/metadata/default/fastrtps.meta'
[0.550s] Level 1:colcon.colcon_core.package_discovery:discover_packages(recursive) check parameters
[0.550s] Level 1:colcon.colcon_core.package_discovery:discover_packages(ignore) check parameters
[0.550s] Level 1:colcon.colcon_core.package_discovery:discover_packages(path) check parameters
[0.550s] Level 1:colcon.colcon_core.package_discovery:discover_packages(colcon_meta) discover
[0.550s] Level 1:colcon.colcon_core.package_discovery:discover_packages(recursive) discover
[0.550s] INFO:colcon.colcon_core.package_discovery:Crawling recursively for packages in '/workspaces/F1Tenth_Team_Clutch/CDC-2024-CLUTCH-DEVKIT'
[0.550s] Level 1:colcon.colcon_core.package_identification:_identify(.) by extensions ['ignore', 'ignore_ament_install']
[0.550s] Level 1:colcon.colcon_core.package_identification:_identify(.) by extension 'ignore'
[0.550s] Level 1:colcon.colcon_core.package_identification:_identify(.) by extension 'ignore_ament_install'
[0.550s] Level 1:colcon.colcon_core.package_identification:_identify(.) by extensions ['colcon_pkg']
[0.550s] Level 1:colcon.colcon_core.package_identification:_identify(.) by extension 'colcon_pkg'
[0.550s] Level 1:colcon.colcon_core.package_identification:_identify(.) by extensions ['colcon_meta']
[0.550s] Level 1:colcon.colcon_core.package_identification:_identify(.) by extension 'colcon_meta'
[0.551s] Level 1:colcon.colcon_core.package_identification:_identify(.) by extensions ['ros']
[0.551s] Level 1:colcon.colcon_core.package_identification:_identify(.) by extension 'ros'
[0.571s] Level 1:colcon.colcon_core.package_identification:_identify(.) by extensions ['cmake', 'python']
[0.571s] Level 1:colcon.colcon_core.package_identification:_identify(.) by extension 'cmake'
[0.571s] Level 1:colcon.colcon_core.package_identification:_identify(.) by extension 'python'
[0.571s] Level 1:colcon.colcon_core.package_identification:_identify(.) by extensions ['python_setup_py']
[0.571s] Level 1:colcon.colcon_core.package_identification:_identify(.) by extension 'python_setup_py'
[0.572s] Level 1:colcon.colcon_core.package_identification:_identify(build) by extensions ['ignore', 'ignore_ament_install']
[0.572s] Level 1:colcon.colcon_core.package_identification:_identify(build) by extension 'ignore'
[0.572s] Level 1:colcon.colcon_core.package_identification:_identify(build) ignored
[0.572s] Level 1:colcon.colcon_core.package_identification:_identify(install) by extensions ['ignore', 'ignore_ament_install']
[0.572s] Level 1:colcon.colcon_core.package_identification:_identify(install) by extension 'ignore'
[0.572s] Level 1:colcon.colcon_core.package_identification:_identify(install) ignored
[0.573s] Level 1:colcon.colcon_core.package_identification:_identify(log) by extensions ['ignore', 'ignore_ament_install']
[0.573s] Level 1:colcon.colcon_core.package_identification:_identify(log) by extension 'ignore'
[0.573s] Level 1:colcon.colcon_core.package_identification:_identify(log) ignored
[0.573s] Level 1:colcon.colcon_core.package_identification:_identify(src) by extensions ['ignore', 'ignore_ament_install']
[0.573s] Level 1:colcon.colcon_core.package_identification:_identify(src) by extension 'ignore'
[0.573s] Level 1:colcon.colcon_core.package_identification:_identify(src) by extension 'ignore_ament_install'
[0.574s] Level 1:colcon.colcon_core.package_identification:_identify(src) by extensions ['colcon_pkg']
[0.574s] Level 1:colcon.colcon_core.package_identification:_identify(src) by extension 'colcon_pkg'
[0.574s] Level 1:colcon.colcon_core.package_identification:_identify(src) by extensions ['colcon_meta']
[0.574s] Level 1:colcon.colcon_core.package_identification:_identify(src) by extension 'colcon_meta'
[0.574s] Level 1:colcon.colcon_core.package_identification:_identify(src) by extensions ['ros']
[0.574s] Level 1:colcon.colcon_core.package_identification:_identify(src) by extension 'ros'
[0.574s] Level 1:colcon.colcon_core.package_identification:_identify(src) by extensions ['cmake', 'python']
[0.574s] Level 1:colcon.colcon_core.package_identification:_identify(src) by extension 'cmake'
[0.574s] Level 1:colcon.colcon_core.package_identification:_identify(src) by extension 'python'
[0.574s] Level 1:colcon.colcon_core.package_identification:_identify(src) by extensions ['python_setup_py']
[0.574s] Level 1:colcon.colcon_core.package_identification:_identify(src) by extension 'python_setup_py'
[0.575s] Level 1:colcon.colcon_core.package_identification:_identify(src/my_robot_controller) by extensions ['ignore', 'ignore_ament_install']
[0.575s] Level 1:colcon.colcon_core.package_identification:_identify(src/my_robot_controller) by extension 'ignore'
[0.575s] Level 1:colcon.colcon_core.package_identification:_identify(src/my_robot_controller) by extension 'ignore_ament_install'
[0.575s] Level 1:colcon.colcon_core.package_identification:_identify(src/my_robot_controller) by extensions ['colcon_pkg']
[0.575s] Level 1:colcon.colcon_core.package_identification:_identify(src/my_robot_controller) by extension 'colcon_pkg'
[0.575s] Level 1:colcon.colcon_core.package_identification:_identify(src/my_robot_controller) by extensions ['colcon_meta']
[0.575s] Level 1:colcon.colcon_core.package_identification:_identify(src/my_robot_controller) by extension 'colcon_meta'
[0.575s] Level 1:colcon.colcon_core.package_identification:_identify(src/my_robot_controller) by extensions ['ros']
[0.575s] Level 1:colcon.colcon_core.package_identification:_identify(src/my_robot_controller) by extension 'ros'
[0.581s] DEBUG:colcon.colcon_core.package_identification:Package 'src/my_robot_controller' with type 'ros.ament_python' and name 'my_robot_controller'
[0.582s] Level 1:colcon.colcon_core.package_discovery:discover_packages(recursive) using defaults
[0.582s] Level 1:colcon.colcon_core.package_discovery:discover_packages(ignore) discover
[0.582s] Level 1:colcon.colcon_core.package_discovery:discover_packages(ignore) using defaults
[0.582s] Level 1:colcon.colcon_core.package_discovery:discover_packages(path) discover
[0.582s] Level 1:colcon.colcon_core.package_discovery:discover_packages(path) using defaults
[0.627s] Level 5:colcon.colcon_core.verb:set package 'my_robot_controller' build argument 'cmake_args' from command line to 'None'
[0.627s] Level 5:colcon.colcon_core.verb:set package 'my_robot_controller' build argument 'cmake_target' from command line to 'None'
[0.627s] Level 5:colcon.colcon_core.verb:set package 'my_robot_controller' build argument 'cmake_target_skip_unavailable' from command line to 'False'
[0.627s] Level 5:colcon.colcon_core.verb:set package 'my_robot_controller' build argument 'cmake_clean_cache' from command line to 'False'
[0.627s] Level 5:colcon.colcon_core.verb:set package 'my_robot_controller' build argument 'cmake_clean_first' from command line to 'False'
[0.628s] Level 5:colcon.colcon_core.verb:set package 'my_robot_controller' build argument 'cmake_force_configure' from command line to 'False'
[0.628s] Level 5:colcon.colcon_core.verb:set package 'my_robot_controller' build argument 'ament_cmake_args' from command line to 'None'
[0.628s] Level 5:colcon.colcon_core.verb:set package 'my_robot_controller' build argument 'catkin_cmake_args' from command line to 'None'
[0.628s] Level 5:colcon.colcon_core.verb:set package 'my_robot_controller' build argument 'catkin_skip_building_tests' from command line to 'False'
[0.628s] DEBUG:colcon.colcon_core.verb:Building package 'my_robot_controller' with the following arguments: {'ament_cmake_args': None, 'build_base': '/workspaces/F1Tenth_Team_Clutch/CDC-2024-CLUTCH-DEVKIT/build/my_robot_controller', 'catkin_cmake_args': None, 'catkin_skip_building_tests': False, 'cmake_args': None, 'cmake_clean_cache': False, 'cmake_clean_first': False, 'cmake_force_configure': False, 'cmake_target': None, 'cmake_target_skip_unavailable': False, 'install_base': '/workspaces/F1Tenth_Team_Clutch/CDC-2024-CLUTCH-DEVKIT/install/my_robot_controller', 'merge_install': False, 'path': '/workspaces/F1Tenth_Team_Clutch/CDC-2024-CLUTCH-DEVKIT/src/my_robot_controller', 'symlink_install': True, 'test_result_base': None}
[0.628s] INFO:colcon.colcon_core.executor:Executing jobs using 'parallel' executor
[0.630s] DEBUG:colcon.colcon_parallel_executor.executor.parallel:run_until_complete
[0.631s] INFO:colcon.colcon_ros.task.ament_python.build:Building ROS package in '/workspaces/F1Tenth_Team_Clutch/CDC-2024-CLUTCH-DEVKIT/src/my_robot_controller' with build type 'ament_python'
[0.631s] Level 1:colcon.colcon_core.shell:create_environment_hook('my_robot_controller', 'ament_prefix_path')
[0.634s] INFO:colcon.colcon_core.plugin_system:Skipping extension 'colcon_core.shell.bat': Not used on non-Windows systems
[0.635s] INFO:colcon.colcon_core.shell:Creating environment hook '/workspaces/F1Tenth_Team_Clutch/CDC-2024-CLUTCH-DEVKIT/install/my_robot_controller/share/my_robot_controller/hook/ament_prefix_path.ps1'
[0.636s] INFO:colcon.colcon_core.shell:Creating environment descriptor '/workspaces/F1Tenth_Team_Clutch/CDC-2024-CLUTCH-DEVKIT/install/my_robot_controller/share/my_robot_controller/hook/ament_prefix_path.dsv'
[0.638s] INFO:colcon.colcon_core.shell:Creating environment hook '/workspaces/F1Tenth_Team_Clutch/CDC-2024-CLUTCH-DEVKIT/install/my_robot_controller/share/my_robot_controller/hook/ament_prefix_path.sh'
[0.639s] INFO:colcon.colcon_core.shell:Skip shell extension 'powershell' for command environment: Not usable outside of PowerShell
[0.640s] DEBUG:colcon.colcon_core.shell:Skip shell extension 'dsv' for command environment
[1.160s] INFO:colcon.colcon_core.task.python.build:Building Python package in '/workspaces/F1Tenth_Team_Clutch/CDC-2024-CLUTCH-DEVKIT/src/my_robot_controller'
[1.161s] INFO:colcon.colcon_core.shell:Skip shell extension 'powershell' for command environment: Not usable outside of PowerShell
[1.161s] DEBUG:colcon.colcon_core.shell:Skip shell extension 'dsv' for command environment
[1.793s] DEBUG:colcon.colcon_core.event_handler.log_command:Invoking command in '/workspaces/F1Tenth_Team_Clutch/CDC-2024-CLUTCH-DEVKIT/build/my_robot_controller': PYTHONPATH=/workspaces/F1Tenth_Team_Clutch/CDC-2024-CLUTCH-DEVKIT/build/my_robot_controller/prefix_override:/usr/lib/python3/dist-packages/colcon_core/task/python/colcon_distutils_commands:/workspaces/F1Tenth_Team_Clutch/CDC-2024-CLUTCH-DEVKIT/install/my_robot_controller/lib/python3.10/site-packages:${PYTHONPATH} /usr/bin/python3 -W ignore:setup.py install is deprecated setup.py develop --editable --build-directory /workspaces/F1Tenth_Team_Clutch/CDC-2024-CLUTCH-DEVKIT/build/my_robot_controller/build --no-deps symlink_data
[2.665s] Level 1:colcon.colcon_core.shell:create_environment_hook('my_robot_controller', 'pythonpath_develop')
[2.665s] INFO:colcon.colcon_core.shell:Creating environment hook '/workspaces/F1Tenth_Team_Clutch/CDC-2024-CLUTCH-DEVKIT/build/my_robot_controller/share/my_robot_controller/hook/pythonpath_develop.ps1'
[2.666s] DEBUG:colcon.colcon_core.event_handler.log_command:Invoked command in '/workspaces/F1Tenth_Team_Clutch/CDC-2024-CLUTCH-DEVKIT/build/my_robot_controller' returned '0': PYTHONPATH=/workspaces/F1Tenth_Team_Clutch/CDC-2024-CLUTCH-DEVKIT/build/my_robot_controller/prefix_override:/usr/lib/python3/dist-packages/colcon_core/task/python/colcon_distutils_commands:/workspaces/F1Tenth_Team_Clutch/CDC-2024-CLUTCH-DEVKIT/install/my_robot_controller/lib/python3.10/site-packages:${PYTHONPATH} /usr/bin/python3 -W ignore:setup.py install is deprecated setup.py develop --editable --build-directory /workspaces/F1Tenth_Team_Clutch/CDC-2024-CLUTCH-DEVKIT/build/my_robot_controller/build --no-deps symlink_data
[2.667s] INFO:colcon.colcon_core.shell:Creating environment descriptor '/workspaces/F1Tenth_Team_Clutch/CDC-2024-CLUTCH-DEVKIT/build/my_robot_controller/share/my_robot_controller/hook/pythonpath_develop.dsv'
[2.668s] INFO:colcon.colcon_core.shell:Creating environment hook '/workspaces/F1Tenth_Team_Clutch/CDC-2024-CLUTCH-DEVKIT/build/my_robot_controller/share/my_robot_controller/hook/pythonpath_develop.sh'
[2.675s] Level 1:colcon.colcon_core.environment:checking '/workspaces/F1Tenth_Team_Clutch/CDC-2024-CLUTCH-DEVKIT/install/my_robot_controller' for CMake module files
[2.676s] Level 1:colcon.colcon_core.environment:checking '/workspaces/F1Tenth_Team_Clutch/CDC-2024-CLUTCH-DEVKIT/install/my_robot_controller' for CMake config files
[2.677s] Level 1:colcon.colcon_core.environment:checking '/workspaces/F1Tenth_Team_Clutch/CDC-2024-CLUTCH-DEVKIT/install/my_robot_controller/lib'
[2.678s] Level 1:colcon.colcon_core.environment:checking '/workspaces/F1Tenth_Team_Clutch/CDC-2024-CLUTCH-DEVKIT/install/my_robot_controller/bin'
[2.678s] Level 1:colcon.colcon_core.environment:checking '/workspaces/F1Tenth_Team_Clutch/CDC-2024-CLUTCH-DEVKIT/install/my_robot_controller/lib/pkgconfig/my_robot_controller.pc'
[2.678s] Level 1:colcon.colcon_core.environment:checking '/workspaces/F1Tenth_Team_Clutch/CDC-2024-CLUTCH-DEVKIT/install/my_robot_controller/lib/python3.10/site-packages'
[2.678s] Level 1:colcon.colcon_core.shell:create_environment_hook('my_robot_controller', 'pythonpath')
[2.679s] INFO:colcon.colcon_core.shell:Creating environment hook '/workspaces/F1Tenth_Team_Clutch/CDC-2024-CLUTCH-DEVKIT/install/my_robot_controller/share/my_robot_controller/hook/pythonpath.ps1'
[2.680s] INFO:colcon.colcon_core.shell:Creating environment descriptor '/workspaces/F1Tenth_Team_Clutch/CDC-2024-CLUTCH-DEVKIT/install/my_robot_controller/share/my_robot_controller/hook/pythonpath.dsv'
[2.680s] INFO:colcon.colcon_core.shell:Creating environment hook '/workspaces/F1Tenth_Team_Clutch/CDC-2024-CLUTCH-DEVKIT/install/my_robot_controller/share/my_robot_controller/hook/pythonpath.sh'
[2.681s] Level 1:colcon.colcon_core.environment:checking '/workspaces/F1Tenth_Team_Clutch/CDC-2024-CLUTCH-DEVKIT/install/my_robot_controller/bin'
[2.681s] Level 1:colcon.colcon_core.environment:create_environment_scripts_only(my_robot_controller)
[2.682s] INFO:colcon.colcon_core.shell:Creating package script '/workspaces/F1Tenth_Team_Clutch/CDC-2024-CLUTCH-DEVKIT/install/my_robot_controller/share/my_robot_controller/package.ps1'
[2.684s] INFO:colcon.colcon_core.shell:Creating package descriptor '/workspaces/F1Tenth_Team_Clutch/CDC-2024-CLUTCH-DEVKIT/install/my_robot_controller/share/my_robot_controller/package.dsv'
[2.685s] INFO:colcon.colcon_core.shell:Creating package script '/workspaces/F1Tenth_Team_Clutch/CDC-2024-CLUTCH-DEVKIT/install/my_robot_controller/share/my_robot_controller/package.sh'
[2.686s] INFO:colcon.colcon_core.shell:Creating package script '/workspaces/F1Tenth_Team_Clutch/CDC-2024-CLUTCH-DEVKIT/install/my_robot_controller/share/my_robot_controller/package.bash'
[2.688s] INFO:colcon.colcon_core.shell:Creating package script '/workspaces/F1Tenth_Team_Clutch/CDC-2024-CLUTCH-DEVKIT/install/my_robot_controller/share/my_robot_controller/package.zsh'
[2.690s] Level 1:colcon.colcon_core.environment:create_file_with_runtime_dependencies(/workspaces/F1Tenth_Team_Clutch/CDC-2024-CLUTCH-DEVKIT/install/my_robot_controller/share/colcon-core/packages/my_robot_controller)
[2.690s] DEBUG:colcon.colcon_parallel_executor.executor.parallel:closing loop
[2.691s] DEBUG:colcon.colcon_parallel_executor.executor.parallel:loop closed
[2.691s] DEBUG:colcon.colcon_parallel_executor.executor.parallel:run_until_complete finished with '0'
[2.691s] DEBUG:colcon.colcon_core.event_reactor:joining thread
[2.701s] INFO:colcon.colcon_core.plugin_system:Skipping extension 'colcon_notification.desktop_notification.notify_send': Could not find 'notify-send'
[2.701s] INFO:colcon.colcon_core.plugin_system:Skipping extension 'colcon_notification.desktop_notification.terminal_notifier': Not used on non-Darwin systems
[2.701s] INFO:colcon.colcon_core.plugin_system:Skipping extension 'colcon_notification.desktop_notification.win32': Not used on non-Windows systems
[2.701s] INFO:colcon.colcon_notification.desktop_notification:Sending desktop notification using 'notify2'
[2.705s] DEBUG:colcon.colcon_notification.desktop_notification.notify2:Failed to initialize notify2: org.freedesktop.DBus.Error.Spawn.ExecFailed: /usr/bin/dbus-launch terminated abnormally without any error message
[2.706s] DEBUG:colcon.colcon_core.event_reactor:joined thread
[2.707s] INFO:colcon.colcon_core.shell:Creating prefix script '/workspaces/F1Tenth_Team_Clutch/CDC-2024-CLUTCH-DEVKIT/install/local_setup.ps1'
[2.709s] INFO:colcon.colcon_core.shell:Creating prefix util module '/workspaces/F1Tenth_Team_Clutch/CDC-2024-CLUTCH-DEVKIT/install/_local_setup_util_ps1.py'
[2.711s] INFO:colcon.colcon_core.shell:Creating prefix chain script '/workspaces/F1Tenth_Team_Clutch/CDC-2024-CLUTCH-DEVKIT/install/setup.ps1'
[2.714s] INFO:colcon.colcon_core.shell:Creating prefix script '/workspaces/F1Tenth_Team_Clutch/CDC-2024-CLUTCH-DEVKIT/install/local_setup.sh'
[2.716s] INFO:colcon.colcon_core.shell:Creating prefix util module '/workspaces/F1Tenth_Team_Clutch/CDC-2024-CLUTCH-DEVKIT/install/_local_setup_util_sh.py'
[2.717s] INFO:colcon.colcon_core.shell:Creating prefix chain script '/workspaces/F1Tenth_Team_Clutch/CDC-2024-CLUTCH-DEVKIT/install/setup.sh'
[2.719s] INFO:colcon.colcon_core.shell:Creating prefix script '/workspaces/F1Tenth_Team_Clutch/CDC-2024-CLUTCH-DEVKIT/install/local_setup.bash'
[2.721s] INFO:colcon.colcon_core.shell:Creating prefix chain script '/workspaces/F1Tenth_Team_Clutch/CDC-2024-CLUTCH-DEVKIT/install/setup.bash'
[2.723s] INFO:colcon.colcon_core.shell:Creating prefix script '/workspaces/F1Tenth_Team_Clutch/CDC-2024-CLUTCH-DEVKIT/install/local_setup.zsh'
[2.724s] INFO:colcon.colcon_core.shell:Creating prefix chain script '/workspaces/F1Tenth_Team_Clutch/CDC-2024-CLUTCH-DEVKIT/install/setup.zsh'
