[1.499s] Invoking command in '/workspaces/F1Tenth_Team_Clutch/CDC-2024-CLUTCH-DEVKIT/build/my_robot_controller': PYTHONPATH=/workspaces/F1Tenth_Team_Clutch/CDC-2024-CLUTCH-DEVKIT/build/my_robot_controller/prefix_override:/usr/lib/python3/dist-packages/colcon_core/task/python/colcon_distutils_commands:/workspaces/F1Tenth_Team_Clutch/CDC-2024-CLUTCH-DEVKIT/install/my_robot_controller/lib/python3.10/site-packages:${PYTHONPATH} /usr/bin/python3 -W ignore:setup.py install is deprecated setup.py develop --editable --build-directory /workspaces/F1Tenth_Team_Clutch/CDC-2024-CLUTCH-DEVKIT/build/my_robot_controller/build --no-deps symlink_data
[2.072s] running develop
[2.076s] /usr/lib/python3/dist-packages/setuptools/command/easy_install.py:158: EasyInstallDeprecationWarning: easy_install command is deprecated. Use build and pip and other standards-based tools.
[2.076s]   warnings.warn(
[2.387s] running egg_info
[2.387s] writing my_robot_controller.egg-info/PKG-INFO
[2.387s] writing dependency_links to my_robot_controller.egg-info/dependency_links.txt
[2.390s] writing entry points to my_robot_controller.egg-info/entry_points.txt
[2.390s] writing requirements to my_robot_controller.egg-info/requires.txt
[2.391s] writing top-level names to my_robot_controller.egg-info/top_level.txt
[2.391s] reading manifest file 'my_robot_controller.egg-info/SOURCES.txt'
[2.392s] writing manifest file 'my_robot_controller.egg-info/SOURCES.txt'
[2.395s] running build_ext
[2.395s] Creating /workspaces/F1Tenth_Team_Clutch/CDC-2024-CLUTCH-DEVKIT/install/my_robot_controller/lib/python3.10/site-packages/my-robot-controller.egg-link (link to .)
[2.397s] Installing draw_circle script to /workspaces/F1Tenth_Team_Clutch/CDC-2024-CLUTCH-DEVKIT/install/my_robot_controller/lib/my_robot_controller
[2.398s] Installing drive_vehicle1 script to /workspaces/F1Tenth_Team_Clutch/CDC-2024-CLUTCH-DEVKIT/install/my_robot_controller/lib/my_robot_controller
[2.398s] Installing drive_vehicle2 script to /workspaces/F1Tenth_Team_Clutch/CDC-2024-CLUTCH-DEVKIT/install/my_robot_controller/lib/my_robot_controller
[2.401s] Installing my_subscriber_node script to /workspaces/F1Tenth_Team_Clutch/CDC-2024-CLUTCH-DEVKIT/install/my_robot_controller/lib/my_robot_controller
[2.401s] Installing test_node script to /workspaces/F1Tenth_Team_Clutch/CDC-2024-CLUTCH-DEVKIT/install/my_robot_controller/lib/my_robot_controller
[2.401s] 
[2.401s] Installed /workspaces/F1Tenth_Team_Clutch/CDC-2024-CLUTCH-DEVKIT/build/my_robot_controller
[2.401s] running symlink_data
[2.496s] Invoked command in '/workspaces/F1Tenth_Team_Clutch/CDC-2024-CLUTCH-DEVKIT/build/my_robot_controller' returned '0': PYTHONPATH=/workspaces/F1Tenth_Team_Clutch/CDC-2024-CLUTCH-DEVKIT/build/my_robot_controller/prefix_override:/usr/lib/python3/dist-packages/colcon_core/task/python/colcon_distutils_commands:/workspaces/F1Tenth_Team_Clutch/CDC-2024-CLUTCH-DEVKIT/install/my_robot_controller/lib/python3.10/site-packages:${PYTHONPATH} /usr/bin/python3 -W ignore:setup.py install is deprecated setup.py develop --editable --build-directory /workspaces/F1Tenth_Team_Clutch/CDC-2024-CLUTCH-DEVKIT/build/my_robot_controller/build --no-deps symlink_data
