running develop
Removing /workspaces/F1Tenth_Team_Clutch/CDC-2024-FIRST/install/my_robot_controller/lib/python3.10/site-packages/my-robot-controller.egg-link (link to .)
running egg_info
writing ../../build/my_robot_controller/my_robot_controller.egg-info/PKG-INFO
writing dependency_links to ../../build/my_robot_controller/my_robot_controller.egg-info/dependency_links.txt
writing entry points to ../../build/my_robot_controller/my_robot_controller.egg-info/entry_points.txt
writing requirements to ../../build/my_robot_controller/my_robot_controller.egg-info/requires.txt
writing top-level names to ../../build/my_robot_controller/my_robot_controller.egg-info/top_level.txt
reading manifest file '../../build/my_robot_controller/my_robot_controller.egg-info/SOURCES.txt'
writing manifest file '../../build/my_robot_controller/my_robot_controller.egg-info/SOURCES.txt'
running build
running build_py
copying my_robot_controller/my_subscriber_node.py -> /workspaces/F1Tenth_Team_Clutch/CDC-2024-FIRST/build/my_robot_controller/build/lib/my_robot_controller
running install
running install_lib
creating /workspaces/F1Tenth_Team_Clutch/CDC-2024-FIRST/install/my_robot_controller/lib/python3.10/site-packages/my_robot_controller
copying /workspaces/F1Tenth_Team_Clutch/CDC-2024-FIRST/build/my_robot_controller/build/lib/my_robot_controller/ new_bridge.py -> /workspaces/F1Tenth_Team_Clutch/CDC-2024-FIRST/install/my_robot_controller/lib/python3.10/site-packages/my_robot_controller
copying /workspaces/F1Tenth_Team_Clutch/CDC-2024-FIRST/build/my_robot_controller/build/lib/my_robot_controller/drive_vehicle1.py -> /workspaces/F1Tenth_Team_Clutch/CDC-2024-FIRST/install/my_robot_controller/lib/python3.10/site-packages/my_robot_controller
copying /workspaces/F1Tenth_Team_Clutch/CDC-2024-FIRST/build/my_robot_controller/build/lib/my_robot_controller/draw_circle.py -> /workspaces/F1Tenth_Team_Clutch/CDC-2024-FIRST/install/my_robot_controller/lib/python3.10/site-packages/my_robot_controller
copying /workspaces/F1Tenth_Team_Clutch/CDC-2024-FIRST/build/my_robot_controller/build/lib/my_robot_controller/drive_vehicle3.py -> /workspaces/F1Tenth_Team_Clutch/CDC-2024-FIRST/install/my_robot_controller/lib/python3.10/site-packages/my_robot_controller
copying /workspaces/F1Tenth_Team_Clutch/CDC-2024-FIRST/build/my_robot_controller/build/lib/my_robot_controller/__init__.py -> /workspaces/F1Tenth_Team_Clutch/CDC-2024-FIRST/install/my_robot_controller/lib/python3.10/site-packages/my_robot_controller
copying /workspaces/F1Tenth_Team_Clutch/CDC-2024-FIRST/build/my_robot_controller/build/lib/my_robot_controller/drive_vehicle2.py -> /workspaces/F1Tenth_Team_Clutch/CDC-2024-FIRST/install/my_robot_controller/lib/python3.10/site-packages/my_robot_controller
copying /workspaces/F1Tenth_Team_Clutch/CDC-2024-FIRST/build/my_robot_controller/build/lib/my_robot_controller/my_subscriber_node copy.py -> /workspaces/F1Tenth_Team_Clutch/CDC-2024-FIRST/install/my_robot_controller/lib/python3.10/site-packages/my_robot_controller
copying /workspaces/F1Tenth_Team_Clutch/CDC-2024-FIRST/build/my_robot_controller/build/lib/my_robot_controller/my_first_node.py -> /workspaces/F1Tenth_Team_Clutch/CDC-2024-FIRST/install/my_robot_controller/lib/python3.10/site-packages/my_robot_controller
copying /workspaces/F1Tenth_Team_Clutch/CDC-2024-FIRST/build/my_robot_controller/build/lib/my_robot_controller/teleop_keyboard.py -> /workspaces/F1Tenth_Team_Clutch/CDC-2024-FIRST/install/my_robot_controller/lib/python3.10/site-packages/my_robot_controller
copying /workspaces/F1Tenth_Team_Clutch/CDC-2024-FIRST/build/my_robot_controller/build/lib/my_robot_controller/my_subscriber_node.py -> /workspaces/F1Tenth_Team_Clutch/CDC-2024-FIRST/install/my_robot_controller/lib/python3.10/site-packages/my_robot_controller
byte-compiling /workspaces/F1Tenth_Team_Clutch/CDC-2024-FIRST/install/my_robot_controller/lib/python3.10/site-packages/my_robot_controller/ new_bridge.py to  new_bridge.cpython-310.pyc
byte-compiling /workspaces/F1Tenth_Team_Clutch/CDC-2024-FIRST/install/my_robot_controller/lib/python3.10/site-packages/my_robot_controller/drive_vehicle1.py to drive_vehicle1.cpython-310.pyc
byte-compiling /workspaces/F1Tenth_Team_Clutch/CDC-2024-FIRST/install/my_robot_controller/lib/python3.10/site-packages/my_robot_controller/draw_circle.py to draw_circle.cpython-310.pyc
byte-compiling /workspaces/F1Tenth_Team_Clutch/CDC-2024-FIRST/install/my_robot_controller/lib/python3.10/site-packages/my_robot_controller/drive_vehicle3.py to drive_vehicle3.cpython-310.pyc
byte-compiling /workspaces/F1Tenth_Team_Clutch/CDC-2024-FIRST/install/my_robot_controller/lib/python3.10/site-packages/my_robot_controller/__init__.py to __init__.cpython-310.pyc
byte-compiling /workspaces/F1Tenth_Team_Clutch/CDC-2024-FIRST/install/my_robot_controller/lib/python3.10/site-packages/my_robot_controller/drive_vehicle2.py to drive_vehicle2.cpython-310.pyc
byte-compiling /workspaces/F1Tenth_Team_Clutch/CDC-2024-FIRST/install/my_robot_controller/lib/python3.10/site-packages/my_robot_controller/my_subscriber_node copy.py to my_subscriber_node copy.cpython-310.pyc
byte-compiling /workspaces/F1Tenth_Team_Clutch/CDC-2024-FIRST/install/my_robot_controller/lib/python3.10/site-packages/my_robot_controller/my_first_node.py to my_first_node.cpython-310.pyc
byte-compiling /workspaces/F1Tenth_Team_Clutch/CDC-2024-FIRST/install/my_robot_controller/lib/python3.10/site-packages/my_robot_controller/teleop_keyboard.py to teleop_keyboard.cpython-310.pyc
byte-compiling /workspaces/F1Tenth_Team_Clutch/CDC-2024-FIRST/install/my_robot_controller/lib/python3.10/site-packages/my_robot_controller/my_subscriber_node.py to my_subscriber_node.cpython-310.pyc
running install_data
copying resource/my_robot_controller -> /workspaces/F1Tenth_Team_Clutch/CDC-2024-FIRST/install/my_robot_controller/share/ament_index/resource_index/packages
copying package.xml -> /workspaces/F1Tenth_Team_Clutch/CDC-2024-FIRST/install/my_robot_controller/share/my_robot_controller
running install_egg_info
Copying ../../build/my_robot_controller/my_robot_controller.egg-info to /workspaces/F1Tenth_Team_Clutch/CDC-2024-FIRST/install/my_robot_controller/lib/python3.10/site-packages/my_robot_controller-0.0.0-py3.10.egg-info
running install_scripts
Installing draw_circle script to /workspaces/F1Tenth_Team_Clutch/CDC-2024-FIRST/install/my_robot_controller/lib/my_robot_controller
Installing drive_vehicle1 script to /workspaces/F1Tenth_Team_Clutch/CDC-2024-FIRST/install/my_robot_controller/lib/my_robot_controller
Installing drive_vehicle2 script to /workspaces/F1Tenth_Team_Clutch/CDC-2024-FIRST/install/my_robot_controller/lib/my_robot_controller
Installing drive_vehicle3 script to /workspaces/F1Tenth_Team_Clutch/CDC-2024-FIRST/install/my_robot_controller/lib/my_robot_controller
Installing my_subscriber_node script to /workspaces/F1Tenth_Team_Clutch/CDC-2024-FIRST/install/my_robot_controller/lib/my_robot_controller
Installing new_bridge script to /workspaces/F1Tenth_Team_Clutch/CDC-2024-FIRST/install/my_robot_controller/lib/my_robot_controller
Installing test_node script to /workspaces/F1Tenth_Team_Clutch/CDC-2024-FIRST/install/my_robot_controller/lib/my_robot_controller
writing list of installed files to '/workspaces/F1Tenth_Team_Clutch/CDC-2024-FIRST/build/my_robot_controller/install.log'
