[0.749s] Invoking command in '/workspaces/F1Tenth_Team_Clutch/CDC-2024-FIRST/build/my_robot_controller': PYTHONPATH=/workspaces/F1Tenth_Team_Clutch/CDC-2024-FIRST/build/my_robot_controller/prefix_override:/usr/lib/python3/dist-packages/colcon_core/task/python/colcon_distutils_commands:/workspaces/F1Tenth_Team_Clutch/CDC-2024-FIRST/install/my_robot_controller/lib/python3.10/site-packages: /usr/bin/python3 -W ignore:setup.py install is deprecated setup.py develop --uninstall --editable --build-directory /workspaces/F1Tenth_Team_Clutch/CDC-2024-FIRST/build/my_robot_controller/build
[0.938s] running develop
[0.941s] /usr/lib/python3/dist-packages/setuptools/command/easy_install.py:158: EasyInstallDeprecationWarning: easy_install command is deprecated. Use build and pip and other standards-based tools.
[0.941s]   warnings.warn(
[0.997s] Removing /workspaces/F1Tenth_Team_Clutch/CDC-2024-FIRST/install/my_robot_controller/lib/python3.10/site-packages/my-robot-controller.egg-link (link to .)
[1.034s] Invoked command in '/workspaces/F1Tenth_Team_Clutch/CDC-2024-FIRST/build/my_robot_controller' returned '0': PYTHONPATH=/workspaces/F1Tenth_Team_Clutch/CDC-2024-FIRST/build/my_robot_controller/prefix_override:/usr/lib/python3/dist-packages/colcon_core/task/python/colcon_distutils_commands:/workspaces/F1Tenth_Team_Clutch/CDC-2024-FIRST/install/my_robot_controller/lib/python3.10/site-packages: /usr/bin/python3 -W ignore:setup.py install is deprecated setup.py develop --uninstall --editable --build-directory /workspaces/F1Tenth_Team_Clutch/CDC-2024-FIRST/build/my_robot_controller/build
[1.035s] Invoking command in '/workspaces/F1Tenth_Team_Clutch/CDC-2024-FIRST/src_old/my_robot_controller': PYTHONPATH=/workspaces/F1Tenth_Team_Clutch/CDC-2024-FIRST/build/my_robot_controller/prefix_override:/usr/lib/python3/dist-packages/colcon_core/task/python/colcon_distutils_commands:/workspaces/F1Tenth_Team_Clutch/CDC-2024-FIRST/install/my_robot_controller/lib/python3.10/site-packages: /usr/bin/python3 -W ignore:setup.py install is deprecated setup.py egg_info --egg-base ../../build/my_robot_controller build --build-base /workspaces/F1Tenth_Team_Clutch/CDC-2024-FIRST/build/my_robot_controller/build install --record /workspaces/F1Tenth_Team_Clutch/CDC-2024-FIRST/build/my_robot_controller/install.log --single-version-externally-managed install_data --force
[1.274s] running egg_info
[1.275s] writing ../../build/my_robot_controller/my_robot_controller.egg-info/PKG-INFO
[1.275s] writing dependency_links to ../../build/my_robot_controller/my_robot_controller.egg-info/dependency_links.txt
[1.275s] writing entry points to ../../build/my_robot_controller/my_robot_controller.egg-info/entry_points.txt
[1.276s] writing requirements to ../../build/my_robot_controller/my_robot_controller.egg-info/requires.txt
[1.276s] writing top-level names to ../../build/my_robot_controller/my_robot_controller.egg-info/top_level.txt
[1.277s] reading manifest file '../../build/my_robot_controller/my_robot_controller.egg-info/SOURCES.txt'
[1.279s] writing manifest file '../../build/my_robot_controller/my_robot_controller.egg-info/SOURCES.txt'
[1.279s] running build
[1.279s] running build_py
[1.280s] copying my_robot_controller/my_subscriber_node.py -> /workspaces/F1Tenth_Team_Clutch/CDC-2024-FIRST/build/my_robot_controller/build/lib/my_robot_controller
[1.280s] running install
[1.281s] running install_lib
[1.281s] creating /workspaces/F1Tenth_Team_Clutch/CDC-2024-FIRST/install/my_robot_controller/lib/python3.10/site-packages/my_robot_controller
[1.281s] copying /workspaces/F1Tenth_Team_Clutch/CDC-2024-FIRST/build/my_robot_controller/build/lib/my_robot_controller/ new_bridge.py -> /workspaces/F1Tenth_Team_Clutch/CDC-2024-FIRST/install/my_robot_controller/lib/python3.10/site-packages/my_robot_controller
[1.281s] copying /workspaces/F1Tenth_Team_Clutch/CDC-2024-FIRST/build/my_robot_controller/build/lib/my_robot_controller/drive_vehicle1.py -> /workspaces/F1Tenth_Team_Clutch/CDC-2024-FIRST/install/my_robot_controller/lib/python3.10/site-packages/my_robot_controller
[1.282s] copying /workspaces/F1Tenth_Team_Clutch/CDC-2024-FIRST/build/my_robot_controller/build/lib/my_robot_controller/draw_circle.py -> /workspaces/F1Tenth_Team_Clutch/CDC-2024-FIRST/install/my_robot_controller/lib/python3.10/site-packages/my_robot_controller
[1.282s] copying /workspaces/F1Tenth_Team_Clutch/CDC-2024-FIRST/build/my_robot_controller/build/lib/my_robot_controller/drive_vehicle3.py -> /workspaces/F1Tenth_Team_Clutch/CDC-2024-FIRST/install/my_robot_controller/lib/python3.10/site-packages/my_robot_controller
[1.282s] copying /workspaces/F1Tenth_Team_Clutch/CDC-2024-FIRST/build/my_robot_controller/build/lib/my_robot_controller/__init__.py -> /workspaces/F1Tenth_Team_Clutch/CDC-2024-FIRST/install/my_robot_controller/lib/python3.10/site-packages/my_robot_controller
[1.282s] copying /workspaces/F1Tenth_Team_Clutch/CDC-2024-FIRST/build/my_robot_controller/build/lib/my_robot_controller/drive_vehicle2.py -> /workspaces/F1Tenth_Team_Clutch/CDC-2024-FIRST/install/my_robot_controller/lib/python3.10/site-packages/my_robot_controller
[1.282s] copying /workspaces/F1Tenth_Team_Clutch/CDC-2024-FIRST/build/my_robot_controller/build/lib/my_robot_controller/my_subscriber_node copy.py -> /workspaces/F1Tenth_Team_Clutch/CDC-2024-FIRST/install/my_robot_controller/lib/python3.10/site-packages/my_robot_controller
[1.282s] copying /workspaces/F1Tenth_Team_Clutch/CDC-2024-FIRST/build/my_robot_controller/build/lib/my_robot_controller/my_first_node.py -> /workspaces/F1Tenth_Team_Clutch/CDC-2024-FIRST/install/my_robot_controller/lib/python3.10/site-packages/my_robot_controller
[1.283s] copying /workspaces/F1Tenth_Team_Clutch/CDC-2024-FIRST/build/my_robot_controller/build/lib/my_robot_controller/teleop_keyboard.py -> /workspaces/F1Tenth_Team_Clutch/CDC-2024-FIRST/install/my_robot_controller/lib/python3.10/site-packages/my_robot_controller
[1.283s] copying /workspaces/F1Tenth_Team_Clutch/CDC-2024-FIRST/build/my_robot_controller/build/lib/my_robot_controller/my_subscriber_node.py -> /workspaces/F1Tenth_Team_Clutch/CDC-2024-FIRST/install/my_robot_controller/lib/python3.10/site-packages/my_robot_controller
[1.283s] byte-compiling /workspaces/F1Tenth_Team_Clutch/CDC-2024-FIRST/install/my_robot_controller/lib/python3.10/site-packages/my_robot_controller/ new_bridge.py to  new_bridge.cpython-310.pyc
[1.284s] byte-compiling /workspaces/F1Tenth_Team_Clutch/CDC-2024-FIRST/install/my_robot_controller/lib/python3.10/site-packages/my_robot_controller/drive_vehicle1.py to drive_vehicle1.cpython-310.pyc
[1.285s] byte-compiling /workspaces/F1Tenth_Team_Clutch/CDC-2024-FIRST/install/my_robot_controller/lib/python3.10/site-packages/my_robot_controller/draw_circle.py to draw_circle.cpython-310.pyc
[1.285s] byte-compiling /workspaces/F1Tenth_Team_Clutch/CDC-2024-FIRST/install/my_robot_controller/lib/python3.10/site-packages/my_robot_controller/drive_vehicle3.py to drive_vehicle3.cpython-310.pyc
[1.286s] byte-compiling /workspaces/F1Tenth_Team_Clutch/CDC-2024-FIRST/install/my_robot_controller/lib/python3.10/site-packages/my_robot_controller/__init__.py to __init__.cpython-310.pyc
[1.286s] byte-compiling /workspaces/F1Tenth_Team_Clutch/CDC-2024-FIRST/install/my_robot_controller/lib/python3.10/site-packages/my_robot_controller/drive_vehicle2.py to drive_vehicle2.cpython-310.pyc
[1.287s] byte-compiling /workspaces/F1Tenth_Team_Clutch/CDC-2024-FIRST/install/my_robot_controller/lib/python3.10/site-packages/my_robot_controller/my_subscriber_node copy.py to my_subscriber_node copy.cpython-310.pyc
[1.288s] byte-compiling /workspaces/F1Tenth_Team_Clutch/CDC-2024-FIRST/install/my_robot_controller/lib/python3.10/site-packages/my_robot_controller/my_first_node.py to my_first_node.cpython-310.pyc
[1.288s] byte-compiling /workspaces/F1Tenth_Team_Clutch/CDC-2024-FIRST/install/my_robot_controller/lib/python3.10/site-packages/my_robot_controller/teleop_keyboard.py to teleop_keyboard.cpython-310.pyc
[1.289s] byte-compiling /workspaces/F1Tenth_Team_Clutch/CDC-2024-FIRST/install/my_robot_controller/lib/python3.10/site-packages/my_robot_controller/my_subscriber_node.py to my_subscriber_node.cpython-310.pyc
[1.290s] running install_data
[1.290s] copying resource/my_robot_controller -> /workspaces/F1Tenth_Team_Clutch/CDC-2024-FIRST/install/my_robot_controller/share/ament_index/resource_index/packages
[1.290s] copying package.xml -> /workspaces/F1Tenth_Team_Clutch/CDC-2024-FIRST/install/my_robot_controller/share/my_robot_controller
[1.290s] running install_egg_info
[1.292s] Copying ../../build/my_robot_controller/my_robot_controller.egg-info to /workspaces/F1Tenth_Team_Clutch/CDC-2024-FIRST/install/my_robot_controller/lib/python3.10/site-packages/my_robot_controller-0.0.0-py3.10.egg-info
[1.293s] running install_scripts
[1.314s] Installing draw_circle script to /workspaces/F1Tenth_Team_Clutch/CDC-2024-FIRST/install/my_robot_controller/lib/my_robot_controller
[1.314s] Installing drive_vehicle1 script to /workspaces/F1Tenth_Team_Clutch/CDC-2024-FIRST/install/my_robot_controller/lib/my_robot_controller
[1.315s] Installing drive_vehicle2 script to /workspaces/F1Tenth_Team_Clutch/CDC-2024-FIRST/install/my_robot_controller/lib/my_robot_controller
[1.315s] Installing drive_vehicle3 script to /workspaces/F1Tenth_Team_Clutch/CDC-2024-FIRST/install/my_robot_controller/lib/my_robot_controller
[1.315s] Installing my_subscriber_node script to /workspaces/F1Tenth_Team_Clutch/CDC-2024-FIRST/install/my_robot_controller/lib/my_robot_controller
[1.315s] Installing new_bridge script to /workspaces/F1Tenth_Team_Clutch/CDC-2024-FIRST/install/my_robot_controller/lib/my_robot_controller
[1.315s] Installing test_node script to /workspaces/F1Tenth_Team_Clutch/CDC-2024-FIRST/install/my_robot_controller/lib/my_robot_controller
[1.315s] writing list of installed files to '/workspaces/F1Tenth_Team_Clutch/CDC-2024-FIRST/build/my_robot_controller/install.log'
[1.349s] Invoked command in '/workspaces/F1Tenth_Team_Clutch/CDC-2024-FIRST/src_old/my_robot_controller' returned '0': PYTHONPATH=/workspaces/F1Tenth_Team_Clutch/CDC-2024-FIRST/build/my_robot_controller/prefix_override:/usr/lib/python3/dist-packages/colcon_core/task/python/colcon_distutils_commands:/workspaces/F1Tenth_Team_Clutch/CDC-2024-FIRST/install/my_robot_controller/lib/python3.10/site-packages: /usr/bin/python3 -W ignore:setup.py install is deprecated setup.py egg_info --egg-base ../../build/my_robot_controller build --build-base /workspaces/F1Tenth_Team_Clutch/CDC-2024-FIRST/build/my_robot_controller/build install --record /workspaces/F1Tenth_Team_Clutch/CDC-2024-FIRST/build/my_robot_controller/install.log --single-version-externally-managed install_data --force
