[0.334s] DEBUG:colcon:Command line arguments: ['/usr/bin/colcon', 'build', '--packages-select', 'autodrive_f1tenth_clutch']
[0.334s] DEBUG:colcon:Parsed command line arguments: Namespace(log_base=None, log_level=None, verb_name='build', build_base='build', install_base='install', merge_install=False, symlink_install=False, test_result_base=None, continue_on_error=False, executor='parallel', parallel_workers=8, event_handlers=None, ignore_user_meta=False, metas=['./colcon.meta'], base_paths=['.'], packages_ignore=None, packages_ignore_regex=None, paths=None, packages_up_to=None, packages_up_to_regex=None, packages_above=None, packages_above_and_dependencies=None, packages_above_depth=None, packages_select_by_dep=None, packages_skip_by_dep=None, packages_skip_up_to=None, packages_select_build_failed=False, packages_skip_build_finished=False, packages_select_test_failures=False, packages_skip_test_passed=False, packages_select=['autodrive_f1tenth_clutch'], packages_skip=None, packages_select_regex=None, packages_skip_regex=None, packages_start=None, packages_end=None, cmake_args=None, cmake_target=None, cmake_target_skip_unavailable=False, cmake_clean_cache=False, cmake_clean_first=False, cmake_force_configure=False, ament_cmake_args=None, catkin_cmake_args=None, catkin_skip_building_tests=False, mixin_files=None, mixin=None, verb_parser=<colcon_mixin.mixin.mixin_argument.MixinArgumentDecorator object at 0x7f397b130700>, verb_extension=<colcon_core.verb.build.BuildVerb object at 0x7f397b130190>, main=<bound method BuildVerb.main of <colcon_core.verb.build.BuildVerb object at 0x7f397b130190>>, mixin_verb=('build',))
[0.686s] Level 1:colcon.colcon_core.package_discovery:discover_packages(colcon_meta) check parameters
[0.688s] INFO:colcon.colcon_metadata.package_discovery.colcon_meta:Using configuration from '/root/.colcon/metadata/default/Gazebo.meta'
[0.690s] INFO:colcon.colcon_metadata.package_discovery.colcon_meta:Using configuration from '/root/.colcon/metadata/default/fastrtps.meta'
[0.690s] Level 1:colcon.colcon_core.package_discovery:discover_packages(recursive) check parameters
[0.690s] Level 1:colcon.colcon_core.package_discovery:discover_packages(ignore) check parameters
[0.690s] Level 1:colcon.colcon_core.package_discovery:discover_packages(path) check parameters
[0.690s] Level 1:colcon.colcon_core.package_discovery:discover_packages(colcon_meta) discover
[0.690s] Level 1:colcon.colcon_core.package_discovery:discover_packages(recursive) discover
[0.690s] INFO:colcon.colcon_core.package_discovery:Crawling recursively for packages in '/workspaces/F1Tenth/AutoDRIVE-F1TENTH-Sim-Racing-Devkit'
[0.690s] Level 1:colcon.colcon_core.package_identification:_identify(.) by extensions ['ignore', 'ignore_ament_install']
[0.691s] Level 1:colcon.colcon_core.package_identification:_identify(.) by extension 'ignore'
[0.691s] Level 1:colcon.colcon_core.package_identification:_identify(.) by extension 'ignore_ament_install'
[0.691s] Level 1:colcon.colcon_core.package_identification:_identify(.) by extensions ['colcon_pkg']
[0.691s] Level 1:colcon.colcon_core.package_identification:_identify(.) by extension 'colcon_pkg'
[0.691s] Level 1:colcon.colcon_core.package_identification:_identify(.) by extensions ['colcon_meta']
[0.691s] Level 1:colcon.colcon_core.package_identification:_identify(.) by extension 'colcon_meta'
[0.691s] Level 1:colcon.colcon_core.package_identification:_identify(.) by extensions ['ros']
[0.691s] Level 1:colcon.colcon_core.package_identification:_identify(.) by extension 'ros'
[0.715s] Level 1:colcon.colcon_core.package_identification:_identify(.) by extensions ['cmake', 'python']
[0.715s] Level 1:colcon.colcon_core.package_identification:_identify(.) by extension 'cmake'
[0.715s] Level 1:colcon.colcon_core.package_identification:_identify(.) by extension 'python'
[0.715s] Level 1:colcon.colcon_core.package_identification:_identify(.) by extensions ['python_setup_py']
[0.715s] Level 1:colcon.colcon_core.package_identification:_identify(.) by extension 'python_setup_py'
[0.715s] Level 1:colcon.colcon_core.package_identification:_identify(autodrive_devkit.old) by extensions ['ignore', 'ignore_ament_install']
[0.715s] Level 1:colcon.colcon_core.package_identification:_identify(autodrive_devkit.old) by extension 'ignore'
[0.715s] Level 1:colcon.colcon_core.package_identification:_identify(autodrive_devkit.old) by extension 'ignore_ament_install'
[0.715s] Level 1:colcon.colcon_core.package_identification:_identify(autodrive_devkit.old) by extensions ['colcon_pkg']
[0.715s] Level 1:colcon.colcon_core.package_identification:_identify(autodrive_devkit.old) by extension 'colcon_pkg'
[0.716s] Level 1:colcon.colcon_core.package_identification:_identify(autodrive_devkit.old) by extensions ['colcon_meta']
[0.716s] Level 1:colcon.colcon_core.package_identification:_identify(autodrive_devkit.old) by extension 'colcon_meta'
[0.716s] Level 1:colcon.colcon_core.package_identification:_identify(autodrive_devkit.old) by extensions ['ros']
[0.716s] Level 1:colcon.colcon_core.package_identification:_identify(autodrive_devkit.old) by extension 'ros'
[0.722s] DEBUG:colcon.colcon_core.package_identification:Package 'autodrive_devkit.old' with type 'ros.ament_python' and name 'autodrive_f1tenth'
[0.722s] Level 1:colcon.colcon_core.package_identification:_identify(autodrive_devkit_clutch) by extensions ['ignore', 'ignore_ament_install']
[0.722s] Level 1:colcon.colcon_core.package_identification:_identify(autodrive_devkit_clutch) by extension 'ignore'
[0.722s] Level 1:colcon.colcon_core.package_identification:_identify(autodrive_devkit_clutch) by extension 'ignore_ament_install'
[0.722s] Level 1:colcon.colcon_core.package_identification:_identify(autodrive_devkit_clutch) by extensions ['colcon_pkg']
[0.722s] Level 1:colcon.colcon_core.package_identification:_identify(autodrive_devkit_clutch) by extension 'colcon_pkg'
[0.723s] Level 1:colcon.colcon_core.package_identification:_identify(autodrive_devkit_clutch) by extensions ['colcon_meta']
[0.723s] Level 1:colcon.colcon_core.package_identification:_identify(autodrive_devkit_clutch) by extension 'colcon_meta'
[0.723s] Level 1:colcon.colcon_core.package_identification:_identify(autodrive_devkit_clutch) by extensions ['ros']
[0.723s] Level 1:colcon.colcon_core.package_identification:_identify(autodrive_devkit_clutch) by extension 'ros'
[0.724s] DEBUG:colcon.colcon_core.package_identification:Package 'autodrive_devkit_clutch' with type 'ros.ament_python' and name 'autodrive_f1tenth'
[0.724s] Level 1:colcon.colcon_core.package_identification:_identify(autodrive_simulator) by extensions ['ignore', 'ignore_ament_install']
[0.724s] Level 1:colcon.colcon_core.package_identification:_identify(autodrive_simulator) by extension 'ignore'
[0.724s] Level 1:colcon.colcon_core.package_identification:_identify(autodrive_simulator) by extension 'ignore_ament_install'
[0.724s] Level 1:colcon.colcon_core.package_identification:_identify(autodrive_simulator) by extensions ['colcon_pkg']
[0.724s] Level 1:colcon.colcon_core.package_identification:_identify(autodrive_simulator) by extension 'colcon_pkg'
[0.724s] Level 1:colcon.colcon_core.package_identification:_identify(autodrive_simulator) by extensions ['colcon_meta']
[0.724s] Level 1:colcon.colcon_core.package_identification:_identify(autodrive_simulator) by extension 'colcon_meta'
[0.725s] Level 1:colcon.colcon_core.package_identification:_identify(autodrive_simulator) by extensions ['ros']
[0.725s] Level 1:colcon.colcon_core.package_identification:_identify(autodrive_simulator) by extension 'ros'
[0.725s] Level 1:colcon.colcon_core.package_identification:_identify(autodrive_simulator) by extensions ['cmake', 'python']
[0.725s] Level 1:colcon.colcon_core.package_identification:_identify(autodrive_simulator) by extension 'cmake'
[0.725s] Level 1:colcon.colcon_core.package_identification:_identify(autodrive_simulator) by extension 'python'
[0.725s] Level 1:colcon.colcon_core.package_identification:_identify(autodrive_simulator) by extensions ['python_setup_py']
[0.725s] Level 1:colcon.colcon_core.package_identification:_identify(autodrive_simulator) by extension 'python_setup_py'
[0.725s] Level 1:colcon.colcon_core.package_identification:_identify(autodrive_simulator/Data) by extensions ['ignore', 'ignore_ament_install']
[0.725s] Level 1:colcon.colcon_core.package_identification:_identify(autodrive_simulator/Data) by extension 'ignore'
[0.725s] Level 1:colcon.colcon_core.package_identification:_identify(autodrive_simulator/Data) by extension 'ignore_ament_install'
[0.725s] Level 1:colcon.colcon_core.package_identification:_identify(autodrive_simulator/Data) by extensions ['colcon_pkg']
[0.725s] Level 1:colcon.colcon_core.package_identification:_identify(autodrive_simulator/Data) by extension 'colcon_pkg'
[0.725s] Level 1:colcon.colcon_core.package_identification:_identify(autodrive_simulator/Data) by extensions ['colcon_meta']
[0.725s] Level 1:colcon.colcon_core.package_identification:_identify(autodrive_simulator/Data) by extension 'colcon_meta'
[0.725s] Level 1:colcon.colcon_core.package_identification:_identify(autodrive_simulator/Data) by extensions ['ros']
[0.726s] Level 1:colcon.colcon_core.package_identification:_identify(autodrive_simulator/Data) by extension 'ros'
[0.726s] Level 1:colcon.colcon_core.package_identification:_identify(autodrive_simulator/Data) by extensions ['cmake', 'python']
[0.726s] Level 1:colcon.colcon_core.package_identification:_identify(autodrive_simulator/Data) by extension 'cmake'
[0.726s] Level 1:colcon.colcon_core.package_identification:_identify(autodrive_simulator/Data) by extension 'python'
[0.726s] Level 1:colcon.colcon_core.package_identification:_identify(autodrive_simulator/Data) by extensions ['python_setup_py']
[0.726s] Level 1:colcon.colcon_core.package_identification:_identify(autodrive_simulator/Data) by extension 'python_setup_py'
[0.726s] Level 1:colcon.colcon_core.package_identification:_identify(autodrive_simulator/Data/Plugins) by extensions ['ignore', 'ignore_ament_install']
[0.726s] Level 1:colcon.colcon_core.package_identification:_identify(autodrive_simulator/Data/Plugins) by extension 'ignore'
[0.726s] Level 1:colcon.colcon_core.package_identification:_identify(autodrive_simulator/Data/Plugins) by extension 'ignore_ament_install'
[0.726s] Level 1:colcon.colcon_core.package_identification:_identify(autodrive_simulator/Data/Plugins) by extensions ['colcon_pkg']
[0.726s] Level 1:colcon.colcon_core.package_identification:_identify(autodrive_simulator/Data/Plugins) by extension 'colcon_pkg'
[0.726s] Level 1:colcon.colcon_core.package_identification:_identify(autodrive_simulator/Data/Plugins) by extensions ['colcon_meta']
[0.726s] Level 1:colcon.colcon_core.package_identification:_identify(autodrive_simulator/Data/Plugins) by extension 'colcon_meta'
[0.727s] Level 1:colcon.colcon_core.package_identification:_identify(autodrive_simulator/Data/Plugins) by extensions ['ros']
[0.727s] Level 1:colcon.colcon_core.package_identification:_identify(autodrive_simulator/Data/Plugins) by extension 'ros'
[0.727s] Level 1:colcon.colcon_core.package_identification:_identify(autodrive_simulator/Data/Plugins) by extensions ['cmake', 'python']
[0.727s] Level 1:colcon.colcon_core.package_identification:_identify(autodrive_simulator/Data/Plugins) by extension 'cmake'
[0.727s] Level 1:colcon.colcon_core.package_identification:_identify(autodrive_simulator/Data/Plugins) by extension 'python'
[0.727s] Level 1:colcon.colcon_core.package_identification:_identify(autodrive_simulator/Data/Plugins) by extensions ['python_setup_py']
[0.727s] Level 1:colcon.colcon_core.package_identification:_identify(autodrive_simulator/Data/Plugins) by extension 'python_setup_py'
[0.727s] Level 1:colcon.colcon_core.package_identification:_identify(autodrive_simulator/Data/Resources) by extensions ['ignore', 'ignore_ament_install']
[0.727s] Level 1:colcon.colcon_core.package_identification:_identify(autodrive_simulator/Data/Resources) by extension 'ignore'
[0.727s] Level 1:colcon.colcon_core.package_identification:_identify(autodrive_simulator/Data/Resources) by extension 'ignore_ament_install'
[0.728s] Level 1:colcon.colcon_core.package_identification:_identify(autodrive_simulator/Data/Resources) by extensions ['colcon_pkg']
[0.728s] Level 1:colcon.colcon_core.package_identification:_identify(autodrive_simulator/Data/Resources) by extension 'colcon_pkg'
[0.728s] Level 1:colcon.colcon_core.package_identification:_identify(autodrive_simulator/Data/Resources) by extensions ['colcon_meta']
[0.728s] Level 1:colcon.colcon_core.package_identification:_identify(autodrive_simulator/Data/Resources) by extension 'colcon_meta'
[0.728s] Level 1:colcon.colcon_core.package_identification:_identify(autodrive_simulator/Data/Resources) by extensions ['ros']
[0.728s] Level 1:colcon.colcon_core.package_identification:_identify(autodrive_simulator/Data/Resources) by extension 'ros'
[0.728s] Level 1:colcon.colcon_core.package_identification:_identify(autodrive_simulator/Data/Resources) by extensions ['cmake', 'python']
[0.728s] Level 1:colcon.colcon_core.package_identification:_identify(autodrive_simulator/Data/Resources) by extension 'cmake'
[0.728s] Level 1:colcon.colcon_core.package_identification:_identify(autodrive_simulator/Data/Resources) by extension 'python'
[0.728s] Level 1:colcon.colcon_core.package_identification:_identify(autodrive_simulator/Data/Resources) by extensions ['python_setup_py']
[0.729s] Level 1:colcon.colcon_core.package_identification:_identify(autodrive_simulator/Data/Resources) by extension 'python_setup_py'
[0.729s] Level 1:colcon.colcon_core.package_identification:_identify(autodrive_simulator/Data/UnitySubsystems) by extensions ['ignore', 'ignore_ament_install']
[0.729s] Level 1:colcon.colcon_core.package_identification:_identify(autodrive_simulator/Data/UnitySubsystems) by extension 'ignore'
[0.729s] Level 1:colcon.colcon_core.package_identification:_identify(autodrive_simulator/Data/UnitySubsystems) by extension 'ignore_ament_install'
[0.729s] Level 1:colcon.colcon_core.package_identification:_identify(autodrive_simulator/Data/UnitySubsystems) by extensions ['colcon_pkg']
[0.729s] Level 1:colcon.colcon_core.package_identification:_identify(autodrive_simulator/Data/UnitySubsystems) by extension 'colcon_pkg'
[0.729s] Level 1:colcon.colcon_core.package_identification:_identify(autodrive_simulator/Data/UnitySubsystems) by extensions ['colcon_meta']
[0.729s] Level 1:colcon.colcon_core.package_identification:_identify(autodrive_simulator/Data/UnitySubsystems) by extension 'colcon_meta'
[0.729s] Level 1:colcon.colcon_core.package_identification:_identify(autodrive_simulator/Data/UnitySubsystems) by extensions ['ros']
[0.729s] Level 1:colcon.colcon_core.package_identification:_identify(autodrive_simulator/Data/UnitySubsystems) by extension 'ros'
[0.730s] Level 1:colcon.colcon_core.package_identification:_identify(autodrive_simulator/Data/UnitySubsystems) by extensions ['cmake', 'python']
[0.730s] Level 1:colcon.colcon_core.package_identification:_identify(autodrive_simulator/Data/UnitySubsystems) by extension 'cmake'
[0.730s] Level 1:colcon.colcon_core.package_identification:_identify(autodrive_simulator/Data/UnitySubsystems) by extension 'python'
[0.730s] Level 1:colcon.colcon_core.package_identification:_identify(autodrive_simulator/Data/UnitySubsystems) by extensions ['python_setup_py']
[0.730s] Level 1:colcon.colcon_core.package_identification:_identify(autodrive_simulator/Data/UnitySubsystems) by extension 'python_setup_py'
[0.730s] Level 1:colcon.colcon_core.package_identification:_identify(autodrive_simulator/Data/UnitySubsystems/OculusXRPlugin) by extensions ['ignore', 'ignore_ament_install']
[0.730s] Level 1:colcon.colcon_core.package_identification:_identify(autodrive_simulator/Data/UnitySubsystems/OculusXRPlugin) by extension 'ignore'
[0.730s] Level 1:colcon.colcon_core.package_identification:_identify(autodrive_simulator/Data/UnitySubsystems/OculusXRPlugin) by extension 'ignore_ament_install'
[0.730s] Level 1:colcon.colcon_core.package_identification:_identify(autodrive_simulator/Data/UnitySubsystems/OculusXRPlugin) by extensions ['colcon_pkg']
[0.731s] Level 1:colcon.colcon_core.package_identification:_identify(autodrive_simulator/Data/UnitySubsystems/OculusXRPlugin) by extension 'colcon_pkg'
[0.731s] Level 1:colcon.colcon_core.package_identification:_identify(autodrive_simulator/Data/UnitySubsystems/OculusXRPlugin) by extensions ['colcon_meta']
[0.731s] Level 1:colcon.colcon_core.package_identification:_identify(autodrive_simulator/Data/UnitySubsystems/OculusXRPlugin) by extension 'colcon_meta'
[0.731s] Level 1:colcon.colcon_core.package_identification:_identify(autodrive_simulator/Data/UnitySubsystems/OculusXRPlugin) by extensions ['ros']
[0.731s] Level 1:colcon.colcon_core.package_identification:_identify(autodrive_simulator/Data/UnitySubsystems/OculusXRPlugin) by extension 'ros'
[0.731s] Level 1:colcon.colcon_core.package_identification:_identify(autodrive_simulator/Data/UnitySubsystems/OculusXRPlugin) by extensions ['cmake', 'python']
[0.731s] Level 1:colcon.colcon_core.package_identification:_identify(autodrive_simulator/Data/UnitySubsystems/OculusXRPlugin) by extension 'cmake'
[0.731s] Level 1:colcon.colcon_core.package_identification:_identify(autodrive_simulator/Data/UnitySubsystems/OculusXRPlugin) by extension 'python'
[0.731s] Level 1:colcon.colcon_core.package_identification:_identify(autodrive_simulator/Data/UnitySubsystems/OculusXRPlugin) by extensions ['python_setup_py']
[0.731s] Level 1:colcon.colcon_core.package_identification:_identify(autodrive_simulator/Data/UnitySubsystems/OculusXRPlugin) by extension 'python_setup_py'
[0.732s] Level 1:colcon.colcon_core.package_identification:_identify(autodrive_simulator/Data/UnitySubsystems/UnityOpenXR) by extensions ['ignore', 'ignore_ament_install']
[0.732s] Level 1:colcon.colcon_core.package_identification:_identify(autodrive_simulator/Data/UnitySubsystems/UnityOpenXR) by extension 'ignore'
[0.732s] Level 1:colcon.colcon_core.package_identification:_identify(autodrive_simulator/Data/UnitySubsystems/UnityOpenXR) by extension 'ignore_ament_install'
[0.732s] Level 1:colcon.colcon_core.package_identification:_identify(autodrive_simulator/Data/UnitySubsystems/UnityOpenXR) by extensions ['colcon_pkg']
[0.732s] Level 1:colcon.colcon_core.package_identification:_identify(autodrive_simulator/Data/UnitySubsystems/UnityOpenXR) by extension 'colcon_pkg'
[0.732s] Level 1:colcon.colcon_core.package_identification:_identify(autodrive_simulator/Data/UnitySubsystems/UnityOpenXR) by extensions ['colcon_meta']
[0.732s] Level 1:colcon.colcon_core.package_identification:_identify(autodrive_simulator/Data/UnitySubsystems/UnityOpenXR) by extension 'colcon_meta'
[0.732s] Level 1:colcon.colcon_core.package_identification:_identify(autodrive_simulator/Data/UnitySubsystems/UnityOpenXR) by extensions ['ros']
[0.732s] Level 1:colcon.colcon_core.package_identification:_identify(autodrive_simulator/Data/UnitySubsystems/UnityOpenXR) by extension 'ros'
[0.732s] Level 1:colcon.colcon_core.package_identification:_identify(autodrive_simulator/Data/UnitySubsystems/UnityOpenXR) by extensions ['cmake', 'python']
[0.732s] Level 1:colcon.colcon_core.package_identification:_identify(autodrive_simulator/Data/UnitySubsystems/UnityOpenXR) by extension 'cmake'
[0.732s] Level 1:colcon.colcon_core.package_identification:_identify(autodrive_simulator/Data/UnitySubsystems/UnityOpenXR) by extension 'python'
[0.733s] Level 1:colcon.colcon_core.package_identification:_identify(autodrive_simulator/Data/UnitySubsystems/UnityOpenXR) by extensions ['python_setup_py']
[0.733s] Level 1:colcon.colcon_core.package_identification:_identify(autodrive_simulator/Data/UnitySubsystems/UnityOpenXR) by extension 'python_setup_py'
[0.733s] Level 1:colcon.colcon_core.package_identification:_identify(autodrive_simulator/Data/il2cpp_data) by extensions ['ignore', 'ignore_ament_install']
[0.733s] Level 1:colcon.colcon_core.package_identification:_identify(autodrive_simulator/Data/il2cpp_data) by extension 'ignore'
[0.733s] Level 1:colcon.colcon_core.package_identification:_identify(autodrive_simulator/Data/il2cpp_data) by extension 'ignore_ament_install'
[0.733s] Level 1:colcon.colcon_core.package_identification:_identify(autodrive_simulator/Data/il2cpp_data) by extensions ['colcon_pkg']
[0.733s] Level 1:colcon.colcon_core.package_identification:_identify(autodrive_simulator/Data/il2cpp_data) by extension 'colcon_pkg'
[0.733s] Level 1:colcon.colcon_core.package_identification:_identify(autodrive_simulator/Data/il2cpp_data) by extensions ['colcon_meta']
[0.733s] Level 1:colcon.colcon_core.package_identification:_identify(autodrive_simulator/Data/il2cpp_data) by extension 'colcon_meta'
[0.733s] Level 1:colcon.colcon_core.package_identification:_identify(autodrive_simulator/Data/il2cpp_data) by extensions ['ros']
[0.733s] Level 1:colcon.colcon_core.package_identification:_identify(autodrive_simulator/Data/il2cpp_data) by extension 'ros'
[0.733s] Level 1:colcon.colcon_core.package_identification:_identify(autodrive_simulator/Data/il2cpp_data) by extensions ['cmake', 'python']
[0.733s] Level 1:colcon.colcon_core.package_identification:_identify(autodrive_simulator/Data/il2cpp_data) by extension 'cmake'
[0.733s] Level 1:colcon.colcon_core.package_identification:_identify(autodrive_simulator/Data/il2cpp_data) by extension 'python'
[0.733s] Level 1:colcon.colcon_core.package_identification:_identify(autodrive_simulator/Data/il2cpp_data) by extensions ['python_setup_py']
[0.734s] Level 1:colcon.colcon_core.package_identification:_identify(autodrive_simulator/Data/il2cpp_data) by extension 'python_setup_py'
[0.734s] Level 1:colcon.colcon_core.package_identification:_identify(autodrive_simulator/Data/il2cpp_data/Metadata) by extensions ['ignore', 'ignore_ament_install']
[0.734s] Level 1:colcon.colcon_core.package_identification:_identify(autodrive_simulator/Data/il2cpp_data/Metadata) by extension 'ignore'
[0.734s] Level 1:colcon.colcon_core.package_identification:_identify(autodrive_simulator/Data/il2cpp_data/Metadata) by extension 'ignore_ament_install'
[0.734s] Level 1:colcon.colcon_core.package_identification:_identify(autodrive_simulator/Data/il2cpp_data/Metadata) by extensions ['colcon_pkg']
[0.734s] Level 1:colcon.colcon_core.package_identification:_identify(autodrive_simulator/Data/il2cpp_data/Metadata) by extension 'colcon_pkg'
[0.734s] Level 1:colcon.colcon_core.package_identification:_identify(autodrive_simulator/Data/il2cpp_data/Metadata) by extensions ['colcon_meta']
[0.734s] Level 1:colcon.colcon_core.package_identification:_identify(autodrive_simulator/Data/il2cpp_data/Metadata) by extension 'colcon_meta'
[0.734s] Level 1:colcon.colcon_core.package_identification:_identify(autodrive_simulator/Data/il2cpp_data/Metadata) by extensions ['ros']
[0.734s] Level 1:colcon.colcon_core.package_identification:_identify(autodrive_simulator/Data/il2cpp_data/Metadata) by extension 'ros'
[0.734s] Level 1:colcon.colcon_core.package_identification:_identify(autodrive_simulator/Data/il2cpp_data/Metadata) by extensions ['cmake', 'python']
[0.734s] Level 1:colcon.colcon_core.package_identification:_identify(autodrive_simulator/Data/il2cpp_data/Metadata) by extension 'cmake'
[0.734s] Level 1:colcon.colcon_core.package_identification:_identify(autodrive_simulator/Data/il2cpp_data/Metadata) by extension 'python'
[0.734s] Level 1:colcon.colcon_core.package_identification:_identify(autodrive_simulator/Data/il2cpp_data/Metadata) by extensions ['python_setup_py']
[0.734s] Level 1:colcon.colcon_core.package_identification:_identify(autodrive_simulator/Data/il2cpp_data/Metadata) by extension 'python_setup_py'
[0.735s] Level 1:colcon.colcon_core.package_identification:_identify(autodrive_simulator/Data/il2cpp_data/Resources) by extensions ['ignore', 'ignore_ament_install']
[0.735s] Level 1:colcon.colcon_core.package_identification:_identify(autodrive_simulator/Data/il2cpp_data/Resources) by extension 'ignore'
[0.735s] Level 1:colcon.colcon_core.package_identification:_identify(autodrive_simulator/Data/il2cpp_data/Resources) by extension 'ignore_ament_install'
[0.735s] Level 1:colcon.colcon_core.package_identification:_identify(autodrive_simulator/Data/il2cpp_data/Resources) by extensions ['colcon_pkg']
[0.735s] Level 1:colcon.colcon_core.package_identification:_identify(autodrive_simulator/Data/il2cpp_data/Resources) by extension 'colcon_pkg'
[0.735s] Level 1:colcon.colcon_core.package_identification:_identify(autodrive_simulator/Data/il2cpp_data/Resources) by extensions ['colcon_meta']
[0.735s] Level 1:colcon.colcon_core.package_identification:_identify(autodrive_simulator/Data/il2cpp_data/Resources) by extension 'colcon_meta'
[0.735s] Level 1:colcon.colcon_core.package_identification:_identify(autodrive_simulator/Data/il2cpp_data/Resources) by extensions ['ros']
[0.735s] Level 1:colcon.colcon_core.package_identification:_identify(autodrive_simulator/Data/il2cpp_data/Resources) by extension 'ros'
[0.735s] Level 1:colcon.colcon_core.package_identification:_identify(autodrive_simulator/Data/il2cpp_data/Resources) by extensions ['cmake', 'python']
[0.735s] Level 1:colcon.colcon_core.package_identification:_identify(autodrive_simulator/Data/il2cpp_data/Resources) by extension 'cmake'
[0.735s] Level 1:colcon.colcon_core.package_identification:_identify(autodrive_simulator/Data/il2cpp_data/Resources) by extension 'python'
[0.735s] Level 1:colcon.colcon_core.package_identification:_identify(autodrive_simulator/Data/il2cpp_data/Resources) by extensions ['python_setup_py']
[0.735s] Level 1:colcon.colcon_core.package_identification:_identify(autodrive_simulator/Data/il2cpp_data/Resources) by extension 'python_setup_py'
[0.736s] Level 1:colcon.colcon_core.package_identification:_identify(build) by extensions ['ignore', 'ignore_ament_install']
[0.736s] Level 1:colcon.colcon_core.package_identification:_identify(build) by extension 'ignore'
[0.736s] Level 1:colcon.colcon_core.package_identification:_identify(build) ignored
[0.736s] Level 1:colcon.colcon_core.package_identification:_identify(devcontainer_backup) by extensions ['ignore', 'ignore_ament_install']
[0.736s] Level 1:colcon.colcon_core.package_identification:_identify(devcontainer_backup) by extension 'ignore'
[0.736s] Level 1:colcon.colcon_core.package_identification:_identify(devcontainer_backup) by extension 'ignore_ament_install'
[0.736s] Level 1:colcon.colcon_core.package_identification:_identify(devcontainer_backup) by extensions ['colcon_pkg']
[0.736s] Level 1:colcon.colcon_core.package_identification:_identify(devcontainer_backup) by extension 'colcon_pkg'
[0.736s] Level 1:colcon.colcon_core.package_identification:_identify(devcontainer_backup) by extensions ['colcon_meta']
[0.736s] Level 1:colcon.colcon_core.package_identification:_identify(devcontainer_backup) by extension 'colcon_meta'
[0.736s] Level 1:colcon.colcon_core.package_identification:_identify(devcontainer_backup) by extensions ['ros']
[0.736s] Level 1:colcon.colcon_core.package_identification:_identify(devcontainer_backup) by extension 'ros'
[0.737s] Level 1:colcon.colcon_core.package_identification:_identify(devcontainer_backup) by extensions ['cmake', 'python']
[0.737s] Level 1:colcon.colcon_core.package_identification:_identify(devcontainer_backup) by extension 'cmake'
[0.737s] Level 1:colcon.colcon_core.package_identification:_identify(devcontainer_backup) by extension 'python'
[0.737s] Level 1:colcon.colcon_core.package_identification:_identify(devcontainer_backup) by extensions ['python_setup_py']
[0.737s] Level 1:colcon.colcon_core.package_identification:_identify(devcontainer_backup) by extension 'python_setup_py'
[0.737s] Level 1:colcon.colcon_core.package_identification:_identify(foxglove) by extensions ['ignore', 'ignore_ament_install']
[0.737s] Level 1:colcon.colcon_core.package_identification:_identify(foxglove) by extension 'ignore'
[0.737s] Level 1:colcon.colcon_core.package_identification:_identify(foxglove) by extension 'ignore_ament_install'
[0.737s] Level 1:colcon.colcon_core.package_identification:_identify(foxglove) by extensions ['colcon_pkg']
[0.737s] Level 1:colcon.colcon_core.package_identification:_identify(foxglove) by extension 'colcon_pkg'
[0.737s] Level 1:colcon.colcon_core.package_identification:_identify(foxglove) by extensions ['colcon_meta']
[0.737s] Level 1:colcon.colcon_core.package_identification:_identify(foxglove) by extension 'colcon_meta'
[0.737s] Level 1:colcon.colcon_core.package_identification:_identify(foxglove) by extensions ['ros']
[0.737s] Level 1:colcon.colcon_core.package_identification:_identify(foxglove) by extension 'ros'
[0.738s] Level 1:colcon.colcon_core.package_identification:_identify(foxglove) by extensions ['cmake', 'python']
[0.738s] Level 1:colcon.colcon_core.package_identification:_identify(foxglove) by extension 'cmake'
[0.738s] Level 1:colcon.colcon_core.package_identification:_identify(foxglove) by extension 'python'
[0.738s] Level 1:colcon.colcon_core.package_identification:_identify(foxglove) by extensions ['python_setup_py']
[0.738s] Level 1:colcon.colcon_core.package_identification:_identify(foxglove) by extension 'python_setup_py'
[0.738s] Level 1:colcon.colcon_core.package_identification:_identify(graphics) by extensions ['ignore', 'ignore_ament_install']
[0.738s] Level 1:colcon.colcon_core.package_identification:_identify(graphics) by extension 'ignore'
[0.738s] Level 1:colcon.colcon_core.package_identification:_identify(graphics) by extension 'ignore_ament_install'
[0.739s] Level 1:colcon.colcon_core.package_identification:_identify(graphics) by extensions ['colcon_pkg']
[0.739s] Level 1:colcon.colcon_core.package_identification:_identify(graphics) by extension 'colcon_pkg'
[0.739s] Level 1:colcon.colcon_core.package_identification:_identify(graphics) by extensions ['colcon_meta']
[0.739s] Level 1:colcon.colcon_core.package_identification:_identify(graphics) by extension 'colcon_meta'
[0.739s] Level 1:colcon.colcon_core.package_identification:_identify(graphics) by extensions ['ros']
[0.739s] Level 1:colcon.colcon_core.package_identification:_identify(graphics) by extension 'ros'
[0.739s] Level 1:colcon.colcon_core.package_identification:_identify(graphics) by extensions ['cmake', 'python']
[0.739s] Level 1:colcon.colcon_core.package_identification:_identify(graphics) by extension 'cmake'
[0.739s] Level 1:colcon.colcon_core.package_identification:_identify(graphics) by extension 'python'
[0.739s] Level 1:colcon.colcon_core.package_identification:_identify(graphics) by extensions ['python_setup_py']
[0.739s] Level 1:colcon.colcon_core.package_identification:_identify(graphics) by extension 'python_setup_py'
[0.740s] Level 1:colcon.colcon_core.package_identification:_identify(graphics/Competition Banners) by extensions ['ignore', 'ignore_ament_install']
[0.740s] Level 1:colcon.colcon_core.package_identification:_identify(graphics/Competition Banners) by extension 'ignore'
[0.740s] Level 1:colcon.colcon_core.package_identification:_identify(graphics/Competition Banners) by extension 'ignore_ament_install'
[0.740s] Level 1:colcon.colcon_core.package_identification:_identify(graphics/Competition Banners) by extensions ['colcon_pkg']
[0.740s] Level 1:colcon.colcon_core.package_identification:_identify(graphics/Competition Banners) by extension 'colcon_pkg'
[0.740s] Level 1:colcon.colcon_core.package_identification:_identify(graphics/Competition Banners) by extensions ['colcon_meta']
[0.740s] Level 1:colcon.colcon_core.package_identification:_identify(graphics/Competition Banners) by extension 'colcon_meta'
[0.740s] Level 1:colcon.colcon_core.package_identification:_identify(graphics/Competition Banners) by extensions ['ros']
[0.740s] Level 1:colcon.colcon_core.package_identification:_identify(graphics/Competition Banners) by extension 'ros'
[0.741s] Level 1:colcon.colcon_core.package_identification:_identify(graphics/Competition Banners) by extensions ['cmake', 'python']
[0.741s] Level 1:colcon.colcon_core.package_identification:_identify(graphics/Competition Banners) by extension 'cmake'
[0.741s] Level 1:colcon.colcon_core.package_identification:_identify(graphics/Competition Banners) by extension 'python'
[0.741s] Level 1:colcon.colcon_core.package_identification:_identify(graphics/Competition Banners) by extensions ['python_setup_py']
[0.741s] Level 1:colcon.colcon_core.package_identification:_identify(graphics/Competition Banners) by extension 'python_setup_py'
[0.741s] Level 1:colcon.colcon_core.package_identification:_identify(graphics/Competition Framework) by extensions ['ignore', 'ignore_ament_install']
[0.741s] Level 1:colcon.colcon_core.package_identification:_identify(graphics/Competition Framework) by extension 'ignore'
[0.741s] Level 1:colcon.colcon_core.package_identification:_identify(graphics/Competition Framework) by extension 'ignore_ament_install'
[0.742s] Level 1:colcon.colcon_core.package_identification:_identify(graphics/Competition Framework) by extensions ['colcon_pkg']
[0.742s] Level 1:colcon.colcon_core.package_identification:_identify(graphics/Competition Framework) by extension 'colcon_pkg'
[0.742s] Level 1:colcon.colcon_core.package_identification:_identify(graphics/Competition Framework) by extensions ['colcon_meta']
[0.742s] Level 1:colcon.colcon_core.package_identification:_identify(graphics/Competition Framework) by extension 'colcon_meta'
[0.742s] Level 1:colcon.colcon_core.package_identification:_identify(graphics/Competition Framework) by extensions ['ros']
[0.742s] Level 1:colcon.colcon_core.package_identification:_identify(graphics/Competition Framework) by extension 'ros'
[0.742s] Level 1:colcon.colcon_core.package_identification:_identify(graphics/Competition Framework) by extensions ['cmake', 'python']
[0.742s] Level 1:colcon.colcon_core.package_identification:_identify(graphics/Competition Framework) by extension 'cmake'
[0.742s] Level 1:colcon.colcon_core.package_identification:_identify(graphics/Competition Framework) by extension 'python'
[0.742s] Level 1:colcon.colcon_core.package_identification:_identify(graphics/Competition Framework) by extensions ['python_setup_py']
[0.742s] Level 1:colcon.colcon_core.package_identification:_identify(graphics/Competition Framework) by extension 'python_setup_py'
[0.743s] Level 1:colcon.colcon_core.package_identification:_identify(install) by extensions ['ignore', 'ignore_ament_install']
[0.743s] Level 1:colcon.colcon_core.package_identification:_identify(install) by extension 'ignore'
[0.743s] Level 1:colcon.colcon_core.package_identification:_identify(install) ignored
[0.743s] Level 1:colcon.colcon_core.package_identification:_identify(log) by extensions ['ignore', 'ignore_ament_install']
[0.743s] Level 1:colcon.colcon_core.package_identification:_identify(log) by extension 'ignore'
[0.743s] Level 1:colcon.colcon_core.package_identification:_identify(log) ignored
[0.743s] Level 1:colcon.colcon_core.package_discovery:discover_packages(recursive) using defaults
[0.743s] Level 1:colcon.colcon_core.package_discovery:discover_packages(ignore) discover
[0.744s] Level 1:colcon.colcon_core.package_discovery:discover_packages(ignore) using defaults
[0.744s] Level 1:colcon.colcon_core.package_discovery:discover_packages(path) discover
[0.744s] Level 1:colcon.colcon_core.package_discovery:discover_packages(path) using defaults
[0.744s] WARNING:colcon.colcon_core.package_selection:ignoring unknown package 'autodrive_f1tenth_clutch' in --packages-select
[0.791s] INFO:colcon.colcon_core.package_selection:Skipping not selected package 'autodrive_f1tenth' in 'autodrive_devkit.old'
[0.791s] INFO:colcon.colcon_core.package_selection:Skipping not selected package 'autodrive_f1tenth' in 'autodrive_devkit_clutch'
[0.792s] INFO:colcon.colcon_core.executor:Executing jobs using 'parallel' executor
[0.794s] DEBUG:colcon.colcon_parallel_executor.executor.parallel:run_until_complete
[0.794s] DEBUG:colcon.colcon_parallel_executor.executor.parallel:closing loop
[0.794s] DEBUG:colcon.colcon_parallel_executor.executor.parallel:loop closed
[0.794s] DEBUG:colcon.colcon_parallel_executor.executor.parallel:run_until_complete finished with '0'
[0.794s] DEBUG:colcon.colcon_core.event_reactor:joining thread
[0.806s] INFO:colcon.colcon_core.plugin_system:Skipping extension 'colcon_notification.desktop_notification.notify_send': Could not find 'notify-send'
[0.806s] INFO:colcon.colcon_core.plugin_system:Skipping extension 'colcon_notification.desktop_notification.terminal_notifier': Not used on non-Darwin systems
[0.806s] INFO:colcon.colcon_core.plugin_system:Skipping extension 'colcon_notification.desktop_notification.win32': Not used on non-Windows systems
[0.806s] INFO:colcon.colcon_notification.desktop_notification:Sending desktop notification using 'notify2'
[0.811s] DEBUG:colcon.colcon_notification.desktop_notification.notify2:Failed to initialize notify2: org.freedesktop.DBus.Error.Spawn.ExecFailed: /usr/bin/dbus-launch terminated abnormally without any error message
[0.811s] DEBUG:colcon.colcon_core.event_reactor:joined thread
[0.818s] INFO:colcon.colcon_core.plugin_system:Skipping extension 'colcon_core.shell.bat': Not used on non-Windows systems
[0.819s] INFO:colcon.colcon_core.shell:Creating prefix script '/workspaces/F1Tenth/AutoDRIVE-F1TENTH-Sim-Racing-Devkit/install/local_setup.ps1'
[0.822s] INFO:colcon.colcon_core.shell:Creating prefix util module '/workspaces/F1Tenth/AutoDRIVE-F1TENTH-Sim-Racing-Devkit/install/_local_setup_util_ps1.py'
[0.825s] INFO:colcon.colcon_core.shell:Creating prefix chain script '/workspaces/F1Tenth/AutoDRIVE-F1TENTH-Sim-Racing-Devkit/install/setup.ps1'
[0.830s] INFO:colcon.colcon_core.shell:Creating prefix script '/workspaces/F1Tenth/AutoDRIVE-F1TENTH-Sim-Racing-Devkit/install/local_setup.sh'
[0.831s] INFO:colcon.colcon_core.shell:Creating prefix util module '/workspaces/F1Tenth/AutoDRIVE-F1TENTH-Sim-Racing-Devkit/install/_local_setup_util_sh.py'
[0.832s] INFO:colcon.colcon_core.shell:Creating prefix chain script '/workspaces/F1Tenth/AutoDRIVE-F1TENTH-Sim-Racing-Devkit/install/setup.sh'
[0.833s] INFO:colcon.colcon_core.shell:Creating prefix script '/workspaces/F1Tenth/AutoDRIVE-F1TENTH-Sim-Racing-Devkit/install/local_setup.bash'
[0.835s] INFO:colcon.colcon_core.shell:Creating prefix chain script '/workspaces/F1Tenth/AutoDRIVE-F1TENTH-Sim-Racing-Devkit/install/setup.bash'
[0.837s] INFO:colcon.colcon_core.shell:Creating prefix script '/workspaces/F1Tenth/AutoDRIVE-F1TENTH-Sim-Racing-Devkit/install/local_setup.zsh'
[0.839s] INFO:colcon.colcon_core.shell:Creating prefix chain script '/workspaces/F1Tenth/AutoDRIVE-F1TENTH-Sim-Racing-Devkit/install/setup.zsh'
