running develop
/usr/lib/python3/dist-packages/setuptools/command/easy_install.py:158: EasyInstallDeprecationWarning: easy_install command is deprecated. Use build and pip and other standards-based tools.
  warnings.warn(
running egg_info
creating my_robot_controller.egg-info
writing my_robot_controller.egg-info/PKG-INFO
writing dependency_links to my_robot_controller.egg-info/dependency_links.txt
writing entry points to my_robot_controller.egg-info/entry_points.txt
writing requirements to my_robot_controller.egg-info/requires.txt
writing top-level names to my_robot_controller.egg-info/top_level.txt
writing manifest file 'my_robot_controller.egg-info/SOURCES.txt'
reading manifest file 'my_robot_controller.egg-info/SOURCES.txt'
writing manifest file 'my_robot_controller.egg-info/SOURCES.txt'
running build_ext
Creating /workspaces/F1Tenth_Team_Clutch/CDC-2024-CLUTCH-DEVKIT/install/my_robot_controller/lib/python3.10/site-packages/my-robot-controller.egg-link (link to .)
Installing draw_circle script to /workspaces/F1Tenth_Team_Clutch/CDC-2024-CLUTCH-DEVKIT/install/my_robot_controller/lib/my_robot_controller
Installing drive_vehicle1 script to /workspaces/F1Tenth_Team_Clutch/CDC-2024-CLUTCH-DEVKIT/install/my_robot_controller/lib/my_robot_controller
Installing drive_vehicle2 script to /workspaces/F1Tenth_Team_Clutch/CDC-2024-CLUTCH-DEVKIT/install/my_robot_controller/lib/my_robot_controller
Installing test_node script to /workspaces/F1Tenth_Team_Clutch/CDC-2024-CLUTCH-DEVKIT/install/my_robot_controller/lib/my_robot_controller

Installed /workspaces/F1Tenth_Team_Clutch/CDC-2024-CLUTCH-DEVKIT/build/my_robot_controller
running symlink_data
creating /workspaces/F1Tenth_Team_Clutch/CDC-2024-CLUTCH-DEVKIT/install/my_robot_controller/share/ament_index
creating /workspaces/F1Tenth_Team_Clutch/CDC-2024-CLUTCH-DEVKIT/install/my_robot_controller/share/ament_index/resource_index
creating /workspaces/F1Tenth_Team_Clutch/CDC-2024-CLUTCH-DEVKIT/install/my_robot_controller/share/ament_index/resource_index/packages
symbolically linking /workspaces/F1Tenth_Team_Clutch/CDC-2024-CLUTCH-DEVKIT/build/my_robot_controller/resource/my_robot_controller -> /workspaces/F1Tenth_Team_Clutch/CDC-2024-CLUTCH-DEVKIT/install/my_robot_controller/share/ament_index/resource_index/packages
symbolically linking /workspaces/F1Tenth_Team_Clutch/CDC-2024-CLUTCH-DEVKIT/build/my_robot_controller/package.xml -> /workspaces/F1Tenth_Team_Clutch/CDC-2024-CLUTCH-DEVKIT/install/my_robot_controller/share/my_robot_controller
