[1.006s] Invoking command in '/workspaces/F1Tenth_Team_Clutch/CDC-2024-CLUTCH-DEVKIT/build/my_robot_controller': PYTHONPATH=/workspaces/F1Tenth_Team_Clutch/CDC-2024-CLUTCH-DEVKIT/build/my_robot_controller/prefix_override:/usr/lib/python3/dist-packages/colcon_core/task/python/colcon_distutils_commands:/workspaces/F1Tenth_Team_Clutch/CDC-2024-CLUTCH-DEVKIT/install/my_robot_controller/lib/python3.10/site-packages:${PYTHONPATH} /usr/bin/python3 -W ignore:setup.py install is deprecated setup.py develop --editable --build-directory /workspaces/F1Tenth_Team_Clutch/CDC-2024-CLUTCH-DEVKIT/build/my_robot_controller/build --no-deps symlink_data
[1.437s] running develop
[1.438s] /usr/lib/python3/dist-packages/setuptools/command/easy_install.py:158: EasyInstallDeprecationWarning: easy_install command is deprecated. Use build and pip and other standards-based tools.
[1.438s]   warnings.warn(
[1.674s] running egg_info
[1.674s] creating my_robot_controller.egg-info
[1.674s] writing my_robot_controller.egg-info/PKG-INFO
[1.674s] writing dependency_links to my_robot_controller.egg-info/dependency_links.txt
[1.675s] writing entry points to my_robot_controller.egg-info/entry_points.txt
[1.675s] writing requirements to my_robot_controller.egg-info/requires.txt
[1.675s] writing top-level names to my_robot_controller.egg-info/top_level.txt
[1.675s] writing manifest file 'my_robot_controller.egg-info/SOURCES.txt'
[1.677s] reading manifest file 'my_robot_controller.egg-info/SOURCES.txt'
[1.679s] writing manifest file 'my_robot_controller.egg-info/SOURCES.txt'
[1.681s] running build_ext
[1.682s] Creating /workspaces/F1Tenth_Team_Clutch/CDC-2024-CLUTCH-DEVKIT/install/my_robot_controller/lib/python3.10/site-packages/my-robot-controller.egg-link (link to .)
[1.683s] Installing draw_circle script to /workspaces/F1Tenth_Team_Clutch/CDC-2024-CLUTCH-DEVKIT/install/my_robot_controller/lib/my_robot_controller
[1.684s] Installing drive_vehicle1 script to /workspaces/F1Tenth_Team_Clutch/CDC-2024-CLUTCH-DEVKIT/install/my_robot_controller/lib/my_robot_controller
[1.684s] Installing drive_vehicle2 script to /workspaces/F1Tenth_Team_Clutch/CDC-2024-CLUTCH-DEVKIT/install/my_robot_controller/lib/my_robot_controller
[1.685s] Installing test_node script to /workspaces/F1Tenth_Team_Clutch/CDC-2024-CLUTCH-DEVKIT/install/my_robot_controller/lib/my_robot_controller
[1.685s] 
[1.685s] Installed /workspaces/F1Tenth_Team_Clutch/CDC-2024-CLUTCH-DEVKIT/build/my_robot_controller
[1.685s] running symlink_data
[1.685s] creating /workspaces/F1Tenth_Team_Clutch/CDC-2024-CLUTCH-DEVKIT/install/my_robot_controller/share/ament_index
[1.685s] creating /workspaces/F1Tenth_Team_Clutch/CDC-2024-CLUTCH-DEVKIT/install/my_robot_controller/share/ament_index/resource_index
[1.685s] creating /workspaces/F1Tenth_Team_Clutch/CDC-2024-CLUTCH-DEVKIT/install/my_robot_controller/share/ament_index/resource_index/packages
[1.686s] symbolically linking /workspaces/F1Tenth_Team_Clutch/CDC-2024-CLUTCH-DEVKIT/build/my_robot_controller/resource/my_robot_controller -> /workspaces/F1Tenth_Team_Clutch/CDC-2024-CLUTCH-DEVKIT/install/my_robot_controller/share/ament_index/resource_index/packages
[1.686s] symbolically linking /workspaces/F1Tenth_Team_Clutch/CDC-2024-CLUTCH-DEVKIT/build/my_robot_controller/package.xml -> /workspaces/F1Tenth_Team_Clutch/CDC-2024-CLUTCH-DEVKIT/install/my_robot_controller/share/my_robot_controller
[1.729s] Invoked command in '/workspaces/F1Tenth_Team_Clutch/CDC-2024-CLUTCH-DEVKIT/build/my_robot_controller' returned '0': PYTHONPATH=/workspaces/F1Tenth_Team_Clutch/CDC-2024-CLUTCH-DEVKIT/build/my_robot_controller/prefix_override:/usr/lib/python3/dist-packages/colcon_core/task/python/colcon_distutils_commands:/workspaces/F1Tenth_Team_Clutch/CDC-2024-CLUTCH-DEVKIT/install/my_robot_controller/lib/python3.10/site-packages:${PYTHONPATH} /usr/bin/python3 -W ignore:setup.py install is deprecated setup.py develop --editable --build-directory /workspaces/F1Tenth_Team_Clutch/CDC-2024-CLUTCH-DEVKIT/build/my_robot_controller/build --no-deps symlink_data
