/workspaces/F1Tenth_Team_Clutch/CDC-2024-FIRST/src/install/my_robot_controller/lib/python3.10/site-packages/my_robot_controller/ new_bridge.py
/workspaces/F1Tenth_Team_Clutch/CDC-2024-FIRST/src/install/my_robot_controller/lib/python3.10/site-packages/my_robot_controller/drive_vehicle1.py
/workspaces/F1Tenth_Team_Clutch/CDC-2024-FIRST/src/install/my_robot_controller/lib/python3.10/site-packages/my_robot_controller/draw_circle.py
/workspaces/F1Tenth_Team_Clutch/CDC-2024-FIRST/src/install/my_robot_controller/lib/python3.10/site-packages/my_robot_controller/drive_vehicle3.py
/workspaces/F1Tenth_Team_Clutch/CDC-2024-FIRST/src/install/my_robot_controller/lib/python3.10/site-packages/my_robot_controller/__init__.py
/workspaces/F1Tenth_Team_Clutch/CDC-2024-FIRST/src/install/my_robot_controller/lib/python3.10/site-packages/my_robot_controller/drive_vehicle2.py
/workspaces/F1Tenth_Team_Clutch/CDC-2024-FIRST/src/install/my_robot_controller/lib/python3.10/site-packages/my_robot_controller/my_subscriber_node copy.py
/workspaces/F1Tenth_Team_Clutch/CDC-2024-FIRST/src/install/my_robot_controller/lib/python3.10/site-packages/my_robot_controller/my_first_node.py
/workspaces/F1Tenth_Team_Clutch/CDC-2024-FIRST/src/install/my_robot_controller/lib/python3.10/site-packages/my_robot_controller/teleop_keyboard.py
/workspaces/F1Tenth_Team_Clutch/CDC-2024-FIRST/src/install/my_robot_controller/lib/python3.10/site-packages/my_robot_controller/my_subscriber_node.py
/workspaces/F1Tenth_Team_Clutch/CDC-2024-FIRST/src/install/my_robot_controller/lib/python3.10/site-packages/my_robot_controller/__pycache__/ new_bridge.cpython-310.pyc
/workspaces/F1Tenth_Team_Clutch/CDC-2024-FIRST/src/install/my_robot_controller/lib/python3.10/site-packages/my_robot_controller/__pycache__/drive_vehicle1.cpython-310.pyc
/workspaces/F1Tenth_Team_Clutch/CDC-2024-FIRST/src/install/my_robot_controller/lib/python3.10/site-packages/my_robot_controller/__pycache__/draw_circle.cpython-310.pyc
/workspaces/F1Tenth_Team_Clutch/CDC-2024-FIRST/src/install/my_robot_controller/lib/python3.10/site-packages/my_robot_controller/__pycache__/drive_vehicle3.cpython-310.pyc
/workspaces/F1Tenth_Team_Clutch/CDC-2024-FIRST/src/install/my_robot_controller/lib/python3.10/site-packages/my_robot_controller/__pycache__/__init__.cpython-310.pyc
/workspaces/F1Tenth_Team_Clutch/CDC-2024-FIRST/src/install/my_robot_controller/lib/python3.10/site-packages/my_robot_controller/__pycache__/drive_vehicle2.cpython-310.pyc
/workspaces/F1Tenth_Team_Clutch/CDC-2024-FIRST/src/install/my_robot_controller/lib/python3.10/site-packages/my_robot_controller/__pycache__/my_subscriber_node copy.cpython-310.pyc
/workspaces/F1Tenth_Team_Clutch/CDC-2024-FIRST/src/install/my_robot_controller/lib/python3.10/site-packages/my_robot_controller/__pycache__/my_first_node.cpython-310.pyc
/workspaces/F1Tenth_Team_Clutch/CDC-2024-FIRST/src/install/my_robot_controller/lib/python3.10/site-packages/my_robot_controller/__pycache__/teleop_keyboard.cpython-310.pyc
/workspaces/F1Tenth_Team_Clutch/CDC-2024-FIRST/src/install/my_robot_controller/lib/python3.10/site-packages/my_robot_controller/__pycache__/my_subscriber_node.cpython-310.pyc
/workspaces/F1Tenth_Team_Clutch/CDC-2024-FIRST/src/install/my_robot_controller/share/ament_index/resource_index/packages/my_robot_controller
/workspaces/F1Tenth_Team_Clutch/CDC-2024-FIRST/src/install/my_robot_controller/share/my_robot_controller/package.xml
/workspaces/F1Tenth_Team_Clutch/CDC-2024-FIRST/src/install/my_robot_controller/lib/python3.10/site-packages/my_robot_controller-0.0.0-py3.10.egg-info/PKG-INFO
/workspaces/F1Tenth_Team_Clutch/CDC-2024-FIRST/src/install/my_robot_controller/lib/python3.10/site-packages/my_robot_controller-0.0.0-py3.10.egg-info/top_level.txt
/workspaces/F1Tenth_Team_Clutch/CDC-2024-FIRST/src/install/my_robot_controller/lib/python3.10/site-packages/my_robot_controller-0.0.0-py3.10.egg-info/SOURCES.txt
/workspaces/F1Tenth_Team_Clutch/CDC-2024-FIRST/src/install/my_robot_controller/lib/python3.10/site-packages/my_robot_controller-0.0.0-py3.10.egg-info/requires.txt
/workspaces/F1Tenth_Team_Clutch/CDC-2024-FIRST/src/install/my_robot_controller/lib/python3.10/site-packages/my_robot_controller-0.0.0-py3.10.egg-info/entry_points.txt
/workspaces/F1Tenth_Team_Clutch/CDC-2024-FIRST/src/install/my_robot_controller/lib/python3.10/site-packages/my_robot_controller-0.0.0-py3.10.egg-info/zip-safe
/workspaces/F1Tenth_Team_Clutch/CDC-2024-FIRST/src/install/my_robot_controller/lib/python3.10/site-packages/my_robot_controller-0.0.0-py3.10.egg-info/dependency_links.txt
/workspaces/F1Tenth_Team_Clutch/CDC-2024-FIRST/src/install/my_robot_controller/lib/my_robot_controller/draw_circle
/workspaces/F1Tenth_Team_Clutch/CDC-2024-FIRST/src/install/my_robot_controller/lib/my_robot_controller/drive_vehicle1
/workspaces/F1Tenth_Team_Clutch/CDC-2024-FIRST/src/install/my_robot_controller/lib/my_robot_controller/drive_vehicle2
/workspaces/F1Tenth_Team_Clutch/CDC-2024-FIRST/src/install/my_robot_controller/lib/my_robot_controller/drive_vehicle3
/workspaces/F1Tenth_Team_Clutch/CDC-2024-FIRST/src/install/my_robot_controller/lib/my_robot_controller/my_subscriber_node
/workspaces/F1Tenth_Team_Clutch/CDC-2024-FIRST/src/install/my_robot_controller/lib/my_robot_controller/new_bridge
/workspaces/F1Tenth_Team_Clutch/CDC-2024-FIRST/src/install/my_robot_controller/lib/my_robot_controller/test_node
