[1.190s] Invoking command in '/workspaces/F1Tenth_Team_Clutch/CDC-2024-CLUTCH-DEVKIT/build/my_robot_controller': PYTHONPATH=/workspaces/F1Tenth_Team_Clutch/CDC-2024-CLUTCH-DEVKIT/build/my_robot_controller/prefix_override:/usr/lib/python3/dist-packages/colcon_core/task/python/colcon_distutils_commands:/workspaces/F1Tenth_Team_Clutch/CDC-2024-CLUTCH-DEVKIT/install/my_robot_controller/lib/python3.10/site-packages:${PYTHONPATH} /usr/bin/python3 -W ignore:setup.py install is deprecated setup.py develop --editable --build-directory /workspaces/F1Tenth_Team_Clutch/CDC-2024-CLUTCH-DEVKIT/build/my_robot_controller/build --no-deps symlink_data
[1.702s] running develop
[1.703s] /usr/lib/python3/dist-packages/setuptools/command/easy_install.py:158: EasyInstallDeprecationWarning: easy_install command is deprecated. Use build and pip and other standards-based tools.
[1.703s]   warnings.warn(
[1.988s] running egg_info
[1.988s] writing my_robot_controller.egg-info/PKG-INFO
[1.989s] writing dependency_links to my_robot_controller.egg-info/dependency_links.txt
[1.990s] writing entry points to my_robot_controller.egg-info/entry_points.txt
[1.990s] writing requirements to my_robot_controller.egg-info/requires.txt
[1.990s] writing top-level names to my_robot_controller.egg-info/top_level.txt
[1.993s] reading manifest file 'my_robot_controller.egg-info/SOURCES.txt'
[1.994s] writing manifest file 'my_robot_controller.egg-info/SOURCES.txt'
[1.997s] running build_ext
[1.997s] Creating /workspaces/F1Tenth_Team_Clutch/CDC-2024-CLUTCH-DEVKIT/install/my_robot_controller/lib/python3.10/site-packages/my-robot-controller.egg-link (link to .)
[1.999s] Installing draw_circle script to /workspaces/F1Tenth_Team_Clutch/CDC-2024-CLUTCH-DEVKIT/install/my_robot_controller/lib/my_robot_controller
[2.000s] Installing drive_vehicle1 script to /workspaces/F1Tenth_Team_Clutch/CDC-2024-CLUTCH-DEVKIT/install/my_robot_controller/lib/my_robot_controller
[2.001s] Installing drive_vehicle2 script to /workspaces/F1Tenth_Team_Clutch/CDC-2024-CLUTCH-DEVKIT/install/my_robot_controller/lib/my_robot_controller
[2.001s] Installing drive_vehicle3 script to /workspaces/F1Tenth_Team_Clutch/CDC-2024-CLUTCH-DEVKIT/install/my_robot_controller/lib/my_robot_controller
[2.001s] Installing my_subscriber_node script to /workspaces/F1Tenth_Team_Clutch/CDC-2024-CLUTCH-DEVKIT/install/my_robot_controller/lib/my_robot_controller
[2.001s] Installing new_bridge script to /workspaces/F1Tenth_Team_Clutch/CDC-2024-CLUTCH-DEVKIT/install/my_robot_controller/lib/my_robot_controller
[2.001s] Installing test_node script to /workspaces/F1Tenth_Team_Clutch/CDC-2024-CLUTCH-DEVKIT/install/my_robot_controller/lib/my_robot_controller
[2.001s] 
[2.001s] Installed /workspaces/F1Tenth_Team_Clutch/CDC-2024-CLUTCH-DEVKIT/build/my_robot_controller
[2.002s] running symlink_data
[2.050s] Invoked command in '/workspaces/F1Tenth_Team_Clutch/CDC-2024-CLUTCH-DEVKIT/build/my_robot_controller' returned '0': PYTHONPATH=/workspaces/F1Tenth_Team_Clutch/CDC-2024-CLUTCH-DEVKIT/build/my_robot_controller/prefix_override:/usr/lib/python3/dist-packages/colcon_core/task/python/colcon_distutils_commands:/workspaces/F1Tenth_Team_Clutch/CDC-2024-CLUTCH-DEVKIT/install/my_robot_controller/lib/python3.10/site-packages:${PYTHONPATH} /usr/bin/python3 -W ignore:setup.py install is deprecated setup.py develop --editable --build-directory /workspaces/F1Tenth_Team_Clutch/CDC-2024-CLUTCH-DEVKIT/build/my_robot_controller/build --no-deps symlink_data
